
*** Running vivado
    with args -log soc_npu_wrapper.vdi -applog -m64 -product Vivado -messageDb vivado.pb -mode batch -source soc_npu_wrapper.tcl -notrace


****** Vivado v2024.2 (64-bit)
  **** SW Build 5239630 on Fri Nov 08 22:34:34 MST 2024
  **** IP Build 5239520 on Sun Nov 10 16:12:51 MST 2024
  **** SharedData Build 5239561 on Fri Nov 08 14:39:27 MST 2024
  **** Start of session at: Wed Mar 18 13:26:29 2026
    ** Copyright 1986-2022 Xilinx, Inc. All Rights Reserved.
    ** Copyright 2022-2024 Advanced Micro Devices, Inc. All Rights Reserved.

Sourcing tcl script '/home/jaehyeok95/.Xilinx/Vivado/Vivado_init.tcl'
source soc_npu_wrapper.tcl -notrace
INFO: [IP_Flow 19-234] Refreshing IP repositories
INFO: [IP_Flow 19-1700] Loaded user IP repository '/home/jaehyeok95/ip_repo/myip_npu_OCR_1_0'.
INFO: [IP_Flow 19-2313] Loaded Vivado IP repository '/home/jaehyeok95/Xilinx/Vivado/2024.2/data/ip'.
Command: link_design -top soc_npu_wrapper -part xc7z020clg400-1
Design is defaulting to srcset: sources_1
Design is defaulting to constrset: constrs_1
INFO: [Device 21-403] Loading part xc7z020clg400-1
INFO: [Project 1-454] Reading design checkpoint '/home/jaehyeok95/team_project_npu/team_project_npu.gen/sources_1/bd/soc_npu/ip/soc_npu_axi_dma_0_1/soc_npu_axi_dma_0_1.dcp' for cell 'soc_npu_i/axi_dma_0'
INFO: [Project 1-454] Reading design checkpoint '/home/jaehyeok95/team_project_npu/team_project_npu.gen/sources_1/bd/soc_npu/ip/soc_npu_axi_smc_1/soc_npu_axi_smc_1.dcp' for cell 'soc_npu_i/axi_smc'
INFO: [Project 1-454] Reading design checkpoint '/home/jaehyeok95/team_project_npu/team_project_npu.gen/sources_1/bd/soc_npu/ip/soc_npu_myip_npu_OCR_0_1/soc_npu_myip_npu_OCR_0_1.dcp' for cell 'soc_npu_i/myip_npu_OCR_0'
INFO: [Project 1-454] Reading design checkpoint '/home/jaehyeok95/team_project_npu/team_project_npu.gen/sources_1/bd/soc_npu/ip/soc_npu_processing_system7_0_1/soc_npu_processing_system7_0_1.dcp' for cell 'soc_npu_i/processing_system7_0'
INFO: [Project 1-454] Reading design checkpoint '/home/jaehyeok95/team_project_npu/team_project_npu.gen/sources_1/bd/soc_npu/ip/soc_npu_rst_ps7_0_50M_1/soc_npu_rst_ps7_0_50M_1.dcp' for cell 'soc_npu_i/rst_ps7_0_50M'
INFO: [Project 1-454] Reading design checkpoint '/home/jaehyeok95/team_project_npu/team_project_npu.gen/sources_1/bd/soc_npu/ip/soc_npu_axi_mem_intercon_imp_xbar_0/soc_npu_axi_mem_intercon_imp_xbar_0.dcp' for cell 'soc_npu_i/axi_mem_intercon/xbar'
INFO: [Project 1-454] Reading design checkpoint '/home/jaehyeok95/team_project_npu/team_project_npu.gen/sources_1/bd/soc_npu/ip/soc_npu_axi_mem_intercon_imp_auto_pc_0/soc_npu_axi_mem_intercon_imp_auto_pc_0.dcp' for cell 'soc_npu_i/axi_mem_intercon/m00_couplers/auto_pc'
INFO: [Project 1-454] Reading design checkpoint '/home/jaehyeok95/team_project_npu/team_project_npu.gen/sources_1/bd/soc_npu/ip/soc_npu_axi_mem_intercon_imp_auto_us_0/soc_npu_axi_mem_intercon_imp_auto_us_0.dcp' for cell 'soc_npu_i/axi_mem_intercon/s00_couplers/auto_us'
Netlist sorting complete. Time (s): cpu = 00:00:00.22 ; elapsed = 00:00:00.23 . Memory (MB): peak = 1633.375 ; gain = 0.000 ; free physical = 251 ; free virtual = 4111
INFO: [Netlist 29-17] Analyzing 4926 Unisim elements for replacement
INFO: [Netlist 29-28] Unisim Transformation completed in 0 CPU seconds
INFO: [Project 1-479] Netlist was created with Vivado 2024.2
INFO: [Project 1-570] Preparing netlist for logic optimization
Parsing XDC File [/home/jaehyeok95/team_project_npu/team_project_npu.gen/sources_1/bd/soc_npu/ip/soc_npu_processing_system7_0_1/soc_npu_processing_system7_0_1.xdc] for cell 'soc_npu_i/processing_system7_0/inst'
Finished Parsing XDC File [/home/jaehyeok95/team_project_npu/team_project_npu.gen/sources_1/bd/soc_npu/ip/soc_npu_processing_system7_0_1/soc_npu_processing_system7_0_1.xdc] for cell 'soc_npu_i/processing_system7_0/inst'
Parsing XDC File [/home/jaehyeok95/team_project_npu/team_project_npu.gen/sources_1/bd/soc_npu/ip/soc_npu_axi_dma_0_1/soc_npu_axi_dma_0_1.xdc] for cell 'soc_npu_i/axi_dma_0/U0'
WARNING: [Vivado_Tcl 4-921] Waiver ID 'CDC-1' -to list should not be empty. [/home/jaehyeok95/team_project_npu/team_project_npu.gen/sources_1/bd/soc_npu/ip/soc_npu_axi_dma_0_1/soc_npu_axi_dma_0_1.xdc:52]
WARNING: [Vivado_Tcl 4-921] Waiver ID 'CDC-1' -to list should not be empty. [/home/jaehyeok95/team_project_npu/team_project_npu.gen/sources_1/bd/soc_npu/ip/soc_npu_axi_dma_0_1/soc_npu_axi_dma_0_1.xdc:56]
WARNING: [Vivado_Tcl 4-919] Waiver ID 'CDC-1' -from list should not be empty. [/home/jaehyeok95/team_project_npu/team_project_npu.gen/sources_1/bd/soc_npu/ip/soc_npu_axi_dma_0_1/soc_npu_axi_dma_0_1.xdc:61]
Finished Parsing XDC File [/home/jaehyeok95/team_project_npu/team_project_npu.gen/sources_1/bd/soc_npu/ip/soc_npu_axi_dma_0_1/soc_npu_axi_dma_0_1.xdc] for cell 'soc_npu_i/axi_dma_0/U0'
Parsing XDC File [/home/jaehyeok95/team_project_npu/team_project_npu.gen/sources_1/bd/soc_npu/ip/soc_npu_axi_smc_1/bd_0/ip/ip_1/bd_48dd_psr_aclk_0_board.xdc] for cell 'soc_npu_i/axi_smc/inst/clk_map/psr_aclk/U0'
Finished Parsing XDC File [/home/jaehyeok95/team_project_npu/team_project_npu.gen/sources_1/bd/soc_npu/ip/soc_npu_axi_smc_1/bd_0/ip/ip_1/bd_48dd_psr_aclk_0_board.xdc] for cell 'soc_npu_i/axi_smc/inst/clk_map/psr_aclk/U0'
Parsing XDC File [/home/jaehyeok95/team_project_npu/team_project_npu.gen/sources_1/bd/soc_npu/ip/soc_npu_axi_smc_1/bd_0/ip/ip_1/bd_48dd_psr_aclk_0.xdc] for cell 'soc_npu_i/axi_smc/inst/clk_map/psr_aclk/U0'
Finished Parsing XDC File [/home/jaehyeok95/team_project_npu/team_project_npu.gen/sources_1/bd/soc_npu/ip/soc_npu_axi_smc_1/bd_0/ip/ip_1/bd_48dd_psr_aclk_0.xdc] for cell 'soc_npu_i/axi_smc/inst/clk_map/psr_aclk/U0'
Parsing XDC File [/home/jaehyeok95/team_project_npu/team_project_npu.gen/sources_1/bd/soc_npu/ip/soc_npu_axi_smc_1/smartconnect.xdc] for cell 'soc_npu_i/axi_smc/inst'
Finished Parsing XDC File [/home/jaehyeok95/team_project_npu/team_project_npu.gen/sources_1/bd/soc_npu/ip/soc_npu_axi_smc_1/smartconnect.xdc] for cell 'soc_npu_i/axi_smc/inst'
Parsing XDC File [/home/jaehyeok95/team_project_npu/team_project_npu.gen/sources_1/bd/soc_npu/ip/soc_npu_rst_ps7_0_50M_1/soc_npu_rst_ps7_0_50M_1_board.xdc] for cell 'soc_npu_i/rst_ps7_0_50M/U0'
Finished Parsing XDC File [/home/jaehyeok95/team_project_npu/team_project_npu.gen/sources_1/bd/soc_npu/ip/soc_npu_rst_ps7_0_50M_1/soc_npu_rst_ps7_0_50M_1_board.xdc] for cell 'soc_npu_i/rst_ps7_0_50M/U0'
Parsing XDC File [/home/jaehyeok95/team_project_npu/team_project_npu.gen/sources_1/bd/soc_npu/ip/soc_npu_rst_ps7_0_50M_1/soc_npu_rst_ps7_0_50M_1.xdc] for cell 'soc_npu_i/rst_ps7_0_50M/U0'
Finished Parsing XDC File [/home/jaehyeok95/team_project_npu/team_project_npu.gen/sources_1/bd/soc_npu/ip/soc_npu_rst_ps7_0_50M_1/soc_npu_rst_ps7_0_50M_1.xdc] for cell 'soc_npu_i/rst_ps7_0_50M/U0'
Parsing XDC File [/home/jaehyeok95/team_project_npu/team_project_npu.gen/sources_1/bd/soc_npu/ip/soc_npu_axi_dma_0_1/soc_npu_axi_dma_0_1_clocks.xdc] for cell 'soc_npu_i/axi_dma_0/U0'
Finished Parsing XDC File [/home/jaehyeok95/team_project_npu/team_project_npu.gen/sources_1/bd/soc_npu/ip/soc_npu_axi_dma_0_1/soc_npu_axi_dma_0_1_clocks.xdc] for cell 'soc_npu_i/axi_dma_0/U0'
Parsing XDC File [/home/jaehyeok95/team_project_npu/team_project_npu.gen/sources_1/bd/soc_npu/ip/soc_npu_axi_mem_intercon_imp_auto_us_0/soc_npu_axi_mem_intercon_imp_auto_us_0_clocks.xdc] for cell 'soc_npu_i/axi_mem_intercon/s00_couplers/auto_us/inst'
WARNING: [Vivado_Tcl 4-921] Waiver ID 'CDC-1' -to list should not be empty. [/home/jaehyeok95/team_project_npu/team_project_npu.gen/sources_1/bd/soc_npu/ip/soc_npu_axi_mem_intercon_imp_auto_us_0/soc_npu_axi_mem_intercon_imp_auto_us_0_clocks.xdc:9]
WARNING: [Vivado_Tcl 4-921] Waiver ID 'CDC-1' -to list should not be empty. [/home/jaehyeok95/team_project_npu/team_project_npu.gen/sources_1/bd/soc_npu/ip/soc_npu_axi_mem_intercon_imp_auto_us_0/soc_npu_axi_mem_intercon_imp_auto_us_0_clocks.xdc:12]
WARNING: [Vivado_Tcl 4-921] Waiver ID 'CDC-1' -to list should not be empty. [/home/jaehyeok95/team_project_npu/team_project_npu.gen/sources_1/bd/soc_npu/ip/soc_npu_axi_mem_intercon_imp_auto_us_0/soc_npu_axi_mem_intercon_imp_auto_us_0_clocks.xdc:15]
WARNING: [Vivado_Tcl 4-921] Waiver ID 'CDC-1' -to list should not be empty. [/home/jaehyeok95/team_project_npu/team_project_npu.gen/sources_1/bd/soc_npu/ip/soc_npu_axi_mem_intercon_imp_auto_us_0/soc_npu_axi_mem_intercon_imp_auto_us_0_clocks.xdc:18]
WARNING: [Vivado_Tcl 4-921] Waiver ID 'CDC-1' -to list should not be empty. [/home/jaehyeok95/team_project_npu/team_project_npu.gen/sources_1/bd/soc_npu/ip/soc_npu_axi_mem_intercon_imp_auto_us_0/soc_npu_axi_mem_intercon_imp_auto_us_0_clocks.xdc:21]
WARNING: [Vivado_Tcl 4-921] Waiver ID 'CDC-1' -to list should not be empty. [/home/jaehyeok95/team_project_npu/team_project_npu.gen/sources_1/bd/soc_npu/ip/soc_npu_axi_mem_intercon_imp_auto_us_0/soc_npu_axi_mem_intercon_imp_auto_us_0_clocks.xdc:24]
WARNING: [Vivado_Tcl 4-921] Waiver ID 'CDC-1' -to list should not be empty. [/home/jaehyeok95/team_project_npu/team_project_npu.gen/sources_1/bd/soc_npu/ip/soc_npu_axi_mem_intercon_imp_auto_us_0/soc_npu_axi_mem_intercon_imp_auto_us_0_clocks.xdc:27]
WARNING: [Vivado_Tcl 4-921] Waiver ID 'CDC-1' -to list should not be empty. [/home/jaehyeok95/team_project_npu/team_project_npu.gen/sources_1/bd/soc_npu/ip/soc_npu_axi_mem_intercon_imp_auto_us_0/soc_npu_axi_mem_intercon_imp_auto_us_0_clocks.xdc:33]
WARNING: [Vivado_Tcl 4-921] Waiver ID 'CDC-1' -to list should not be empty. [/home/jaehyeok95/team_project_npu/team_project_npu.gen/sources_1/bd/soc_npu/ip/soc_npu_axi_mem_intercon_imp_auto_us_0/soc_npu_axi_mem_intercon_imp_auto_us_0_clocks.xdc:36]
WARNING: [Vivado_Tcl 4-921] Waiver ID 'CDC-10' -to list should not be empty. [/home/jaehyeok95/team_project_npu/team_project_npu.gen/sources_1/bd/soc_npu/ip/soc_npu_axi_mem_intercon_imp_auto_us_0/soc_npu_axi_mem_intercon_imp_auto_us_0_clocks.xdc:39]
WARNING: [Vivado_Tcl 4-921] Waiver ID 'CDC-10' -to list should not be empty. [/home/jaehyeok95/team_project_npu/team_project_npu.gen/sources_1/bd/soc_npu/ip/soc_npu_axi_mem_intercon_imp_auto_us_0/soc_npu_axi_mem_intercon_imp_auto_us_0_clocks.xdc:42]
WARNING: [Vivado_Tcl 4-921] Waiver ID 'CDC-10' -to list should not be empty. [/home/jaehyeok95/team_project_npu/team_project_npu.gen/sources_1/bd/soc_npu/ip/soc_npu_axi_mem_intercon_imp_auto_us_0/soc_npu_axi_mem_intercon_imp_auto_us_0_clocks.xdc:45]
WARNING: [Vivado_Tcl 4-921] Waiver ID 'CDC-2' -to list should not be empty. [/home/jaehyeok95/team_project_npu/team_project_npu.gen/sources_1/bd/soc_npu/ip/soc_npu_axi_mem_intercon_imp_auto_us_0/soc_npu_axi_mem_intercon_imp_auto_us_0_clocks.xdc:48]
WARNING: [Vivado_Tcl 4-921] Waiver ID 'CDC-11' -to list should not be empty. [/home/jaehyeok95/team_project_npu/team_project_npu.gen/sources_1/bd/soc_npu/ip/soc_npu_axi_mem_intercon_imp_auto_us_0/soc_npu_axi_mem_intercon_imp_auto_us_0_clocks.xdc:51]
WARNING: [Vivado_Tcl 4-921] Waiver ID 'CDC-11' -to list should not be empty. [/home/jaehyeok95/team_project_npu/team_project_npu.gen/sources_1/bd/soc_npu/ip/soc_npu_axi_mem_intercon_imp_auto_us_0/soc_npu_axi_mem_intercon_imp_auto_us_0_clocks.xdc:54]
Finished Parsing XDC File [/home/jaehyeok95/team_project_npu/team_project_npu.gen/sources_1/bd/soc_npu/ip/soc_npu_axi_mem_intercon_imp_auto_us_0/soc_npu_axi_mem_intercon_imp_auto_us_0_clocks.xdc] for cell 'soc_npu_i/axi_mem_intercon/s00_couplers/auto_us/inst'
INFO: [Project 1-1714] 49 XPM XDC files have been applied to the design.
INFO: [Opt 31-138] Pushed 0 inverter(s) to 0 load pin(s).
INFO: [Project 1-1687] 15 scoped IP constraints or related sub-commands were skipped due to synthesis logic optimizations usually triggered by constant connectivity or unconnected output pins. To review the skipped constraints and messages, run the command 'set_param netlist.IPMsgFiltering false' before opening the design.
Netlist sorting complete. Time (s): cpu = 00:00:00.01 ; elapsed = 00:00:00.01 . Memory (MB): peak = 2478.793 ; gain = 0.000 ; free physical = 131 ; free virtual = 1827
INFO: [Project 1-111] Unisim Transformation Summary:
  A total of 1627 instances were transformed.
  RAM32M => RAM32M (RAMD32(x6), RAMS32(x2)): 2 instances
  RAM32X1D => RAM32X1D (RAMD32(x2)): 1 instance 
  RAM64M => RAM64M (RAMD64E(x4)): 1624 instances

20 Infos, 18 Warnings, 0 Critical Warnings and 0 Errors encountered.
link_design completed successfully
link_design: Time (s): cpu = 00:00:23 ; elapsed = 00:00:23 . Memory (MB): peak = 2478.793 ; gain = 1049.004 ; free physical = 125 ; free virtual = 1788
Command: opt_design
Attempting to get a license for feature 'Implementation' and/or device 'xc7z020'
INFO: [Common 17-349] Got license for feature 'Implementation' and/or device 'xc7z020'
Running DRC as a precondition to command opt_design

Starting DRC Task
INFO: [DRC 23-27] Running DRC with 8 threads
INFO: [Project 1-461] DRC finished with 0 Errors
INFO: [Project 1-462] Please refer to the DRC report (report_drc) for more information.

Time (s): cpu = 00:00:02 ; elapsed = 00:00:01 . Memory (MB): peak = 2478.793 ; gain = 0.000 ; free physical = 160 ; free virtual = 1415

Starting Cache Timing Information Task
INFO: [Timing 38-35] Done setting XDC timing constraints.
Ending Cache Timing Information Task | Checksum: 1222e0a8f

Time (s): cpu = 00:00:03 ; elapsed = 00:00:02 . Memory (MB): peak = 2478.793 ; gain = 0.000 ; free physical = 405 ; free virtual = 1760

Starting Logic Optimization Task

Phase 1 Initialization

Phase 1.1 Core Generation And Design Setup
Phase 1.1 Core Generation And Design Setup | Checksum: 1222e0a8f

Time (s): cpu = 00:00:00.04 ; elapsed = 00:00:00.04 . Memory (MB): peak = 2783.691 ; gain = 0.000 ; free physical = 1437 ; free virtual = 2834

Phase 1.2 Setup Constraints And Sort Netlist
Phase 1.2 Setup Constraints And Sort Netlist | Checksum: 1222e0a8f

Time (s): cpu = 00:00:00.06 ; elapsed = 00:00:00.06 . Memory (MB): peak = 2783.691 ; gain = 0.000 ; free physical = 1437 ; free virtual = 2834
Phase 1 Initialization | Checksum: 1222e0a8f

Time (s): cpu = 00:00:00.07 ; elapsed = 00:00:00.07 . Memory (MB): peak = 2783.691 ; gain = 0.000 ; free physical = 1437 ; free virtual = 2835

Phase 2 Timer Update And Timing Data Collection

Phase 2.1 Timer Update
Phase 2.1 Timer Update | Checksum: 1222e0a8f

Time (s): cpu = 00:00:03 ; elapsed = 00:00:00.83 . Memory (MB): peak = 2783.691 ; gain = 0.000 ; free physical = 1240 ; free virtual = 2687

Phase 2.2 Timing Data Collection
Phase 2.2 Timing Data Collection | Checksum: 1222e0a8f

Time (s): cpu = 00:00:03 ; elapsed = 00:00:00.91 . Memory (MB): peak = 2783.691 ; gain = 0.000 ; free physical = 1187 ; free virtual = 2650
Phase 2 Timer Update And Timing Data Collection | Checksum: 1222e0a8f

Time (s): cpu = 00:00:03 ; elapsed = 00:00:00.92 . Memory (MB): peak = 2783.691 ; gain = 0.000 ; free physical = 1186 ; free virtual = 2650

Phase 3 Retarget
INFO: [Opt 31-1851] Number of loadless carry chains removed were: 0
INFO: [Opt 31-1834] Total Chains To Be Transformed Were: 0 AND Number of Transformed insts Created are: 0
INFO: [Opt 31-1566] Pulled 9 inverters resulting in an inversion of 45 pins
INFO: [Opt 31-138] Pushed 6 inverter(s) to 20 load pin(s).
INFO: [Opt 31-49] Retargeted 0 cell(s).
Phase 3 Retarget | Checksum: 16c4915e9

Time (s): cpu = 00:00:04 ; elapsed = 00:00:02 . Memory (MB): peak = 2783.691 ; gain = 0.000 ; free physical = 673 ; free virtual = 2299
Retarget | Checksum: 16c4915e9
INFO: [Opt 31-389] Phase Retarget created 90 cells and removed 145 cells
INFO: [Opt 31-1021] In phase Retarget, 107 netlist objects are constrained preventing optimization. Please run opt_design with -debug_log to get more detail. 

Phase 4 Constant propagation
INFO: [Opt 31-138] Pushed 4 inverter(s) to 7 load pin(s).
Phase 4 Constant propagation | Checksum: e575d3a6

Time (s): cpu = 00:00:04 ; elapsed = 00:00:03 . Memory (MB): peak = 2783.691 ; gain = 0.000 ; free physical = 523 ; free virtual = 2182
Constant propagation | Checksum: e575d3a6
INFO: [Opt 31-389] Phase Constant propagation created 139 cells and removed 910 cells
INFO: [Opt 31-1021] In phase Constant propagation, 108 netlist objects are constrained preventing optimization. Please run opt_design with -debug_log to get more detail. 

Phase 5 Sweep
INFO: [Constraints 18-11670] Building netlist checker database with flags, 0x8
Done building netlist checker database: Time (s): cpu = 00:00:00.03 ; elapsed = 00:00:00.04 . Memory (MB): peak = 2783.691 ; gain = 0.000 ; free physical = 514 ; free virtual = 2197
INFO: [Constraints 18-11670] Building netlist checker database with flags, 0x8
Done building netlist checker database: Time (s): cpu = 00:00:00.02 ; elapsed = 00:00:00.02 . Memory (MB): peak = 2783.691 ; gain = 0.000 ; free physical = 458 ; free virtual = 2163
Phase 5 Sweep | Checksum: 13adbd30e

Time (s): cpu = 00:00:06 ; elapsed = 00:00:04 . Memory (MB): peak = 2783.691 ; gain = 0.000 ; free physical = 444 ; free virtual = 2159
Sweep | Checksum: 13adbd30e
INFO: [Opt 31-389] Phase Sweep created 0 cells and removed 412 cells
INFO: [Opt 31-1021] In phase Sweep, 197 netlist objects are constrained preventing optimization. Please run opt_design with -debug_log to get more detail. 

Phase 6 BUFG optimization
Phase 6 BUFG optimization | Checksum: 13adbd30e

Time (s): cpu = 00:00:07 ; elapsed = 00:00:05 . Memory (MB): peak = 2815.707 ; gain = 32.016 ; free physical = 421 ; free virtual = 2153
BUFG optimization | Checksum: 13adbd30e
INFO: [Opt 31-662] Phase BUFG optimization created 0 cells of which 0 are BUFGs and removed 0 cells.

Phase 7 Shift Register Optimization
INFO: [Opt 31-1064] SRL Remap converted 0 SRLs to 0 registers and converted 0 registers of register chains to 0 SRLs
Phase 7 Shift Register Optimization | Checksum: 13adbd30e

Time (s): cpu = 00:00:07 ; elapsed = 00:00:05 . Memory (MB): peak = 2815.707 ; gain = 32.016 ; free physical = 417 ; free virtual = 2151
Shift Register Optimization | Checksum: 13adbd30e
INFO: [Opt 31-389] Phase Shift Register Optimization created 0 cells and removed 0 cells

Phase 8 Post Processing Netlist
Phase 8 Post Processing Netlist | Checksum: 1384d3a6a

Time (s): cpu = 00:00:07 ; elapsed = 00:00:05 . Memory (MB): peak = 2815.707 ; gain = 32.016 ; free physical = 406 ; free virtual = 2149
Post Processing Netlist | Checksum: 1384d3a6a
INFO: [Opt 31-389] Phase Post Processing Netlist created 0 cells and removed 0 cells
INFO: [Opt 31-1021] In phase Post Processing Netlist, 129 netlist objects are constrained preventing optimization. Please run opt_design with -debug_log to get more detail. 

Phase 9 Finalization

Phase 9.1 Finalizing Design Cores and Updating Shapes
Phase 9.1 Finalizing Design Cores and Updating Shapes | Checksum: 19ebf59a9

Time (s): cpu = 00:00:08 ; elapsed = 00:00:05 . Memory (MB): peak = 2815.707 ; gain = 32.016 ; free physical = 373 ; free virtual = 2131

Phase 9.2 Verifying Netlist Connectivity

Starting Connectivity Check Task

Time (s): cpu = 00:00:00.08 ; elapsed = 00:00:00.08 . Memory (MB): peak = 2815.707 ; gain = 0.000 ; free physical = 369 ; free virtual = 2130
Phase 9.2 Verifying Netlist Connectivity | Checksum: 19ebf59a9

Time (s): cpu = 00:00:08 ; elapsed = 00:00:06 . Memory (MB): peak = 2815.707 ; gain = 32.016 ; free physical = 369 ; free virtual = 2130
Phase 9 Finalization | Checksum: 19ebf59a9

Time (s): cpu = 00:00:08 ; elapsed = 00:00:06 . Memory (MB): peak = 2815.707 ; gain = 32.016 ; free physical = 369 ; free virtual = 2130
Opt_design Change Summary
=========================


-------------------------------------------------------------------------------------------------------------------------
|  Phase                        |  #Cells created  |  #Cells Removed  |  #Constrained objects preventing optimizations  |
-------------------------------------------------------------------------------------------------------------------------
|  Retarget                     |              90  |             145  |                                            107  |
|  Constant propagation         |             139  |             910  |                                            108  |
|  Sweep                        |               0  |             412  |                                            197  |
|  BUFG optimization            |               0  |               0  |                                              0  |
|  Shift Register Optimization  |               0  |               0  |                                              0  |
|  Post Processing Netlist      |               0  |               0  |                                            129  |
-------------------------------------------------------------------------------------------------------------------------


Ending Logic Optimization Task | Checksum: 19ebf59a9

Time (s): cpu = 00:00:08 ; elapsed = 00:00:06 . Memory (MB): peak = 2815.707 ; gain = 32.016 ; free physical = 369 ; free virtual = 2131

Starting Power Optimization Task
INFO: [Pwropt 34-132] Skipping clock gating for clocks with a period < 2.00 ns.
INFO: [Timing 38-35] Done setting XDC timing constraints.
Running Vector-less Activity Propagation...
INFO: [Pwropt 34-9] Applying IDT optimizations ...
INFO: [Pwropt 34-10] Applying ODC optimizations ...

Finished Running Vector-less Activity Propagation


Starting PowerOpt Patch Enables Task
INFO: [Pwropt 34-162] WRITE_MODE attribute of 0 BRAM(s) out of a total of 139 has been updated to save power. Run report_power_opt to get a complete listing of the BRAMs updated.
INFO: [Pwropt 34-201] Structural ODC has moved 0 WE to EN ports
Number of BRAM Ports augmented: 66 newly gated: 160 Total Ports: 278
Number of Flops added for Enable Generation: 24

Ending PowerOpt Patch Enables Task | Checksum: 1c26ec16b

Time (s): cpu = 00:00:00.98 ; elapsed = 00:00:00.9 . Memory (MB): peak = 3322.504 ; gain = 0.000 ; free physical = 141 ; free virtual = 1618
Ending Power Optimization Task | Checksum: 1c26ec16b

Time (s): cpu = 00:00:29 ; elapsed = 00:00:18 . Memory (MB): peak = 3322.504 ; gain = 506.797 ; free physical = 131 ; free virtual = 1619

Starting Final Cleanup Task

Starting Logic Optimization Task
INFO: [Timing 38-35] Done setting XDC timing constraints.
Ending Logic Optimization Task | Checksum: 13181fef1

Time (s): cpu = 00:00:09 ; elapsed = 00:00:05 . Memory (MB): peak = 3322.504 ; gain = 0.000 ; free physical = 171 ; free virtual = 1526
Ending Final Cleanup Task | Checksum: 13181fef1

Time (s): cpu = 00:00:13 ; elapsed = 00:00:09 . Memory (MB): peak = 3322.504 ; gain = 0.000 ; free physical = 167 ; free virtual = 1524

Starting Netlist Obfuscation Task
Netlist sorting complete. Time (s): cpu = 00:00:00.01 ; elapsed = 00:00:00.01 . Memory (MB): peak = 3322.504 ; gain = 0.000 ; free physical = 167 ; free virtual = 1526
Ending Netlist Obfuscation Task | Checksum: 13181fef1

Time (s): cpu = 00:00:00.02 ; elapsed = 00:00:00.02 . Memory (MB): peak = 3322.504 ; gain = 0.000 ; free physical = 165 ; free virtual = 1527
INFO: [Common 17-83] Releasing license: Implementation
52 Infos, 18 Warnings, 0 Critical Warnings and 0 Errors encountered.
opt_design completed successfully
opt_design: Time (s): cpu = 00:00:58 ; elapsed = 00:00:38 . Memory (MB): peak = 3322.504 ; gain = 843.711 ; free physical = 165 ; free virtual = 1527
INFO: [Vivado 12-24828] Executing command : report_drc -file soc_npu_wrapper_drc_opted.rpt -pb soc_npu_wrapper_drc_opted.pb -rpx soc_npu_wrapper_drc_opted.rpx
Command: report_drc -file soc_npu_wrapper_drc_opted.rpt -pb soc_npu_wrapper_drc_opted.pb -rpx soc_npu_wrapper_drc_opted.rpx
INFO: [IP_Flow 19-1839] IP Catalog is up to date.
INFO: [DRC 23-27] Running DRC with 8 threads
INFO: [Vivado_Tcl 2-168] The results of DRC are in file /home/jaehyeok95/team_project_npu/team_project_npu.runs/impl_1/soc_npu_wrapper_drc_opted.rpt.
report_drc completed successfully
INFO: [Timing 38-480] Writing timing data to binary archive.
Wrote PlaceDB: Time (s): cpu = 00:00:00.07 ; elapsed = 00:00:00.02 . Memory (MB): peak = 3322.504 ; gain = 0.000 ; free physical = 132 ; free virtual = 1528
Wrote PulsedLatchDB: Time (s): cpu = 00:00:00.01 ; elapsed = 00:00:00.01 . Memory (MB): peak = 3322.504 ; gain = 0.000 ; free physical = 146 ; free virtual = 1533
Writing XDEF routing.
Write ShapeDB Complete: Time (s): cpu = 00:00:00.28 ; elapsed = 00:00:00.1 . Memory (MB): peak = 3322.504 ; gain = 0.000 ; free physical = 164 ; free virtual = 1524
Writing XDEF routing logical nets.
Writing XDEF routing special nets.
Wrote RouteStorage: Time (s): cpu = 00:00:00.61 ; elapsed = 00:00:00.24 . Memory (MB): peak = 3322.504 ; gain = 0.000 ; free physical = 180 ; free virtual = 1510
Wrote Netlist Cache: Time (s): cpu = 00:00:00.01 ; elapsed = 00:00:00 . Memory (MB): peak = 3322.504 ; gain = 0.000 ; free physical = 180 ; free virtual = 1510
Wrote Device Cache: Time (s): cpu = 00:00:00.03 ; elapsed = 00:00:00.01 . Memory (MB): peak = 3322.504 ; gain = 0.000 ; free physical = 179 ; free virtual = 1511
Write Physdb Complete: Time (s): cpu = 00:00:00.75 ; elapsed = 00:00:00.29 . Memory (MB): peak = 3322.504 ; gain = 0.000 ; free physical = 178 ; free virtual = 1511
INFO: [Common 17-1381] The checkpoint '/home/jaehyeok95/team_project_npu/team_project_npu.runs/impl_1/soc_npu_wrapper_opt.dcp' has been generated.
Command: place_design
Attempting to get a license for feature 'Implementation' and/or device 'xc7z020'
INFO: [Common 17-349] Got license for feature 'Implementation' and/or device 'xc7z020'
INFO: [Common 17-83] Releasing license: Implementation
INFO: [DRC 23-27] Running DRC with 8 threads
INFO: [Vivado_Tcl 4-198] DRC finished with 0 Errors
INFO: [Vivado_Tcl 4-199] Please refer to the DRC report (report_drc) for more information.
Running DRC as a precondition to command place_design
INFO: [DRC 23-27] Running DRC with 8 threads
INFO: [Vivado_Tcl 4-198] DRC finished with 0 Errors, 21 Warnings
INFO: [Vivado_Tcl 4-199] Please refer to the DRC report (report_drc) for more information.
INFO: [Place 30-611] Multithreading enabled for place_design using a maximum of 8 CPUs

Starting Placer Task

Phase 1 Placer Initialization

Phase 1.1 Placer Initialization Netlist Sorting
Netlist sorting complete. Time (s): cpu = 00:00:00.01 ; elapsed = 00:00:00.01 . Memory (MB): peak = 3322.504 ; gain = 0.000 ; free physical = 141 ; free virtual = 1474
Phase 1.1 Placer Initialization Netlist Sorting | Checksum: 1082ddaec

Time (s): cpu = 00:00:00.03 ; elapsed = 00:00:00.03 . Memory (MB): peak = 3322.504 ; gain = 0.000 ; free physical = 141 ; free virtual = 1474
Netlist sorting complete. Time (s): cpu = 00:00:00.01 ; elapsed = 00:00:00.01 . Memory (MB): peak = 3322.504 ; gain = 0.000 ; free physical = 140 ; free virtual = 1474

Phase 1.2 IO Placement/ Clock Placement/ Build Placer Device
INFO: [Timing 38-35] Done setting XDC timing constraints.
Phase 1.2 IO Placement/ Clock Placement/ Build Placer Device | Checksum: 7ba84f80

Time (s): cpu = 00:00:07 ; elapsed = 00:00:04 . Memory (MB): peak = 3322.504 ; gain = 0.000 ; free physical = 158 ; free virtual = 1429

Phase 1.3 Build Placer Netlist Model
Phase 1.3 Build Placer Netlist Model | Checksum: eef462ee

Time (s): cpu = 00:00:30 ; elapsed = 00:00:17 . Memory (MB): peak = 3322.504 ; gain = 0.000 ; free physical = 125 ; free virtual = 1278

Phase 1.4 Constrain Clocks/Macros
Phase 1.4 Constrain Clocks/Macros | Checksum: eef462ee

Time (s): cpu = 00:00:30 ; elapsed = 00:00:17 . Memory (MB): peak = 3322.504 ; gain = 0.000 ; free physical = 134 ; free virtual = 1281
Phase 1 Placer Initialization | Checksum: eef462ee

Time (s): cpu = 00:00:30 ; elapsed = 00:00:17 . Memory (MB): peak = 3322.504 ; gain = 0.000 ; free physical = 138 ; free virtual = 1283

Phase 2 Global Placement

Phase 2.1 Floorplanning
Phase 2.1 Floorplanning | Checksum: a7a99542

Time (s): cpu = 00:00:40 ; elapsed = 00:00:21 . Memory (MB): peak = 3322.504 ; gain = 0.000 ; free physical = 140 ; free virtual = 1261

Phase 2.2 Update Timing before SLR Path Opt
Phase 2.2 Update Timing before SLR Path Opt | Checksum: 1a12f3efd

Time (s): cpu = 00:00:47 ; elapsed = 00:00:24 . Memory (MB): peak = 3322.504 ; gain = 0.000 ; free physical = 127 ; free virtual = 1254

Phase 2.3 Post-Processing in Floorplanning
Phase 2.3 Post-Processing in Floorplanning | Checksum: 1a12f3efd

Time (s): cpu = 00:00:48 ; elapsed = 00:00:24 . Memory (MB): peak = 3322.504 ; gain = 0.000 ; free physical = 114 ; free virtual = 1249

Phase 2.4 Global Place Phase1
Phase 2.4 Global Place Phase1 | Checksum: cd9467d2

Time (s): cpu = 00:02:00 ; elapsed = 00:00:53 . Memory (MB): peak = 3322.504 ; gain = 0.000 ; free physical = 137 ; free virtual = 1160

Phase 2.5 Global Place Phase2

Phase 2.5.1 UpdateTiming Before Physical Synthesis
Phase 2.5.1 UpdateTiming Before Physical Synthesis | Checksum: 16b60a666

Time (s): cpu = 00:02:14 ; elapsed = 00:00:59 . Memory (MB): peak = 3322.504 ; gain = 0.000 ; free physical = 121 ; free virtual = 1125

Phase 2.5.2 Physical Synthesis In Placer
INFO: [Physopt 32-1035] Found 0 LUTNM shape to break, 1968 LUT instances to create LUTNM shape
INFO: [Physopt 32-1044] Break lutnm for timing: one critical 0, two critical 0, total 0, new lutff created 0
INFO: [Physopt 32-1138] End 1 Pass. Optimized 890 nets or LUTs. Breaked 0 LUT, combined 890 existing LUTs and moved 0 existing LUT
INFO: [Physopt 32-65] No nets found for high-fanout optimization.
INFO: [Physopt 32-232] Optimized 0 net. Created 0 new instance.
INFO: [Physopt 32-775] End 1 Pass. Optimized 0 net or cell. Created 0 new cell, deleted 0 existing cell and moved 0 existing cell
INFO: [Physopt 32-670] No setup violation found.  DSP Register Optimization was not performed.
INFO: [Physopt 32-670] No setup violation found.  Shift Register to Pipeline Optimization was not performed.
INFO: [Physopt 32-670] No setup violation found.  Shift Register Optimization was not performed.
INFO: [Physopt 32-670] No setup violation found.  BRAM Register Optimization was not performed.
INFO: [Physopt 32-670] No setup violation found.  URAM Register Optimization was not performed.
INFO: [Physopt 32-949] No candidate nets found for dynamic/static region interface net replication
INFO: [Physopt 32-775] End 1 Pass. Optimized 0 net or cell. Created 0 new cell, deleted 0 existing cell and moved 0 existing cell
Netlist sorting complete. Time (s): cpu = 00:00:00.01 ; elapsed = 00:00:00.01 . Memory (MB): peak = 3322.504 ; gain = 0.000 ; free physical = 149 ; free virtual = 1133

Summary of Physical Synthesis Optimizations
============================================


-----------------------------------------------------------------------------------------------------------------------------------------------------------
|  Optimization                                     |  Added Cells  |  Removed Cells  |  Optimized Cells/Nets  |  Dont Touch  |  Iterations  |  Elapsed   |
-----------------------------------------------------------------------------------------------------------------------------------------------------------
|  LUT Combining                                    |            0  |            890  |                   890  |           0  |           1  |  00:00:02  |
|  Retime                                           |            0  |              0  |                     0  |           0  |           1  |  00:00:00  |
|  Very High Fanout                                 |            0  |              0  |                     0  |           0  |           1  |  00:00:00  |
|  DSP Register                                     |            0  |              0  |                     0  |           0  |           0  |  00:00:00  |
|  Shift Register to Pipeline                       |            0  |              0  |                     0  |           0  |           0  |  00:00:00  |
|  Shift Register                                   |            0  |              0  |                     0  |           0  |           0  |  00:00:00  |
|  BRAM Register                                    |            0  |              0  |                     0  |           0  |           0  |  00:00:00  |
|  URAM Register                                    |            0  |              0  |                     0  |           0  |           0  |  00:00:00  |
|  Dynamic/Static Region Interface Net Replication  |            0  |              0  |                     0  |           0  |           1  |  00:00:00  |
|  Total                                            |            0  |            890  |                   890  |           0  |           4  |  00:00:03  |
-----------------------------------------------------------------------------------------------------------------------------------------------------------


Phase 2.5.2 Physical Synthesis In Placer | Checksum: d96d4aff

Time (s): cpu = 00:02:28 ; elapsed = 00:01:07 . Memory (MB): peak = 3322.504 ; gain = 0.000 ; free physical = 123 ; free virtual = 1119
Phase 2.5 Global Place Phase2 | Checksum: 1e52df357

Time (s): cpu = 00:03:07 ; elapsed = 00:01:18 . Memory (MB): peak = 3322.504 ; gain = 0.000 ; free physical = 123 ; free virtual = 1092
Phase 2 Global Placement | Checksum: 1e52df357

Time (s): cpu = 00:03:07 ; elapsed = 00:01:18 . Memory (MB): peak = 3322.504 ; gain = 0.000 ; free physical = 122 ; free virtual = 1093

Phase 3 Detail Placement

Phase 3.1 Commit Multi Column Macros
Phase 3.1 Commit Multi Column Macros | Checksum: 1540fa344

Time (s): cpu = 00:03:16 ; elapsed = 00:01:21 . Memory (MB): peak = 3322.504 ; gain = 0.000 ; free physical = 147 ; free virtual = 1077

Phase 3.2 Commit Most Macros & LUTRAMs
Phase 3.2 Commit Most Macros & LUTRAMs | Checksum: 1e8a65a3e

Time (s): cpu = 00:03:36 ; elapsed = 00:01:32 . Memory (MB): peak = 3322.504 ; gain = 0.000 ; free physical = 180 ; free virtual = 1085

Phase 3.3 Area Swap Optimization
Phase 3.3 Area Swap Optimization | Checksum: 254b18c07

Time (s): cpu = 00:03:37 ; elapsed = 00:01:33 . Memory (MB): peak = 3322.504 ; gain = 0.000 ; free physical = 164 ; free virtual = 1083

Phase 3.4 Pipeline Register Optimization
Phase 3.4 Pipeline Register Optimization | Checksum: 1b98c2b1e

Time (s): cpu = 00:03:38 ; elapsed = 00:01:33 . Memory (MB): peak = 3322.504 ; gain = 0.000 ; free physical = 161 ; free virtual = 1084

Phase 3.5 Small Shape Detail Placement
Phase 3.5 Small Shape Detail Placement | Checksum: 1d8d643da

Time (s): cpu = 00:03:55 ; elapsed = 00:01:49 . Memory (MB): peak = 3322.504 ; gain = 0.000 ; free physical = 146 ; free virtual = 1004

Phase 3.6 Re-assign LUT pins
Phase 3.6 Re-assign LUT pins | Checksum: 17c07b4e9

Time (s): cpu = 00:03:57 ; elapsed = 00:01:51 . Memory (MB): peak = 3322.504 ; gain = 0.000 ; free physical = 147 ; free virtual = 997

Phase 3.7 Pipeline Register Optimization
Phase 3.7 Pipeline Register Optimization | Checksum: 2490e83b4

Time (s): cpu = 00:03:58 ; elapsed = 00:01:51 . Memory (MB): peak = 3322.504 ; gain = 0.000 ; free physical = 120 ; free virtual = 987
Phase 3 Detail Placement | Checksum: 2490e83b4

Time (s): cpu = 00:03:58 ; elapsed = 00:01:51 . Memory (MB): peak = 3322.504 ; gain = 0.000 ; free physical = 137 ; free virtual = 1006

Phase 4 Post Placement Optimization and Clean-Up

Phase 4.1 Post Commit Optimization
INFO: [Timing 38-35] Done setting XDC timing constraints.

Phase 4.1.1 Post Placement Optimization
Post Placement Optimization Initialization | Checksum: 2c3d5ef0f

Phase 4.1.1.1 BUFG Insertion

Starting Physical Synthesis Task

Phase 1 Physical Synthesis Initialization
INFO: [Physopt 32-721] Multithreading enabled for phys_opt_design using a maximum of 8 CPUs
INFO: [Physopt 32-619] Estimated Timing Summary | WNS=1.468 | TNS=0.000 |
Phase 1 Physical Synthesis Initialization | Checksum: 1e07dff72

Time (s): cpu = 00:00:05 ; elapsed = 00:00:02 . Memory (MB): peak = 3322.504 ; gain = 0.000 ; free physical = 143 ; free virtual = 1006
INFO: [Place 46-33] Processed net soc_npu_i/myip_npu_OCR_0/inst/u_line_buffer/s00_axi_aresetn_0, BUFG insertion was skipped due to placement/routing conflicts.
INFO: [Place 46-56] BUFG insertion identified 1 candidate nets. Inserted BUFG: 0, Replicated BUFG Driver: 0, Skipped due to Placement/Routing Conflicts: 1, Skipped due to Timing Degradation: 0, Skipped due to netlist editing failed: 0.
Ending Physical Synthesis Task | Checksum: 20b539df5

Time (s): cpu = 00:00:06 ; elapsed = 00:00:03 . Memory (MB): peak = 3322.504 ; gain = 0.000 ; free physical = 118 ; free virtual = 996
Phase 4.1.1.1 BUFG Insertion | Checksum: 2c3d5ef0f

Time (s): cpu = 00:04:30 ; elapsed = 00:02:06 . Memory (MB): peak = 3322.504 ; gain = 0.000 ; free physical = 140 ; free virtual = 998

Phase 4.1.1.2 Post Placement Timing Optimization
INFO: [Place 30-746] Post Placement Timing Summary WNS=1.468. For the most accurate timing information please run report_timing.
Phase 4.1.1.2 Post Placement Timing Optimization | Checksum: 1f4cf20e4

Time (s): cpu = 00:04:31 ; elapsed = 00:02:07 . Memory (MB): peak = 3322.504 ; gain = 0.000 ; free physical = 134 ; free virtual = 999

Time (s): cpu = 00:04:31 ; elapsed = 00:02:07 . Memory (MB): peak = 3322.504 ; gain = 0.000 ; free physical = 134 ; free virtual = 999
Phase 4.1 Post Commit Optimization | Checksum: 1f4cf20e4

Time (s): cpu = 00:04:32 ; elapsed = 00:02:07 . Memory (MB): peak = 3322.504 ; gain = 0.000 ; free physical = 137 ; free virtual = 1014

Phase 4.2 Post Placement Cleanup
Phase 4.2 Post Placement Cleanup | Checksum: 1f4cf20e4

Time (s): cpu = 00:04:33 ; elapsed = 00:02:07 . Memory (MB): peak = 3322.504 ; gain = 0.000 ; free physical = 133 ; free virtual = 1006

Phase 4.3 Placer Reporting

Phase 4.3.1 Print Estimated Congestion
INFO: [Place 30-612] Post-Placement Estimated Congestion 
 ____________________________________________________
|           | Global Congestion | Short Congestion  |
| Direction | Region Size       | Region Size       |
|___________|___________________|___________________|
|      North|                4x4|                4x4|
|___________|___________________|___________________|
|      South|                1x1|                2x2|
|___________|___________________|___________________|
|       East|                1x1|                1x1|
|___________|___________________|___________________|
|       West|                1x1|                1x1|
|___________|___________________|___________________|

Phase 4.3.1 Print Estimated Congestion | Checksum: 1f4cf20e4

Time (s): cpu = 00:04:33 ; elapsed = 00:02:08 . Memory (MB): peak = 3322.504 ; gain = 0.000 ; free physical = 144 ; free virtual = 1003
Phase 4.3 Placer Reporting | Checksum: 1f4cf20e4

Time (s): cpu = 00:04:34 ; elapsed = 00:02:08 . Memory (MB): peak = 3322.504 ; gain = 0.000 ; free physical = 135 ; free virtual = 1000

Phase 4.4 Final Placement Cleanup
Netlist sorting complete. Time (s): cpu = 00:00:00.02 ; elapsed = 00:00:00.02 . Memory (MB): peak = 3322.504 ; gain = 0.000 ; free physical = 133 ; free virtual = 1001

Time (s): cpu = 00:04:34 ; elapsed = 00:02:08 . Memory (MB): peak = 3322.504 ; gain = 0.000 ; free physical = 133 ; free virtual = 1001
Phase 4 Post Placement Optimization and Clean-Up | Checksum: 1c4e55154

Time (s): cpu = 00:04:34 ; elapsed = 00:02:08 . Memory (MB): peak = 3322.504 ; gain = 0.000 ; free physical = 141 ; free virtual = 1002
Ending Placer Task | Checksum: 1b215aa60

Time (s): cpu = 00:04:34 ; elapsed = 00:02:08 . Memory (MB): peak = 3322.504 ; gain = 0.000 ; free physical = 135 ; free virtual = 1003
88 Infos, 18 Warnings, 0 Critical Warnings and 0 Errors encountered.
place_design completed successfully
place_design: Time (s): cpu = 00:04:40 ; elapsed = 00:02:10 . Memory (MB): peak = 3322.504 ; gain = 0.000 ; free physical = 120 ; free virtual = 1000
INFO: [Vivado 12-24838] Running report commands "report_control_sets, report_io, report_utilization" in parallel.
Running report generation with 3 threads.
INFO: [Vivado 12-24828] Executing command : report_io -file soc_npu_wrapper_io_placed.rpt
report_io: Time (s): cpu = 00:00:00.62 ; elapsed = 00:00:00.33 . Memory (MB): peak = 3322.504 ; gain = 0.000 ; free physical = 157 ; free virtual = 1010
INFO: [Vivado 12-24828] Executing command : report_control_sets -verbose -file soc_npu_wrapper_control_sets_placed.rpt
report_control_sets: Time (s): cpu = 00:00:01 ; elapsed = 00:00:00.6 . Memory (MB): peak = 3322.504 ; gain = 0.000 ; free physical = 171 ; free virtual = 1028
INFO: [Vivado 12-24828] Executing command : report_utilization -file soc_npu_wrapper_utilization_placed.rpt -pb soc_npu_wrapper_utilization_placed.pb
INFO: [Timing 38-480] Writing timing data to binary archive.
Write ShapeDB Complete: Time (s): cpu = 00:00:00.54 ; elapsed = 00:00:00.14 . Memory (MB): peak = 3322.504 ; gain = 0.000 ; free physical = 151 ; free virtual = 1016
Wrote PlaceDB: Time (s): cpu = 00:00:08 ; elapsed = 00:00:03 . Memory (MB): peak = 3322.504 ; gain = 0.000 ; free physical = 131 ; free virtual = 987
Wrote PulsedLatchDB: Time (s): cpu = 00:00:00 ; elapsed = 00:00:00 . Memory (MB): peak = 3322.504 ; gain = 0.000 ; free physical = 131 ; free virtual = 988
Writing XDEF routing.
Writing XDEF routing logical nets.
Writing XDEF routing special nets.
Wrote RouteStorage: Time (s): cpu = 00:00:00.07 ; elapsed = 00:00:00.1 . Memory (MB): peak = 3322.504 ; gain = 0.000 ; free physical = 136 ; free virtual = 999
Wrote Netlist Cache: Time (s): cpu = 00:00:00.07 ; elapsed = 00:00:00.06 . Memory (MB): peak = 3322.504 ; gain = 0.000 ; free physical = 126 ; free virtual = 996
Wrote Device Cache: Time (s): cpu = 00:00:00.01 ; elapsed = 00:00:00.02 . Memory (MB): peak = 3322.504 ; gain = 0.000 ; free physical = 120 ; free virtual = 992
Write Physdb Complete: Time (s): cpu = 00:00:08 ; elapsed = 00:00:04 . Memory (MB): peak = 3322.504 ; gain = 0.000 ; free physical = 136 ; free virtual = 997
INFO: [Common 17-1381] The checkpoint '/home/jaehyeok95/team_project_npu/team_project_npu.runs/impl_1/soc_npu_wrapper_placed.dcp' has been generated.
write_checkpoint: Time (s): cpu = 00:00:16 ; elapsed = 00:00:08 . Memory (MB): peak = 3322.504 ; gain = 0.000 ; free physical = 189 ; free virtual = 998
Command: phys_opt_design
Attempting to get a license for feature 'Implementation' and/or device 'xc7z020'
INFO: [Common 17-349] Got license for feature 'Implementation' and/or device 'xc7z020'

Starting Initial Update Timing Task

Time (s): cpu = 00:00:22 ; elapsed = 00:00:09 . Memory (MB): peak = 3322.504 ; gain = 0.000 ; free physical = 125 ; free virtual = 967
INFO: [Vivado_Tcl 4-2279] Estimated Timing Summary | WNS= 1.468 | TNS= 0.000 | 
INFO: [Vivado_Tcl 4-383] Design worst setup slack (WNS) is greater than or equal to 0.000 ns. All physical synthesis setup optimizations will be skipped.
INFO: [Vivado_Tcl 4-232] No setup violation found. The netlist was not modified.
INFO: [Common 17-83] Releasing license: Implementation
99 Infos, 18 Warnings, 0 Critical Warnings and 0 Errors encountered.
phys_opt_design completed successfully
phys_opt_design: Time (s): cpu = 00:00:23 ; elapsed = 00:00:09 . Memory (MB): peak = 3322.504 ; gain = 0.000 ; free physical = 156 ; free virtual = 980
INFO: [Timing 38-480] Writing timing data to binary archive.
Write ShapeDB Complete: Time (s): cpu = 00:00:00.6 ; elapsed = 00:00:00.14 . Memory (MB): peak = 3322.504 ; gain = 0.000 ; free physical = 139 ; free virtual = 987
Wrote PlaceDB: Time (s): cpu = 00:00:08 ; elapsed = 00:00:04 . Memory (MB): peak = 3322.504 ; gain = 0.000 ; free physical = 141 ; free virtual = 946
Wrote PulsedLatchDB: Time (s): cpu = 00:00:00 ; elapsed = 00:00:00 . Memory (MB): peak = 3322.504 ; gain = 0.000 ; free physical = 141 ; free virtual = 949
Writing XDEF routing.
Writing XDEF routing logical nets.
Writing XDEF routing special nets.
Wrote RouteStorage: Time (s): cpu = 00:00:00.06 ; elapsed = 00:00:00.08 . Memory (MB): peak = 3322.504 ; gain = 0.000 ; free physical = 133 ; free virtual = 947
Wrote Netlist Cache: Time (s): cpu = 00:00:00.06 ; elapsed = 00:00:00.06 . Memory (MB): peak = 3322.504 ; gain = 0.000 ; free physical = 131 ; free virtual = 955
Wrote Device Cache: Time (s): cpu = 00:00:00.01 ; elapsed = 00:00:00.02 . Memory (MB): peak = 3322.504 ; gain = 0.000 ; free physical = 130 ; free virtual = 957
Write Physdb Complete: Time (s): cpu = 00:00:08 ; elapsed = 00:00:04 . Memory (MB): peak = 3322.504 ; gain = 0.000 ; free physical = 122 ; free virtual = 949
INFO: [Common 17-1381] The checkpoint '/home/jaehyeok95/team_project_npu/team_project_npu.runs/impl_1/soc_npu_wrapper_physopt.dcp' has been generated.
write_checkpoint: Time (s): cpu = 00:00:10 ; elapsed = 00:00:06 . Memory (MB): peak = 3322.504 ; gain = 0.000 ; free physical = 200 ; free virtual = 982
Command: route_design
Attempting to get a license for feature 'Implementation' and/or device 'xc7z020'
INFO: [Common 17-349] Got license for feature 'Implementation' and/or device 'xc7z020'


Starting Routing Task
INFO: [Route 35-254] Multithreading enabled for route_design using a maximum of 8 CPUs

Phase 1 Build RT Design
Checksum: PlaceDB: f6b2a0b2 ConstDB: 0 ShapeSum: a56996be RouteDB: 15f972f0
Post Restoration Checksum: NetGraph: 8990693f | NumContArr: c5441ac6 | Constraints: c2a8fa9d | Timing: c2a8fa9d
Phase 1 Build RT Design | Checksum: 2d426793f

Time (s): cpu = 00:00:59 ; elapsed = 00:00:38 . Memory (MB): peak = 3322.504 ; gain = 0.000 ; free physical = 141 ; free virtual = 1054

Phase 2 Router Initialization

Phase 2.1 Fix Topology Constraints
Phase 2.1 Fix Topology Constraints | Checksum: 2d426793f

Time (s): cpu = 00:01:00 ; elapsed = 00:00:39 . Memory (MB): peak = 3322.504 ; gain = 0.000 ; free physical = 130 ; free virtual = 1037

Phase 2.2 Pre Route Cleanup
Phase 2.2 Pre Route Cleanup | Checksum: 2d426793f

Time (s): cpu = 00:01:00 ; elapsed = 00:00:39 . Memory (MB): peak = 3322.504 ; gain = 0.000 ; free physical = 124 ; free virtual = 1036
 Number of Nodes with overlaps = 0

Phase 2.3 Update Timing
Phase 2.3 Update Timing | Checksum: 120e34faa

Time (s): cpu = 00:01:34 ; elapsed = 00:00:53 . Memory (MB): peak = 3322.504 ; gain = 0.000 ; free physical = 119 ; free virtual = 1014
INFO: [Route 35-416] Intermediate Timing Summary | WNS=1.553  | TNS=0.000  | WHS=-0.204 | THS=-126.986|


Router Utilization Summary
  Global Vertical Routing Utilization    = 0 %
  Global Horizontal Routing Utilization  = 0 %
  Routable Net Status*
  *Does not include unroutable nets such as driverless and loadless.
  Run report_route_status for detailed report.
  Number of Failed Nets               = 34783
    (Failed Nets is the sum of unrouted and partially routed nets)
  Number of Unrouted Nets             = 34782
  Number of Partially Routed Nets     = 1
  Number of Node Overlaps             = 0

Phase 2 Router Initialization | Checksum: 186d20fad

Time (s): cpu = 00:01:45 ; elapsed = 00:00:57 . Memory (MB): peak = 3357.781 ; gain = 35.277 ; free physical = 132 ; free virtual = 912

Phase 3 Global Routing
Phase 3 Global Routing | Checksum: 186d20fad

Time (s): cpu = 00:01:46 ; elapsed = 00:00:57 . Memory (MB): peak = 3357.781 ; gain = 35.277 ; free physical = 132 ; free virtual = 913

Phase 4 Initial Routing

Phase 4.1 Initial Net Routing Pass
Phase 4.1 Initial Net Routing Pass | Checksum: 21e7fd5da

Time (s): cpu = 00:02:27 ; elapsed = 00:01:12 . Memory (MB): peak = 3357.781 ; gain = 35.277 ; free physical = 125 ; free virtual = 896
Phase 4 Initial Routing | Checksum: 21e7fd5da

Time (s): cpu = 00:02:27 ; elapsed = 00:01:12 . Memory (MB): peak = 3357.781 ; gain = 35.277 ; free physical = 123 ; free virtual = 896

Phase 5 Rip-up And Reroute

Phase 5.1 Global Iteration 0
 Number of Nodes with overlaps = 6692
 Number of Nodes with overlaps = 1673
 Number of Nodes with overlaps = 694
 Number of Nodes with overlaps = 367
 Number of Nodes with overlaps = 109
 Number of Nodes with overlaps = 36
 Number of Nodes with overlaps = 14
 Number of Nodes with overlaps = 4
 Number of Nodes with overlaps = 0
INFO: [Route 35-416] Intermediate Timing Summary | WNS=1.141  | TNS=0.000  | WHS=N/A    | THS=N/A    |

Phase 5.1 Global Iteration 0 | Checksum: 22532314e

Time (s): cpu = 00:05:19 ; elapsed = 00:03:10 . Memory (MB): peak = 3357.781 ; gain = 35.277 ; free physical = 124 ; free virtual = 850

Phase 5.2 Global Iteration 1
 Number of Nodes with overlaps = 41
 Number of Nodes with overlaps = 10
 Number of Nodes with overlaps = 5
 Number of Nodes with overlaps = 3
 Number of Nodes with overlaps = 0
INFO: [Route 35-416] Intermediate Timing Summary | WNS=1.141  | TNS=0.000  | WHS=N/A    | THS=N/A    |

Phase 5.2 Global Iteration 1 | Checksum: 2ae5574b5

Time (s): cpu = 00:05:30 ; elapsed = 00:03:18 . Memory (MB): peak = 3357.781 ; gain = 35.277 ; free physical = 140 ; free virtual = 854
Phase 5 Rip-up And Reroute | Checksum: 2ae5574b5

Time (s): cpu = 00:05:30 ; elapsed = 00:03:18 . Memory (MB): peak = 3357.781 ; gain = 35.277 ; free physical = 140 ; free virtual = 856

Phase 6 Delay and Skew Optimization

Phase 6.1 Delay CleanUp
Phase 6.1 Delay CleanUp | Checksum: 2ae5574b5

Time (s): cpu = 00:05:30 ; elapsed = 00:03:18 . Memory (MB): peak = 3357.781 ; gain = 35.277 ; free physical = 136 ; free virtual = 853

Phase 6.2 Clock Skew Optimization
Phase 6.2 Clock Skew Optimization | Checksum: 2ae5574b5

Time (s): cpu = 00:05:30 ; elapsed = 00:03:18 . Memory (MB): peak = 3357.781 ; gain = 35.277 ; free physical = 128 ; free virtual = 847
Phase 6 Delay and Skew Optimization | Checksum: 2ae5574b5

Time (s): cpu = 00:05:30 ; elapsed = 00:03:18 . Memory (MB): peak = 3357.781 ; gain = 35.277 ; free physical = 128 ; free virtual = 850

Phase 7 Post Hold Fix

Phase 7.1 Hold Fix Iter
INFO: [Route 35-416] Intermediate Timing Summary | WNS=1.141  | TNS=0.000  | WHS=0.027  | THS=0.000  |

Phase 7.1 Hold Fix Iter | Checksum: 2f876e5f9

Time (s): cpu = 00:05:39 ; elapsed = 00:03:21 . Memory (MB): peak = 3357.781 ; gain = 35.277 ; free physical = 142 ; free virtual = 859
Phase 7 Post Hold Fix | Checksum: 2f876e5f9

Time (s): cpu = 00:05:39 ; elapsed = 00:03:21 . Memory (MB): peak = 3357.781 ; gain = 35.277 ; free physical = 140 ; free virtual = 858

Phase 8 Route finalize

Router Utilization Summary
  Global Vertical Routing Utilization    = 15.5144 %
  Global Horizontal Routing Utilization  = 17.5073 %
  Routable Net Status*
  *Does not include unroutable nets such as driverless and loadless.
  Run report_route_status for detailed report.
  Number of Failed Nets               = 0
    (Failed Nets is the sum of unrouted and partially routed nets)
  Number of Unrouted Nets             = 0
  Number of Partially Routed Nets     = 0
  Number of Node Overlaps             = 0

Phase 8 Route finalize | Checksum: 2f876e5f9

Time (s): cpu = 00:05:40 ; elapsed = 00:03:22 . Memory (MB): peak = 3357.781 ; gain = 35.277 ; free physical = 138 ; free virtual = 849

Phase 9 Verifying routed nets

 Verification completed successfully
Phase 9 Verifying routed nets | Checksum: 2f876e5f9

Time (s): cpu = 00:05:40 ; elapsed = 00:03:22 . Memory (MB): peak = 3357.781 ; gain = 35.277 ; free physical = 124 ; free virtual = 846

Phase 10 Depositing Routes
Phase 10 Depositing Routes | Checksum: 372f27c82

Time (s): cpu = 00:05:45 ; elapsed = 00:03:25 . Memory (MB): peak = 3357.781 ; gain = 35.277 ; free physical = 125 ; free virtual = 851

Phase 11 Post Process Routing
Phase 11 Post Process Routing | Checksum: 372f27c82

Time (s): cpu = 00:05:46 ; elapsed = 00:03:25 . Memory (MB): peak = 3357.781 ; gain = 35.277 ; free physical = 134 ; free virtual = 855

Phase 12 Post Router Timing
INFO: [Route 35-57] Estimated Timing Summary | WNS=1.141  | TNS=0.000  | WHS=0.027  | THS=0.000  |

INFO: [Route 35-327] The final timing numbers are based on the router estimated timing analysis. For a complete and accurate timing signoff, please run report_timing_summary.
Phase 12 Post Router Timing | Checksum: 372f27c82

Time (s): cpu = 00:05:46 ; elapsed = 00:03:25 . Memory (MB): peak = 3357.781 ; gain = 35.277 ; free physical = 132 ; free virtual = 859
Total Elapsed time in route_design: 205.01 secs

Phase 13 Post-Route Event Processing
Phase 13 Post-Route Event Processing | Checksum: 1b7b544ef

Time (s): cpu = 00:05:47 ; elapsed = 00:03:25 . Memory (MB): peak = 3357.781 ; gain = 35.277 ; free physical = 187 ; free virtual = 858
INFO: [Route 35-16] Router Completed Successfully
Ending Routing Task | Checksum: 1b7b544ef

Time (s): cpu = 00:05:47 ; elapsed = 00:03:26 . Memory (MB): peak = 3357.781 ; gain = 35.277 ; free physical = 207 ; free virtual = 870

Routing Is Done.
INFO: [Common 17-83] Releasing license: Implementation
111 Infos, 18 Warnings, 0 Critical Warnings and 0 Errors encountered.
route_design completed successfully
route_design: Time (s): cpu = 00:05:48 ; elapsed = 00:03:26 . Memory (MB): peak = 3357.781 ; gain = 35.277 ; free physical = 167 ; free virtual = 860
INFO: [Vivado 12-24828] Executing command : report_drc -file soc_npu_wrapper_drc_routed.rpt -pb soc_npu_wrapper_drc_routed.pb -rpx soc_npu_wrapper_drc_routed.rpx
Command: report_drc -file soc_npu_wrapper_drc_routed.rpt -pb soc_npu_wrapper_drc_routed.pb -rpx soc_npu_wrapper_drc_routed.rpx
INFO: [IP_Flow 19-1839] IP Catalog is up to date.
INFO: [DRC 23-27] Running DRC with 8 threads
INFO: [Vivado_Tcl 2-168] The results of DRC are in file /home/jaehyeok95/team_project_npu/team_project_npu.runs/impl_1/soc_npu_wrapper_drc_routed.rpt.
report_drc completed successfully
report_drc: Time (s): cpu = 00:00:21 ; elapsed = 00:00:05 . Memory (MB): peak = 3357.781 ; gain = 0.000 ; free physical = 150 ; free virtual = 866
INFO: [Vivado 12-24828] Executing command : report_methodology -file soc_npu_wrapper_methodology_drc_routed.rpt -pb soc_npu_wrapper_methodology_drc_routed.pb -rpx soc_npu_wrapper_methodology_drc_routed.rpx
Command: report_methodology -file soc_npu_wrapper_methodology_drc_routed.rpt -pb soc_npu_wrapper_methodology_drc_routed.pb -rpx soc_npu_wrapper_methodology_drc_routed.rpx
INFO: [Timing 38-35] Done setting XDC timing constraints.
INFO: [DRC 23-133] Running Methodology with 8 threads
INFO: [Vivado_Tcl 2-1520] The results of Report Methodology are in file /home/jaehyeok95/team_project_npu/team_project_npu.runs/impl_1/soc_npu_wrapper_methodology_drc_routed.rpt.
report_methodology completed successfully
report_methodology: Time (s): cpu = 00:00:57 ; elapsed = 00:00:18 . Memory (MB): peak = 3394.680 ; gain = 36.898 ; free physical = 149 ; free virtual = 881
INFO: [Vivado 12-24828] Executing command : report_timing_summary -max_paths 10 -report_unconstrained -file soc_npu_wrapper_timing_summary_routed.rpt -pb soc_npu_wrapper_timing_summary_routed.pb -rpx soc_npu_wrapper_timing_summary_routed.rpx -warn_on_violation 
INFO: [Timing 38-35] Done setting XDC timing constraints.
INFO: [Timing 38-91] UpdateTimingParams: Speed grade: -1, Delay Type: min_max.
INFO: [Timing 38-191] Multithreading enabled for timing update using a maximum of 8 CPUs
report_timing_summary: Time (s): cpu = 00:00:19 ; elapsed = 00:00:09 . Memory (MB): peak = 3394.680 ; gain = 0.000 ; free physical = 145 ; free virtual = 870
INFO: [Vivado 12-24838] Running report commands "report_bus_skew, report_incremental_reuse, report_route_status" in parallel.
Running report generation with 3 threads.
INFO: [Vivado 12-24828] Executing command : report_incremental_reuse -file soc_npu_wrapper_incremental_reuse_routed.rpt
INFO: [Vivado_Tcl 4-1062] Incremental flow is disabled. No incremental reuse Info to report.
INFO: [Vivado 12-24828] Executing command : report_bus_skew -warn_on_violation -file soc_npu_wrapper_bus_skew_routed.rpt -pb soc_npu_wrapper_bus_skew_routed.pb -rpx soc_npu_wrapper_bus_skew_routed.rpx
INFO: [Timing 38-91] UpdateTimingParams: Speed grade: -1, Delay Type: min_max.
INFO: [Timing 38-191] Multithreading enabled for timing update using a maximum of 8 CPUs
INFO: [Vivado 12-24828] Executing command : report_route_status -file soc_npu_wrapper_route_status.rpt -pb soc_npu_wrapper_route_status.pb
INFO: [Vivado 12-24828] Executing command : report_power -file soc_npu_wrapper_power_routed.rpt -pb soc_npu_wrapper_power_summary_routed.pb -rpx soc_npu_wrapper_power_routed.rpx
Command: report_power -file soc_npu_wrapper_power_routed.rpt -pb soc_npu_wrapper_power_summary_routed.pb -rpx soc_npu_wrapper_power_routed.rpx
Running Vector-less Activity Propagation...

Finished Running Vector-less Activity Propagation
131 Infos, 18 Warnings, 0 Critical Warnings and 0 Errors encountered.
report_power completed successfully
report_power: Time (s): cpu = 00:00:21 ; elapsed = 00:00:10 . Memory (MB): peak = 3450.707 ; gain = 56.027 ; free physical = 155 ; free virtual = 866
INFO: [Vivado 12-24828] Executing command : report_clock_utilization -file soc_npu_wrapper_clock_utilization_routed.rpt
generate_parallel_reports: Time (s): cpu = 00:02:00 ; elapsed = 00:00:45 . Memory (MB): peak = 3450.707 ; gain = 92.926 ; free physical = 127 ; free virtual = 831
INFO: [Timing 38-480] Writing timing data to binary archive.
Write ShapeDB Complete: Time (s): cpu = 00:00:00.5 ; elapsed = 00:00:00.17 . Memory (MB): peak = 3450.707 ; gain = 0.000 ; free physical = 146 ; free virtual = 847
Wrote PlaceDB: Time (s): cpu = 00:00:07 ; elapsed = 00:00:05 . Memory (MB): peak = 3450.707 ; gain = 0.000 ; free physical = 162 ; free virtual = 840
Wrote PulsedLatchDB: Time (s): cpu = 00:00:00 ; elapsed = 00:00:00 . Memory (MB): peak = 3450.707 ; gain = 0.000 ; free physical = 162 ; free virtual = 843
Writing XDEF routing.
Writing XDEF routing logical nets.
Writing XDEF routing special nets.
Wrote RouteStorage: Time (s): cpu = 00:00:00.74 ; elapsed = 00:00:01 . Memory (MB): peak = 3450.707 ; gain = 0.000 ; free physical = 160 ; free virtual = 843
Wrote Netlist Cache: Time (s): cpu = 00:00:00.04 ; elapsed = 00:00:00.14 . Memory (MB): peak = 3450.707 ; gain = 0.000 ; free physical = 159 ; free virtual = 846
Wrote Device Cache: Time (s): cpu = 00:00:00.01 ; elapsed = 00:00:00.02 . Memory (MB): peak = 3450.707 ; gain = 0.000 ; free physical = 163 ; free virtual = 845
Write Physdb Complete: Time (s): cpu = 00:00:08 ; elapsed = 00:00:06 . Memory (MB): peak = 3450.707 ; gain = 0.000 ; free physical = 170 ; free virtual = 845
INFO: [Common 17-1381] The checkpoint '/home/jaehyeok95/team_project_npu/team_project_npu.runs/impl_1/soc_npu_wrapper_routed.dcp' has been generated.
write_checkpoint: Time (s): cpu = 00:00:10 ; elapsed = 00:00:10 . Memory (MB): peak = 3450.707 ; gain = 0.000 ; free physical = 113 ; free virtual = 799
INFO: [Memdata 28-208] The XPM instance: <soc_npu_i/axi_dma_0/U0/I_PRMRY_DATAMOVER/GEN_MM2S_FULL.I_MM2S_FULL_WRAPPER/GEN_INCLUDE_MM2S_SF.I_RD_SF/I_DATA_FIFO/BLK_MEM.I_SYNC_FIFOGEN_FIFO/xpm_fifo_instance.xpm_fifo_sync_inst/xpm_fifo_base_inst/gen_sdpram.xpm_memory_base_inst> is part of IP: <soc_npu_i/axi_dma_0>. This XPM instance will be excluded from the .mmi because updatemem is prohibited from making changes to an XPM that is part of an IP.
Command: write_bitstream -force soc_npu_wrapper.bit
Attempting to get a license for feature 'Implementation' and/or device 'xc7z020'
INFO: [Common 17-349] Got license for feature 'Implementation' and/or device 'xc7z020'
Running DRC as a precondition to command write_bitstream
INFO: [IP_Flow 19-1839] IP Catalog is up to date.
INFO: [DRC 23-27] Running DRC with 8 threads
INFO: [Vivado 12-3199] DRC finished with 0 Errors
INFO: [Vivado 12-3200] Please refer to the DRC report (report_drc) for more information.
INFO: [Designutils 20-2272] Running write_bitstream with 8 threads.
Loading data files...
Loading site data...
Loading route data...
Processing options...
Creating bitmap...
Creating bitstream...
Writing bitstream ./soc_npu_wrapper.bit...
INFO: [Vivado 12-1842] Bitgen Completed Successfully.
INFO: [Project 1-1876] WebTalk data collection is mandatory when using a ULT device. To see the specific WebTalk data collected for your design, open the usage_statistics_webtalk.html or usage_statistics_webtalk.xml file in the implementation directory.
INFO: [Common 17-83] Releasing license: Implementation
144 Infos, 18 Warnings, 0 Critical Warnings and 0 Errors encountered.
write_bitstream completed successfully
write_bitstream: Time (s): cpu = 00:01:16 ; elapsed = 00:00:28 . Memory (MB): peak = 3849.570 ; gain = 334.832 ; free physical = 2498 ; free virtual = 4374
INFO: [Common 17-206] Exiting Vivado at Wed Mar 18 13:35:41 2026...
