Copyright 1986-2022 Xilinx, Inc. All Rights Reserved. Copyright 2022-2024 Advanced Micro Devices, Inc. All Rights Reserved.
---------------------------------------------------------------------------------------------------------------------------------------------
| Tool Version : Vivado v.2024.2 (lin64) Build 5239630 Fri Nov 08 22:34:34 MST 2024
| Date         : Sat Mar 14 15:21:31 2026
| Host         : jaehyeok95-AORUS-5-MB running 64-bit Ubuntu 24.04.3 LTS
| Command      : report_drc -file soc_npu_wrapper_drc_opted.rpt -pb soc_npu_wrapper_drc_opted.pb -rpx soc_npu_wrapper_drc_opted.rpx
| Design       : soc_npu_wrapper
| Device       : xc7z020clg400-1
| Speed File   : -1
| Design State : Synthesized
---------------------------------------------------------------------------------------------------------------------------------------------

Report DRC

Table of Contents
-----------------
1. REPORT SUMMARY
2. REPORT DETAILS

1. REPORT SUMMARY
-----------------
            Netlist: netlist
          Floorplan: design_1
      Design limits: <entire design considered>
           Ruledeck: default
             Max checks: <unlimited>
             Checks found: 42
+-----------+----------+----------------------------+--------+
| Rule      | Severity | Description                | Checks |
+-----------+----------+----------------------------+--------+
| CHECK-3   | Warning  | Report rule limit reached  | 1      |
| DPIP-1    | Warning  | Input pipelining           | 11     |
| DPOP-1    | Warning  | PREG Output pipelining     | 4      |
| DPOP-2    | Warning  | MREG Output pipelining     | 4      |
| DPOR-1    | Warning  | Asynchronous load check    | 2      |
| REQP-1839 | Warning  | RAMB36 async control check | 20     |
+-----------+----------+----------------------------+--------+

2. REPORT DETAILS
-----------------
CHECK-3#1 Warning
Report rule limit reached  
REQP-1839 rule limit reached: 20 violations have been found.
Related violations: <none>

DPIP-1#1 Warning
Input pipelining  
DSP soc_npu_i/myip_npu_OCR_0/inst/u_npu_core/patch_ch_offset_wide input soc_npu_i/myip_npu_OCR_0/inst/u_npu_core/patch_ch_offset_wide/A[29:0] is not pipelined. Pipelining DSP48 input will improve performance.
Related violations: <none>

DPIP-1#2 Warning
Input pipelining  
DSP soc_npu_i/myip_npu_OCR_0/inst/u_npu_core/patch_ch_offset_wide input soc_npu_i/myip_npu_OCR_0/inst/u_npu_core/patch_ch_offset_wide/B[17:0] is not pipelined. Pipelining DSP48 input will improve performance.
Related violations: <none>

DPIP-1#3 Warning
Input pipelining  
DSP soc_npu_i/myip_npu_OCR_0/inst/u_npu_core/pool_wr_offset0 input soc_npu_i/myip_npu_OCR_0/inst/u_npu_core/pool_wr_offset0/A[29:0] is not pipelined. Pipelining DSP48 input will improve performance.
Related violations: <none>

DPIP-1#4 Warning
Input pipelining  
DSP soc_npu_i/myip_npu_OCR_0/inst/u_npu_core/pool_wr_offset0 input soc_npu_i/myip_npu_OCR_0/inst/u_npu_core/pool_wr_offset0/B[17:0] is not pipelined. Pipelining DSP48 input will improve performance.
Related violations: <none>

DPIP-1#5 Warning
Input pipelining  
DSP soc_npu_i/myip_npu_OCR_0/inst/u_npu_core/u_pool/p_1_out input soc_npu_i/myip_npu_OCR_0/inst/u_npu_core/u_pool/p_1_out/A[29:0] is not pipelined. Pipelining DSP48 input will improve performance.
Related violations: <none>

DPIP-1#6 Warning
Input pipelining  
DSP soc_npu_i/myip_npu_OCR_0/inst/u_npu_core/u_pool/p_1_out input soc_npu_i/myip_npu_OCR_0/inst/u_npu_core/u_pool/p_1_out/B[17:0] is not pipelined. Pipelining DSP48 input will improve performance.
Related violations: <none>

DPIP-1#7 Warning
Input pipelining  
DSP soc_npu_i/myip_npu_OCR_0/inst/u_npu_core/u_pool/p_1_out input soc_npu_i/myip_npu_OCR_0/inst/u_npu_core/u_pool/p_1_out/C[47:0] is not pipelined. Pipelining DSP48 input will improve performance.
Related violations: <none>

DPIP-1#8 Warning
Input pipelining  
DSP soc_npu_i/myip_npu_OCR_0/inst/u_npu_core/u_pool/wr_addr0 input soc_npu_i/myip_npu_OCR_0/inst/u_npu_core/u_pool/wr_addr0/A[29:0] is not pipelined. Pipelining DSP48 input will improve performance.
Related violations: <none>

DPIP-1#9 Warning
Input pipelining  
DSP soc_npu_i/myip_npu_OCR_0/inst/u_npu_core/u_pool/wr_addr0 input soc_npu_i/myip_npu_OCR_0/inst/u_npu_core/u_pool/wr_addr0/B[17:0] is not pipelined. Pipelining DSP48 input will improve performance.
Related violations: <none>

DPIP-1#10 Warning
Input pipelining  
DSP soc_npu_i/myip_npu_OCR_0/inst/u_npu_core/u_pool/wr_addr2 input soc_npu_i/myip_npu_OCR_0/inst/u_npu_core/u_pool/wr_addr2/A[29:0] is not pipelined. Pipelining DSP48 input will improve performance.
Related violations: <none>

DPIP-1#11 Warning
Input pipelining  
DSP soc_npu_i/myip_npu_OCR_0/inst/u_npu_core/u_pool/wr_addr2 input soc_npu_i/myip_npu_OCR_0/inst/u_npu_core/u_pool/wr_addr2/B[17:0] is not pipelined. Pipelining DSP48 input will improve performance.
Related violations: <none>

DPOP-1#1 Warning
PREG Output pipelining  
DSP soc_npu_i/myip_npu_OCR_0/inst/u_npu_core/patch_ch_offset_wide output soc_npu_i/myip_npu_OCR_0/inst/u_npu_core/patch_ch_offset_wide/P[47:0] is not pipelined (PREG=0). Pipelining the DSP48 output will improve performance and often saves power so it is suggested whenever possible to fully pipeline this function.  If this DSP48 function was inferred, it is suggested to describe an additional register stage after this function.  If the DSP48 was instantiated in the design, it is suggested to set the PREG attribute to 1.
Related violations: <none>

DPOP-1#2 Warning
PREG Output pipelining  
DSP soc_npu_i/myip_npu_OCR_0/inst/u_npu_core/pool_wr_offset0 output soc_npu_i/myip_npu_OCR_0/inst/u_npu_core/pool_wr_offset0/P[47:0] is not pipelined (PREG=0). Pipelining the DSP48 output will improve performance and often saves power so it is suggested whenever possible to fully pipeline this function.  If this DSP48 function was inferred, it is suggested to describe an additional register stage after this function.  If the DSP48 was instantiated in the design, it is suggested to set the PREG attribute to 1.
Related violations: <none>

DPOP-1#3 Warning
PREG Output pipelining  
DSP soc_npu_i/myip_npu_OCR_0/inst/u_npu_core/u_pool/p_1_out output soc_npu_i/myip_npu_OCR_0/inst/u_npu_core/u_pool/p_1_out/P[47:0] is not pipelined (PREG=0). Pipelining the DSP48 output will improve performance and often saves power so it is suggested whenever possible to fully pipeline this function.  If this DSP48 function was inferred, it is suggested to describe an additional register stage after this function.  If the DSP48 was instantiated in the design, it is suggested to set the PREG attribute to 1.
Related violations: <none>

DPOP-1#4 Warning
PREG Output pipelining  
DSP soc_npu_i/myip_npu_OCR_0/inst/u_npu_core/u_pool/wr_addr0 output soc_npu_i/myip_npu_OCR_0/inst/u_npu_core/u_pool/wr_addr0/P[47:0] is not pipelined (PREG=0). Pipelining the DSP48 output will improve performance and often saves power so it is suggested whenever possible to fully pipeline this function.  If this DSP48 function was inferred, it is suggested to describe an additional register stage after this function.  If the DSP48 was instantiated in the design, it is suggested to set the PREG attribute to 1.
Related violations: <none>

DPOP-2#1 Warning
MREG Output pipelining  
DSP soc_npu_i/myip_npu_OCR_0/inst/u_npu_core/patch_ch_offset_wide multiplier stage soc_npu_i/myip_npu_OCR_0/inst/u_npu_core/patch_ch_offset_wide/P[47:0] is not pipelined (MREG=0). Pipelining the multiplier function will improve performance and will save significant power so it is suggested whenever possible to fully pipeline this function.  If this multiplier was inferred, it is suggested to describe an additional register stage after this function.  If there is no registered adder/accumulator following the multiply function, two pipeline stages are suggested to allow both the MREG and PREG registers to be used.  If the DSP48 was instantiated in the design, it is suggested to set both the MREG and PREG attributes to 1 when performing multiply functions.
Related violations: <none>

DPOP-2#2 Warning
MREG Output pipelining  
DSP soc_npu_i/myip_npu_OCR_0/inst/u_npu_core/pool_wr_offset0 multiplier stage soc_npu_i/myip_npu_OCR_0/inst/u_npu_core/pool_wr_offset0/P[47:0] is not pipelined (MREG=0). Pipelining the multiplier function will improve performance and will save significant power so it is suggested whenever possible to fully pipeline this function.  If this multiplier was inferred, it is suggested to describe an additional register stage after this function.  If there is no registered adder/accumulator following the multiply function, two pipeline stages are suggested to allow both the MREG and PREG registers to be used.  If the DSP48 was instantiated in the design, it is suggested to set both the MREG and PREG attributes to 1 when performing multiply functions.
Related violations: <none>

DPOP-2#3 Warning
MREG Output pipelining  
DSP soc_npu_i/myip_npu_OCR_0/inst/u_npu_core/u_pool/p_1_out multiplier stage soc_npu_i/myip_npu_OCR_0/inst/u_npu_core/u_pool/p_1_out/P[47:0] is not pipelined (MREG=0). Pipelining the multiplier function will improve performance and will save significant power so it is suggested whenever possible to fully pipeline this function.  If this multiplier was inferred, it is suggested to describe an additional register stage after this function.  If there is no registered adder/accumulator following the multiply function, two pipeline stages are suggested to allow both the MREG and PREG registers to be used.  If the DSP48 was instantiated in the design, it is suggested to set both the MREG and PREG attributes to 1 when performing multiply functions.
Related violations: <none>

DPOP-2#4 Warning
MREG Output pipelining  
DSP soc_npu_i/myip_npu_OCR_0/inst/u_npu_core/u_pool/wr_addr0 multiplier stage soc_npu_i/myip_npu_OCR_0/inst/u_npu_core/u_pool/wr_addr0/P[47:0] is not pipelined (MREG=0). Pipelining the multiplier function will improve performance and will save significant power so it is suggested whenever possible to fully pipeline this function.  If this multiplier was inferred, it is suggested to describe an additional register stage after this function.  If there is no registered adder/accumulator following the multiply function, two pipeline stages are suggested to allow both the MREG and PREG registers to be used.  If the DSP48 was instantiated in the design, it is suggested to set both the MREG and PREG attributes to 1 when performing multiply functions.
Related violations: <none>

DPOR-1#1 Warning
Asynchronous load check  
DSP soc_npu_i/myip_npu_OCR_0/inst/u_npu_core/u_pool/p_1_out output is connected to registers with an asynchronous reset (soc_npu_i/myip_npu_OCR_0/inst/u_npu_core/u_pool/rd_addr_reg[0]). This is preventing the possibility of merging these registers in to the DSP Block since the DSP block registers only possess synchronous reset capability.  It is suggested to recode or change these registers to remove the reset or use a synchronous reset to get the best optimization for performance, power and area.
Related violations: <none>

DPOR-1#2 Warning
Asynchronous load check  
DSP soc_npu_i/myip_npu_OCR_0/inst/u_npu_core/u_pool/p_1_out output is connected to registers with an asynchronous reset (soc_npu_i/myip_npu_OCR_0/inst/u_npu_core/u_pool/rd_addr_reg[1]). This is preventing the possibility of merging these registers in to the DSP Block since the DSP block registers only possess synchronous reset capability.  It is suggested to recode or change these registers to remove the reset or use a synchronous reset to get the best optimization for performance, power and area.
Related violations: <none>

REQP-1839#1 Warning
RAMB36 async control check  
The RAMB36E1 soc_npu_i/myip_npu_OCR_0/inst/u_npu_core/u_fmap_a/mem_reg_0_0 has an input control pin soc_npu_i/myip_npu_OCR_0/inst/u_npu_core/u_fmap_a/mem_reg_0_0/ADDRARDADDR[14] (net: soc_npu_i/myip_npu_OCR_0/inst/u_npu_core/u_fmap_a/ADDRARDADDR[14]) which is driven by a register (soc_npu_i/myip_npu_OCR_0/inst/u_npu_core/load_we_reg_reg) that has an active asychronous set or reset. This may cause corruption of the memory contents and/or read values when the set/reset is asserted and is not analyzed by the default static timing analysis. It is suggested to eliminate the use of a set/reset to registers driving this RAMB pin or else use a synchronous reset in which the assertion of the reset is timed by default.
Related violations: <none>

REQP-1839#2 Warning
RAMB36 async control check  
The RAMB36E1 soc_npu_i/myip_npu_OCR_0/inst/u_npu_core/u_fmap_a/mem_reg_0_0 has an input control pin soc_npu_i/myip_npu_OCR_0/inst/u_npu_core/u_fmap_a/mem_reg_0_0/ADDRARDADDR[14] (net: soc_npu_i/myip_npu_OCR_0/inst/u_npu_core/u_fmap_a/ADDRARDADDR[14]) which is driven by a register (soc_npu_i/myip_npu_OCR_0/inst/u_npu_core/load_wr_addr_reg_reg[14]) that has an active asychronous set or reset. This may cause corruption of the memory contents and/or read values when the set/reset is asserted and is not analyzed by the default static timing analysis. It is suggested to eliminate the use of a set/reset to registers driving this RAMB pin or else use a synchronous reset in which the assertion of the reset is timed by default.
Related violations: <none>

REQP-1839#3 Warning
RAMB36 async control check  
The RAMB36E1 soc_npu_i/myip_npu_OCR_0/inst/u_npu_core/u_fmap_a/mem_reg_0_0 has an input control pin soc_npu_i/myip_npu_OCR_0/inst/u_npu_core/u_fmap_a/mem_reg_0_0/ADDRARDADDR[14] (net: soc_npu_i/myip_npu_OCR_0/inst/u_npu_core/u_fmap_a/ADDRARDADDR[14]) which is driven by a register (soc_npu_i/myip_npu_OCR_0/inst/u_npu_core/pool_dst_reg) that has an active asychronous set or reset. This may cause corruption of the memory contents and/or read values when the set/reset is asserted and is not analyzed by the default static timing analysis. It is suggested to eliminate the use of a set/reset to registers driving this RAMB pin or else use a synchronous reset in which the assertion of the reset is timed by default.
Related violations: <none>

REQP-1839#4 Warning
RAMB36 async control check  
The RAMB36E1 soc_npu_i/myip_npu_OCR_0/inst/u_npu_core/u_fmap_a/mem_reg_0_0 has an input control pin soc_npu_i/myip_npu_OCR_0/inst/u_npu_core/u_fmap_a/mem_reg_0_0/ADDRARDADDR[14] (net: soc_npu_i/myip_npu_OCR_0/inst/u_npu_core/u_fmap_a/ADDRARDADDR[14]) which is driven by a register (soc_npu_i/myip_npu_OCR_0/inst/u_npu_core/u_fc/done_reg) that has an active asychronous set or reset. This may cause corruption of the memory contents and/or read values when the set/reset is asserted and is not analyzed by the default static timing analysis. It is suggested to eliminate the use of a set/reset to registers driving this RAMB pin or else use a synchronous reset in which the assertion of the reset is timed by default.
Related violations: <none>

REQP-1839#5 Warning
RAMB36 async control check  
The RAMB36E1 soc_npu_i/myip_npu_OCR_0/inst/u_npu_core/u_fmap_a/mem_reg_0_0 has an input control pin soc_npu_i/myip_npu_OCR_0/inst/u_npu_core/u_fmap_a/mem_reg_0_0/ADDRARDADDR[14] (net: soc_npu_i/myip_npu_OCR_0/inst/u_npu_core/u_fmap_a/ADDRARDADDR[14]) which is driven by a register (soc_npu_i/myip_npu_OCR_0/inst/u_npu_core/u_pool/wr_addr_reg[0]) that has an active asychronous set or reset. This may cause corruption of the memory contents and/or read values when the set/reset is asserted and is not analyzed by the default static timing analysis. It is suggested to eliminate the use of a set/reset to registers driving this RAMB pin or else use a synchronous reset in which the assertion of the reset is timed by default.
Related violations: <none>

REQP-1839#6 Warning
RAMB36 async control check  
The RAMB36E1 soc_npu_i/myip_npu_OCR_0/inst/u_npu_core/u_fmap_a/mem_reg_0_0 has an input control pin soc_npu_i/myip_npu_OCR_0/inst/u_npu_core/u_fmap_a/mem_reg_0_0/ADDRARDADDR[14] (net: soc_npu_i/myip_npu_OCR_0/inst/u_npu_core/u_fmap_a/ADDRARDADDR[14]) which is driven by a register (soc_npu_i/myip_npu_OCR_0/inst/u_npu_core/u_pool/wr_addr_reg[10]) that has an active asychronous set or reset. This may cause corruption of the memory contents and/or read values when the set/reset is asserted and is not analyzed by the default static timing analysis. It is suggested to eliminate the use of a set/reset to registers driving this RAMB pin or else use a synchronous reset in which the assertion of the reset is timed by default.
Related violations: <none>

REQP-1839#7 Warning
RAMB36 async control check  
The RAMB36E1 soc_npu_i/myip_npu_OCR_0/inst/u_npu_core/u_fmap_a/mem_reg_0_0 has an input control pin soc_npu_i/myip_npu_OCR_0/inst/u_npu_core/u_fmap_a/mem_reg_0_0/ADDRARDADDR[14] (net: soc_npu_i/myip_npu_OCR_0/inst/u_npu_core/u_fmap_a/ADDRARDADDR[14]) which is driven by a register (soc_npu_i/myip_npu_OCR_0/inst/u_npu_core/u_pool/wr_addr_reg[11]) that has an active asychronous set or reset. This may cause corruption of the memory contents and/or read values when the set/reset is asserted and is not analyzed by the default static timing analysis. It is suggested to eliminate the use of a set/reset to registers driving this RAMB pin or else use a synchronous reset in which the assertion of the reset is timed by default.
Related violations: <none>

REQP-1839#8 Warning
RAMB36 async control check  
The RAMB36E1 soc_npu_i/myip_npu_OCR_0/inst/u_npu_core/u_fmap_a/mem_reg_0_0 has an input control pin soc_npu_i/myip_npu_OCR_0/inst/u_npu_core/u_fmap_a/mem_reg_0_0/ADDRARDADDR[14] (net: soc_npu_i/myip_npu_OCR_0/inst/u_npu_core/u_fmap_a/ADDRARDADDR[14]) which is driven by a register (soc_npu_i/myip_npu_OCR_0/inst/u_npu_core/u_pool/wr_addr_reg[12]) that has an active asychronous set or reset. This may cause corruption of the memory contents and/or read values when the set/reset is asserted and is not analyzed by the default static timing analysis. It is suggested to eliminate the use of a set/reset to registers driving this RAMB pin or else use a synchronous reset in which the assertion of the reset is timed by default.
Related violations: <none>

REQP-1839#9 Warning
RAMB36 async control check  
The RAMB36E1 soc_npu_i/myip_npu_OCR_0/inst/u_npu_core/u_fmap_a/mem_reg_0_0 has an input control pin soc_npu_i/myip_npu_OCR_0/inst/u_npu_core/u_fmap_a/mem_reg_0_0/ADDRARDADDR[14] (net: soc_npu_i/myip_npu_OCR_0/inst/u_npu_core/u_fmap_a/ADDRARDADDR[14]) which is driven by a register (soc_npu_i/myip_npu_OCR_0/inst/u_npu_core/u_pool/wr_addr_reg[13]) that has an active asychronous set or reset. This may cause corruption of the memory contents and/or read values when the set/reset is asserted and is not analyzed by the default static timing analysis. It is suggested to eliminate the use of a set/reset to registers driving this RAMB pin or else use a synchronous reset in which the assertion of the reset is timed by default.
Related violations: <none>

REQP-1839#10 Warning
RAMB36 async control check  
The RAMB36E1 soc_npu_i/myip_npu_OCR_0/inst/u_npu_core/u_fmap_a/mem_reg_0_0 has an input control pin soc_npu_i/myip_npu_OCR_0/inst/u_npu_core/u_fmap_a/mem_reg_0_0/ADDRARDADDR[14] (net: soc_npu_i/myip_npu_OCR_0/inst/u_npu_core/u_fmap_a/ADDRARDADDR[14]) which is driven by a register (soc_npu_i/myip_npu_OCR_0/inst/u_npu_core/u_pool/wr_addr_reg[14]) that has an active asychronous set or reset. This may cause corruption of the memory contents and/or read values when the set/reset is asserted and is not analyzed by the default static timing analysis. It is suggested to eliminate the use of a set/reset to registers driving this RAMB pin or else use a synchronous reset in which the assertion of the reset is timed by default.
Related violations: <none>

REQP-1839#11 Warning
RAMB36 async control check  
The RAMB36E1 soc_npu_i/myip_npu_OCR_0/inst/u_npu_core/u_fmap_a/mem_reg_0_0 has an input control pin soc_npu_i/myip_npu_OCR_0/inst/u_npu_core/u_fmap_a/mem_reg_0_0/ADDRARDADDR[14] (net: soc_npu_i/myip_npu_OCR_0/inst/u_npu_core/u_fmap_a/ADDRARDADDR[14]) which is driven by a register (soc_npu_i/myip_npu_OCR_0/inst/u_npu_core/u_pool/wr_addr_reg[1]) that has an active asychronous set or reset. This may cause corruption of the memory contents and/or read values when the set/reset is asserted and is not analyzed by the default static timing analysis. It is suggested to eliminate the use of a set/reset to registers driving this RAMB pin or else use a synchronous reset in which the assertion of the reset is timed by default.
Related violations: <none>

REQP-1839#12 Warning
RAMB36 async control check  
The RAMB36E1 soc_npu_i/myip_npu_OCR_0/inst/u_npu_core/u_fmap_a/mem_reg_0_0 has an input control pin soc_npu_i/myip_npu_OCR_0/inst/u_npu_core/u_fmap_a/mem_reg_0_0/ADDRARDADDR[14] (net: soc_npu_i/myip_npu_OCR_0/inst/u_npu_core/u_fmap_a/ADDRARDADDR[14]) which is driven by a register (soc_npu_i/myip_npu_OCR_0/inst/u_npu_core/u_pool/wr_addr_reg[2]) that has an active asychronous set or reset. This may cause corruption of the memory contents and/or read values when the set/reset is asserted and is not analyzed by the default static timing analysis. It is suggested to eliminate the use of a set/reset to registers driving this RAMB pin or else use a synchronous reset in which the assertion of the reset is timed by default.
Related violations: <none>

REQP-1839#13 Warning
RAMB36 async control check  
The RAMB36E1 soc_npu_i/myip_npu_OCR_0/inst/u_npu_core/u_fmap_a/mem_reg_0_0 has an input control pin soc_npu_i/myip_npu_OCR_0/inst/u_npu_core/u_fmap_a/mem_reg_0_0/ADDRARDADDR[14] (net: soc_npu_i/myip_npu_OCR_0/inst/u_npu_core/u_fmap_a/ADDRARDADDR[14]) which is driven by a register (soc_npu_i/myip_npu_OCR_0/inst/u_npu_core/u_pool/wr_addr_reg[3]) that has an active asychronous set or reset. This may cause corruption of the memory contents and/or read values when the set/reset is asserted and is not analyzed by the default static timing analysis. It is suggested to eliminate the use of a set/reset to registers driving this RAMB pin or else use a synchronous reset in which the assertion of the reset is timed by default.
Related violations: <none>

REQP-1839#14 Warning
RAMB36 async control check  
The RAMB36E1 soc_npu_i/myip_npu_OCR_0/inst/u_npu_core/u_fmap_a/mem_reg_0_0 has an input control pin soc_npu_i/myip_npu_OCR_0/inst/u_npu_core/u_fmap_a/mem_reg_0_0/ADDRARDADDR[14] (net: soc_npu_i/myip_npu_OCR_0/inst/u_npu_core/u_fmap_a/ADDRARDADDR[14]) which is driven by a register (soc_npu_i/myip_npu_OCR_0/inst/u_npu_core/u_pool/wr_addr_reg[4]) that has an active asychronous set or reset. This may cause corruption of the memory contents and/or read values when the set/reset is asserted and is not analyzed by the default static timing analysis. It is suggested to eliminate the use of a set/reset to registers driving this RAMB pin or else use a synchronous reset in which the assertion of the reset is timed by default.
Related violations: <none>

REQP-1839#15 Warning
RAMB36 async control check  
The RAMB36E1 soc_npu_i/myip_npu_OCR_0/inst/u_npu_core/u_fmap_a/mem_reg_0_0 has an input control pin soc_npu_i/myip_npu_OCR_0/inst/u_npu_core/u_fmap_a/mem_reg_0_0/ADDRARDADDR[14] (net: soc_npu_i/myip_npu_OCR_0/inst/u_npu_core/u_fmap_a/ADDRARDADDR[14]) which is driven by a register (soc_npu_i/myip_npu_OCR_0/inst/u_npu_core/u_pool/wr_addr_reg[5]) that has an active asychronous set or reset. This may cause corruption of the memory contents and/or read values when the set/reset is asserted and is not analyzed by the default static timing analysis. It is suggested to eliminate the use of a set/reset to registers driving this RAMB pin or else use a synchronous reset in which the assertion of the reset is timed by default.
Related violations: <none>

REQP-1839#16 Warning
RAMB36 async control check  
The RAMB36E1 soc_npu_i/myip_npu_OCR_0/inst/u_npu_core/u_fmap_a/mem_reg_0_0 has an input control pin soc_npu_i/myip_npu_OCR_0/inst/u_npu_core/u_fmap_a/mem_reg_0_0/ADDRARDADDR[14] (net: soc_npu_i/myip_npu_OCR_0/inst/u_npu_core/u_fmap_a/ADDRARDADDR[14]) which is driven by a register (soc_npu_i/myip_npu_OCR_0/inst/u_npu_core/u_pool/wr_addr_reg[6]) that has an active asychronous set or reset. This may cause corruption of the memory contents and/or read values when the set/reset is asserted and is not analyzed by the default static timing analysis. It is suggested to eliminate the use of a set/reset to registers driving this RAMB pin or else use a synchronous reset in which the assertion of the reset is timed by default.
Related violations: <none>

REQP-1839#17 Warning
RAMB36 async control check  
The RAMB36E1 soc_npu_i/myip_npu_OCR_0/inst/u_npu_core/u_fmap_a/mem_reg_0_0 has an input control pin soc_npu_i/myip_npu_OCR_0/inst/u_npu_core/u_fmap_a/mem_reg_0_0/ADDRARDADDR[14] (net: soc_npu_i/myip_npu_OCR_0/inst/u_npu_core/u_fmap_a/ADDRARDADDR[14]) which is driven by a register (soc_npu_i/myip_npu_OCR_0/inst/u_npu_core/u_pool/wr_addr_reg[7]) that has an active asychronous set or reset. This may cause corruption of the memory contents and/or read values when the set/reset is asserted and is not analyzed by the default static timing analysis. It is suggested to eliminate the use of a set/reset to registers driving this RAMB pin or else use a synchronous reset in which the assertion of the reset is timed by default.
Related violations: <none>

REQP-1839#18 Warning
RAMB36 async control check  
The RAMB36E1 soc_npu_i/myip_npu_OCR_0/inst/u_npu_core/u_fmap_a/mem_reg_0_0 has an input control pin soc_npu_i/myip_npu_OCR_0/inst/u_npu_core/u_fmap_a/mem_reg_0_0/ADDRARDADDR[14] (net: soc_npu_i/myip_npu_OCR_0/inst/u_npu_core/u_fmap_a/ADDRARDADDR[14]) which is driven by a register (soc_npu_i/myip_npu_OCR_0/inst/u_npu_core/u_pool/wr_addr_reg[8]) that has an active asychronous set or reset. This may cause corruption of the memory contents and/or read values when the set/reset is asserted and is not analyzed by the default static timing analysis. It is suggested to eliminate the use of a set/reset to registers driving this RAMB pin or else use a synchronous reset in which the assertion of the reset is timed by default.
Related violations: <none>

REQP-1839#19 Warning
RAMB36 async control check  
The RAMB36E1 soc_npu_i/myip_npu_OCR_0/inst/u_npu_core/u_fmap_a/mem_reg_0_0 has an input control pin soc_npu_i/myip_npu_OCR_0/inst/u_npu_core/u_fmap_a/mem_reg_0_0/ADDRARDADDR[14] (net: soc_npu_i/myip_npu_OCR_0/inst/u_npu_core/u_fmap_a/ADDRARDADDR[14]) which is driven by a register (soc_npu_i/myip_npu_OCR_0/inst/u_npu_core/u_pool/wr_addr_reg[9]) that has an active asychronous set or reset. This may cause corruption of the memory contents and/or read values when the set/reset is asserted and is not analyzed by the default static timing analysis. It is suggested to eliminate the use of a set/reset to registers driving this RAMB pin or else use a synchronous reset in which the assertion of the reset is timed by default.
Related violations: <none>

REQP-1839#20 Warning
RAMB36 async control check  
The RAMB36E1 soc_npu_i/myip_npu_OCR_0/inst/u_npu_core/u_fmap_a/mem_reg_0_0 has an input control pin soc_npu_i/myip_npu_OCR_0/inst/u_npu_core/u_fmap_a/mem_reg_0_0/ADDRARDADDR[14] (net: soc_npu_i/myip_npu_OCR_0/inst/u_npu_core/u_fmap_a/ADDRARDADDR[14]) which is driven by a register (soc_npu_i/myip_npu_OCR_0/inst/u_npu_core/u_pool/wr_en_reg) that has an active asychronous set or reset. This may cause corruption of the memory contents and/or read values when the set/reset is asserted and is not analyzed by the default static timing analysis. It is suggested to eliminate the use of a set/reset to registers driving this RAMB pin or else use a synchronous reset in which the assertion of the reset is timed by default.
Related violations: <none>


