Copyright 1986-2022 Xilinx, Inc. All Rights Reserved. Copyright 2022-2024 Advanced Micro Devices, Inc. All Rights Reserved.
---------------------------------------------------------------------------------------------------------------------------------------------
| Tool Version : Vivado v.2024.2 (lin64) Build 5239630 Fri Nov 08 22:34:34 MST 2024
| Date         : Mon Mar 16 19:02:28 2026
| Host         : jaehyeok95-AORUS-5-MB running 64-bit Ubuntu 24.04.3 LTS
| Command      : report_drc -file soc_npu_wrapper_drc_routed.rpt -pb soc_npu_wrapper_drc_routed.pb -rpx soc_npu_wrapper_drc_routed.rpx
| Design       : soc_npu_wrapper
| Device       : xc7z020clg400-1
| Speed File   : -1
| Design State : Fully Routed
---------------------------------------------------------------------------------------------------------------------------------------------

Report DRC

Table of Contents
-----------------
1. REPORT SUMMARY
2. REPORT DETAILS

1. REPORT SUMMARY
-----------------
            Netlist: netlist
          Floorplan: design_1
      Design limits: <entire design considered>
           Ruledeck: default
             Max checks: <unlimited>
             Checks found: 72
+-----------+----------+----------------------------+--------+
| Rule      | Severity | Description                | Checks |
+-----------+----------+----------------------------+--------+
| CHECK-3   | Warning  | Report rule limit reached  | 2      |
| DPIP-1    | Warning  | Input pipelining           | 7      |
| DPOP-1    | Warning  | PREG Output pipelining     | 2      |
| DPOP-2    | Warning  | MREG Output pipelining     | 2      |
| PDCN-1569 | Warning  | LUT equation term check    | 3      |
| PDRC-132  | Warning  | SLICE_PairEqSame_A6A5_WARN | 1      |
| PDRC-134  | Warning  | SLICE_PairEqSame_B6B5_WARN | 4      |
| PDRC-136  | Warning  | SLICE_PairEqSame_C6C5_WARN | 4      |
| PDRC-138  | Warning  | SLICE_PairEqSame_D6D5_WARN | 4      |
| PDRC-140  | Warning  | SLICE_PairEqSame_A6A5_WARN | 1      |
| PDRC-146  | Warning  | SLICE_PairEqSame_D6D5_WARN | 1      |
| REQP-1839 | Warning  | RAMB36 async control check | 20     |
| REQP-1840 | Warning  | RAMB18 async control check | 20     |
| RTSTAT-10 | Warning  | No routable loads          | 1      |
+-----------+----------+----------------------------+--------+

2. REPORT DETAILS
-----------------
CHECK-3#1 Warning
Report rule limit reached  
REQP-1839 rule limit reached: 20 violations have been found.
Related violations: <none>

CHECK-3#2 Warning
Report rule limit reached  
REQP-1840 rule limit reached: 20 violations have been found.
Related violations: <none>

DPIP-1#1 Warning
Input pipelining  
DSP soc_npu_i/myip_npu_OCR_0/inst/u_npu_core/u_pool/p_1_out input soc_npu_i/myip_npu_OCR_0/inst/u_npu_core/u_pool/p_1_out/A[29:0] is not pipelined. Pipelining DSP48 input will improve performance.
Related violations: <none>

DPIP-1#2 Warning
Input pipelining  
DSP soc_npu_i/myip_npu_OCR_0/inst/u_npu_core/u_pool/p_1_out input soc_npu_i/myip_npu_OCR_0/inst/u_npu_core/u_pool/p_1_out/B[17:0] is not pipelined. Pipelining DSP48 input will improve performance.
Related violations: <none>

DPIP-1#3 Warning
Input pipelining  
DSP soc_npu_i/myip_npu_OCR_0/inst/u_npu_core/u_pool/p_1_out input soc_npu_i/myip_npu_OCR_0/inst/u_npu_core/u_pool/p_1_out/C[47:0] is not pipelined. Pipelining DSP48 input will improve performance.
Related violations: <none>

DPIP-1#4 Warning
Input pipelining  
DSP soc_npu_i/myip_npu_OCR_0/inst/u_npu_core/u_pool/wr_addr0 input soc_npu_i/myip_npu_OCR_0/inst/u_npu_core/u_pool/wr_addr0/A[29:0] is not pipelined. Pipelining DSP48 input will improve performance.
Related violations: <none>

DPIP-1#5 Warning
Input pipelining  
DSP soc_npu_i/myip_npu_OCR_0/inst/u_npu_core/u_pool/wr_addr0 input soc_npu_i/myip_npu_OCR_0/inst/u_npu_core/u_pool/wr_addr0/B[17:0] is not pipelined. Pipelining DSP48 input will improve performance.
Related violations: <none>

DPIP-1#6 Warning
Input pipelining  
DSP soc_npu_i/myip_npu_OCR_0/inst/u_npu_core/u_pool/wr_addr2 input soc_npu_i/myip_npu_OCR_0/inst/u_npu_core/u_pool/wr_addr2/A[29:0] is not pipelined. Pipelining DSP48 input will improve performance.
Related violations: <none>

DPIP-1#7 Warning
Input pipelining  
DSP soc_npu_i/myip_npu_OCR_0/inst/u_npu_core/u_pool/wr_addr2 input soc_npu_i/myip_npu_OCR_0/inst/u_npu_core/u_pool/wr_addr2/B[17:0] is not pipelined. Pipelining DSP48 input will improve performance.
Related violations: <none>

DPOP-1#1 Warning
PREG Output pipelining  
DSP soc_npu_i/myip_npu_OCR_0/inst/u_npu_core/u_pool/p_1_out output soc_npu_i/myip_npu_OCR_0/inst/u_npu_core/u_pool/p_1_out/P[47:0] is not pipelined (PREG=0). Pipelining the DSP48 output will improve performance and often saves power so it is suggested whenever possible to fully pipeline this function.  If this DSP48 function was inferred, it is suggested to describe an additional register stage after this function.  If the DSP48 was instantiated in the design, it is suggested to set the PREG attribute to 1.
Related violations: <none>

DPOP-1#2 Warning
PREG Output pipelining  
DSP soc_npu_i/myip_npu_OCR_0/inst/u_npu_core/u_pool/wr_addr0 output soc_npu_i/myip_npu_OCR_0/inst/u_npu_core/u_pool/wr_addr0/P[47:0] is not pipelined (PREG=0). Pipelining the DSP48 output will improve performance and often saves power so it is suggested whenever possible to fully pipeline this function.  If this DSP48 function was inferred, it is suggested to describe an additional register stage after this function.  If the DSP48 was instantiated in the design, it is suggested to set the PREG attribute to 1.
Related violations: <none>

DPOP-2#1 Warning
MREG Output pipelining  
DSP soc_npu_i/myip_npu_OCR_0/inst/u_npu_core/u_pool/p_1_out multiplier stage soc_npu_i/myip_npu_OCR_0/inst/u_npu_core/u_pool/p_1_out/P[47:0] is not pipelined (MREG=0). Pipelining the multiplier function will improve performance and will save significant power so it is suggested whenever possible to fully pipeline this function.  If this multiplier was inferred, it is suggested to describe an additional register stage after this function.  If there is no registered adder/accumulator following the multiply function, two pipeline stages are suggested to allow both the MREG and PREG registers to be used.  If the DSP48 was instantiated in the design, it is suggested to set both the MREG and PREG attributes to 1 when performing multiply functions.
Related violations: <none>

DPOP-2#2 Warning
MREG Output pipelining  
DSP soc_npu_i/myip_npu_OCR_0/inst/u_npu_core/u_pool/wr_addr0 multiplier stage soc_npu_i/myip_npu_OCR_0/inst/u_npu_core/u_pool/wr_addr0/P[47:0] is not pipelined (MREG=0). Pipelining the multiplier function will improve performance and will save significant power so it is suggested whenever possible to fully pipeline this function.  If this multiplier was inferred, it is suggested to describe an additional register stage after this function.  If there is no registered adder/accumulator following the multiply function, two pipeline stages are suggested to allow both the MREG and PREG registers to be used.  If the DSP48 was instantiated in the design, it is suggested to set both the MREG and PREG attributes to 1 when performing multiply functions.
Related violations: <none>

PDCN-1569#1 Warning
LUT equation term check  
Used physical LUT pin 'A2' of cell soc_npu_i/axi_mem_intercon/m00_couplers/auto_pc/inst/gen_axi4_axi3.axi3_conv_inst/USE_WRITE.write_addr_inst/USE_BURSTS.cmd_queue/inst/fifo_gen_inst/inst_fifo_gen/gconvfifo.rf/grf.rf/gntv_or_sync_fifo.gl0.rd/gr1.gr1_int.rfwft/gpregsm1.user_valid_i_1 (pin soc_npu_i/axi_mem_intercon/m00_couplers/auto_pc/inst/gen_axi4_axi3.axi3_conv_inst/USE_WRITE.write_addr_inst/USE_BURSTS.cmd_queue/inst/fifo_gen_inst/inst_fifo_gen/gconvfifo.rf/grf.rf/gntv_or_sync_fifo.gl0.rd/gr1.gr1_int.rfwft/gpregsm1.user_valid_i_1/I1) is not included in the LUT equation: 'O6=(A6)+((~A6)*(~A5)*A4)'. If this cell is a user instantiated LUT in the design, please remove connectivity to the pin or change the equation and/or INIT string of the LUT to prevent this issue. If the cell is inferred or IP created LUT, please regenerate the IP and/or resynthesize the design to attempt to correct the issue.
Related violations: <none>

PDCN-1569#2 Warning
LUT equation term check  
Used physical LUT pin 'A4' of cell soc_npu_i/axi_mem_intercon/m00_couplers/auto_pc/inst/gen_axi4_axi3.axi3_conv_inst/USE_WRITE.write_addr_inst/USE_B_CHANNEL.cmd_b_queue/inst/fifo_gen_inst/inst_fifo_gen/gconvfifo.rf/grf.rf/gntv_or_sync_fifo.gl0.rd/gr1.gr1_int.rfwft/gpregsm1.user_valid_i_1 (pin soc_npu_i/axi_mem_intercon/m00_couplers/auto_pc/inst/gen_axi4_axi3.axi3_conv_inst/USE_WRITE.write_addr_inst/USE_B_CHANNEL.cmd_b_queue/inst/fifo_gen_inst/inst_fifo_gen/gconvfifo.rf/grf.rf/gntv_or_sync_fifo.gl0.rd/gr1.gr1_int.rfwft/gpregsm1.user_valid_i_1/I1) is not included in the LUT equation: 'O6=(A6)+((~A6)*(~A5)*A3)'. If this cell is a user instantiated LUT in the design, please remove connectivity to the pin or change the equation and/or INIT string of the LUT to prevent this issue. If the cell is inferred or IP created LUT, please regenerate the IP and/or resynthesize the design to attempt to correct the issue.
Related violations: <none>

PDCN-1569#3 Warning
LUT equation term check  
Used physical LUT pin 'A6' of cell soc_npu_i/axi_mem_intercon/m00_couplers/auto_pc/inst/gen_axi4_axi3.axi3_conv_inst/USE_READ.USE_SPLIT_R.read_addr_inst/USE_R_CHANNEL.cmd_queue/inst/fifo_gen_inst/inst_fifo_gen/gconvfifo.rf/grf.rf/gntv_or_sync_fifo.gl0.rd/gr1.gr1_int.rfwft/gpregsm1.user_valid_i_1 (pin soc_npu_i/axi_mem_intercon/m00_couplers/auto_pc/inst/gen_axi4_axi3.axi3_conv_inst/USE_READ.USE_SPLIT_R.read_addr_inst/USE_R_CHANNEL.cmd_queue/inst/fifo_gen_inst/inst_fifo_gen/gconvfifo.rf/grf.rf/gntv_or_sync_fifo.gl0.rd/gr1.gr1_int.rfwft/gpregsm1.user_valid_i_1/I1) is not included in the LUT equation: 'O6=(A5)+((~A5)*(~A2)*A3)'. If this cell is a user instantiated LUT in the design, please remove connectivity to the pin or change the equation and/or INIT string of the LUT to prevent this issue. If the cell is inferred or IP created LUT, please regenerate the IP and/or resynthesize the design to attempt to correct the issue.
Related violations: <none>

PDRC-132#1 Warning
SLICE_PairEqSame_A6A5_WARN  
Luts A6LUT and A5LUT in use in site SLICE_X56Y104 with different equations without A6 pin connected to Global Logic High.
Related violations: <none>

PDRC-134#1 Warning
SLICE_PairEqSame_B6B5_WARN  
Luts B6LUT and B5LUT in use in site SLICE_X43Y110 with different equations without A6 pin connected to Global Logic High.
Related violations: <none>

PDRC-134#2 Warning
SLICE_PairEqSame_B6B5_WARN  
Luts B6LUT and B5LUT in use in site SLICE_X43Y113 with different equations without A6 pin connected to Global Logic High.
Related violations: <none>

PDRC-134#3 Warning
SLICE_PairEqSame_B6B5_WARN  
Luts B6LUT and B5LUT in use in site SLICE_X47Y90 with different equations without A6 pin connected to Global Logic High.
Related violations: <none>

PDRC-134#4 Warning
SLICE_PairEqSame_B6B5_WARN  
Luts B6LUT and B5LUT in use in site SLICE_X49Y93 with different equations without A6 pin connected to Global Logic High.
Related violations: <none>

PDRC-136#1 Warning
SLICE_PairEqSame_C6C5_WARN  
Luts C6LUT and C5LUT in use in site SLICE_X43Y113 with different equations without A6 pin connected to Global Logic High.
Related violations: <none>

PDRC-136#2 Warning
SLICE_PairEqSame_C6C5_WARN  
Luts C6LUT and C5LUT in use in site SLICE_X47Y111 with different equations without A6 pin connected to Global Logic High.
Related violations: <none>

PDRC-136#3 Warning
SLICE_PairEqSame_C6C5_WARN  
Luts C6LUT and C5LUT in use in site SLICE_X53Y98 with different equations without A6 pin connected to Global Logic High.
Related violations: <none>

PDRC-136#4 Warning
SLICE_PairEqSame_C6C5_WARN  
Luts C6LUT and C5LUT in use in site SLICE_X56Y109 with different equations without A6 pin connected to Global Logic High.
Related violations: <none>

PDRC-138#1 Warning
SLICE_PairEqSame_D6D5_WARN  
Luts D6LUT and D5LUT in use in site SLICE_X29Y104 with different equations without A6 pin connected to Global Logic High.
Related violations: <none>

PDRC-138#2 Warning
SLICE_PairEqSame_D6D5_WARN  
Luts D6LUT and D5LUT in use in site SLICE_X41Y94 with different equations without A6 pin connected to Global Logic High.
Related violations: <none>

PDRC-138#3 Warning
SLICE_PairEqSame_D6D5_WARN  
Luts D6LUT and D5LUT in use in site SLICE_X47Y111 with different equations without A6 pin connected to Global Logic High.
Related violations: <none>

PDRC-138#4 Warning
SLICE_PairEqSame_D6D5_WARN  
Luts D6LUT and D5LUT in use in site SLICE_X53Y98 with different equations without A6 pin connected to Global Logic High.
Related violations: <none>

PDRC-140#1 Warning
SLICE_PairEqSame_A6A5_WARN  
Luts A6LUT and A5LUT in use in site SLICE_X50Y100 with different equations without A6 pin connected to Global Logic High.
Related violations: <none>

PDRC-146#1 Warning
SLICE_PairEqSame_D6D5_WARN  
Luts D6LUT and D5LUT in use in site SLICE_X42Y93 with different equations without A6 pin connected to Global Logic High.
Related violations: <none>

REQP-1839#1 Warning
RAMB36 async control check  
The RAMB36E1 soc_npu_i/myip_npu_OCR_0/inst/u_npu_core/fmap_img_reg has an input control pin soc_npu_i/myip_npu_OCR_0/inst/u_npu_core/fmap_img_reg/ADDRARDADDR[10] (net: soc_npu_i/myip_npu_OCR_0/inst/u_npu_core/img_wr_addr[7]) which is driven by a register (soc_npu_i/myip_npu_OCR_0/inst/u_npu_core/img_wr_addr_reg[7]) that has an active asychronous set or reset. This may cause corruption of the memory contents and/or read values when the set/reset is asserted and is not analyzed by the default static timing analysis. It is suggested to eliminate the use of a set/reset to registers driving this RAMB pin or else use a synchronous reset in which the assertion of the reset is timed by default.
Related violations: <none>

REQP-1839#2 Warning
RAMB36 async control check  
The RAMB36E1 soc_npu_i/myip_npu_OCR_0/inst/u_npu_core/fmap_img_reg has an input control pin soc_npu_i/myip_npu_OCR_0/inst/u_npu_core/fmap_img_reg/ADDRARDADDR[11] (net: soc_npu_i/myip_npu_OCR_0/inst/u_npu_core/img_wr_addr[8]) which is driven by a register (soc_npu_i/myip_npu_OCR_0/inst/u_npu_core/img_wr_addr_reg[8]) that has an active asychronous set or reset. This may cause corruption of the memory contents and/or read values when the set/reset is asserted and is not analyzed by the default static timing analysis. It is suggested to eliminate the use of a set/reset to registers driving this RAMB pin or else use a synchronous reset in which the assertion of the reset is timed by default.
Related violations: <none>

REQP-1839#3 Warning
RAMB36 async control check  
The RAMB36E1 soc_npu_i/myip_npu_OCR_0/inst/u_npu_core/fmap_img_reg has an input control pin soc_npu_i/myip_npu_OCR_0/inst/u_npu_core/fmap_img_reg/ADDRARDADDR[12] (net: soc_npu_i/myip_npu_OCR_0/inst/u_npu_core/img_wr_addr[9]) which is driven by a register (soc_npu_i/myip_npu_OCR_0/inst/u_npu_core/img_wr_addr_reg[9]) that has an active asychronous set or reset. This may cause corruption of the memory contents and/or read values when the set/reset is asserted and is not analyzed by the default static timing analysis. It is suggested to eliminate the use of a set/reset to registers driving this RAMB pin or else use a synchronous reset in which the assertion of the reset is timed by default.
Related violations: <none>

REQP-1839#4 Warning
RAMB36 async control check  
The RAMB36E1 soc_npu_i/myip_npu_OCR_0/inst/u_npu_core/fmap_img_reg has an input control pin soc_npu_i/myip_npu_OCR_0/inst/u_npu_core/fmap_img_reg/ADDRARDADDR[13] (net: soc_npu_i/myip_npu_OCR_0/inst/u_npu_core/img_wr_addr[10]) which is driven by a register (soc_npu_i/myip_npu_OCR_0/inst/u_npu_core/img_wr_addr_reg[10]) that has an active asychronous set or reset. This may cause corruption of the memory contents and/or read values when the set/reset is asserted and is not analyzed by the default static timing analysis. It is suggested to eliminate the use of a set/reset to registers driving this RAMB pin or else use a synchronous reset in which the assertion of the reset is timed by default.
Related violations: <none>

REQP-1839#5 Warning
RAMB36 async control check  
The RAMB36E1 soc_npu_i/myip_npu_OCR_0/inst/u_npu_core/fmap_img_reg has an input control pin soc_npu_i/myip_npu_OCR_0/inst/u_npu_core/fmap_img_reg/ADDRARDADDR[14] (net: soc_npu_i/myip_npu_OCR_0/inst/u_npu_core/img_wr_addr[11]) which is driven by a register (soc_npu_i/myip_npu_OCR_0/inst/u_npu_core/img_wr_addr_reg[11]) that has an active asychronous set or reset. This may cause corruption of the memory contents and/or read values when the set/reset is asserted and is not analyzed by the default static timing analysis. It is suggested to eliminate the use of a set/reset to registers driving this RAMB pin or else use a synchronous reset in which the assertion of the reset is timed by default.
Related violations: <none>

REQP-1839#6 Warning
RAMB36 async control check  
The RAMB36E1 soc_npu_i/myip_npu_OCR_0/inst/u_npu_core/fmap_img_reg has an input control pin soc_npu_i/myip_npu_OCR_0/inst/u_npu_core/fmap_img_reg/ADDRARDADDR[3] (net: soc_npu_i/myip_npu_OCR_0/inst/u_npu_core/img_wr_addr[0]) which is driven by a register (soc_npu_i/myip_npu_OCR_0/inst/u_npu_core/img_wr_addr_reg[0]) that has an active asychronous set or reset. This may cause corruption of the memory contents and/or read values when the set/reset is asserted and is not analyzed by the default static timing analysis. It is suggested to eliminate the use of a set/reset to registers driving this RAMB pin or else use a synchronous reset in which the assertion of the reset is timed by default.
Related violations: <none>

REQP-1839#7 Warning
RAMB36 async control check  
The RAMB36E1 soc_npu_i/myip_npu_OCR_0/inst/u_npu_core/fmap_img_reg has an input control pin soc_npu_i/myip_npu_OCR_0/inst/u_npu_core/fmap_img_reg/ADDRARDADDR[4] (net: soc_npu_i/myip_npu_OCR_0/inst/u_npu_core/img_wr_addr[1]) which is driven by a register (soc_npu_i/myip_npu_OCR_0/inst/u_npu_core/img_wr_addr_reg[1]) that has an active asychronous set or reset. This may cause corruption of the memory contents and/or read values when the set/reset is asserted and is not analyzed by the default static timing analysis. It is suggested to eliminate the use of a set/reset to registers driving this RAMB pin or else use a synchronous reset in which the assertion of the reset is timed by default.
Related violations: <none>

REQP-1839#8 Warning
RAMB36 async control check  
The RAMB36E1 soc_npu_i/myip_npu_OCR_0/inst/u_npu_core/fmap_img_reg has an input control pin soc_npu_i/myip_npu_OCR_0/inst/u_npu_core/fmap_img_reg/ADDRARDADDR[5] (net: soc_npu_i/myip_npu_OCR_0/inst/u_npu_core/img_wr_addr[2]) which is driven by a register (soc_npu_i/myip_npu_OCR_0/inst/u_npu_core/img_wr_addr_reg[2]) that has an active asychronous set or reset. This may cause corruption of the memory contents and/or read values when the set/reset is asserted and is not analyzed by the default static timing analysis. It is suggested to eliminate the use of a set/reset to registers driving this RAMB pin or else use a synchronous reset in which the assertion of the reset is timed by default.
Related violations: <none>

REQP-1839#9 Warning
RAMB36 async control check  
The RAMB36E1 soc_npu_i/myip_npu_OCR_0/inst/u_npu_core/fmap_img_reg has an input control pin soc_npu_i/myip_npu_OCR_0/inst/u_npu_core/fmap_img_reg/ADDRARDADDR[6] (net: soc_npu_i/myip_npu_OCR_0/inst/u_npu_core/img_wr_addr[3]) which is driven by a register (soc_npu_i/myip_npu_OCR_0/inst/u_npu_core/img_wr_addr_reg[3]) that has an active asychronous set or reset. This may cause corruption of the memory contents and/or read values when the set/reset is asserted and is not analyzed by the default static timing analysis. It is suggested to eliminate the use of a set/reset to registers driving this RAMB pin or else use a synchronous reset in which the assertion of the reset is timed by default.
Related violations: <none>

REQP-1839#10 Warning
RAMB36 async control check  
The RAMB36E1 soc_npu_i/myip_npu_OCR_0/inst/u_npu_core/fmap_img_reg has an input control pin soc_npu_i/myip_npu_OCR_0/inst/u_npu_core/fmap_img_reg/ADDRARDADDR[7] (net: soc_npu_i/myip_npu_OCR_0/inst/u_npu_core/img_wr_addr[4]) which is driven by a register (soc_npu_i/myip_npu_OCR_0/inst/u_npu_core/img_wr_addr_reg[4]) that has an active asychronous set or reset. This may cause corruption of the memory contents and/or read values when the set/reset is asserted and is not analyzed by the default static timing analysis. It is suggested to eliminate the use of a set/reset to registers driving this RAMB pin or else use a synchronous reset in which the assertion of the reset is timed by default.
Related violations: <none>

REQP-1839#11 Warning
RAMB36 async control check  
The RAMB36E1 soc_npu_i/myip_npu_OCR_0/inst/u_npu_core/fmap_img_reg has an input control pin soc_npu_i/myip_npu_OCR_0/inst/u_npu_core/fmap_img_reg/ADDRARDADDR[8] (net: soc_npu_i/myip_npu_OCR_0/inst/u_npu_core/img_wr_addr[5]) which is driven by a register (soc_npu_i/myip_npu_OCR_0/inst/u_npu_core/img_wr_addr_reg[5]) that has an active asychronous set or reset. This may cause corruption of the memory contents and/or read values when the set/reset is asserted and is not analyzed by the default static timing analysis. It is suggested to eliminate the use of a set/reset to registers driving this RAMB pin or else use a synchronous reset in which the assertion of the reset is timed by default.
Related violations: <none>

REQP-1839#12 Warning
RAMB36 async control check  
The RAMB36E1 soc_npu_i/myip_npu_OCR_0/inst/u_npu_core/fmap_img_reg has an input control pin soc_npu_i/myip_npu_OCR_0/inst/u_npu_core/fmap_img_reg/ADDRARDADDR[9] (net: soc_npu_i/myip_npu_OCR_0/inst/u_npu_core/img_wr_addr[6]) which is driven by a register (soc_npu_i/myip_npu_OCR_0/inst/u_npu_core/img_wr_addr_reg[6]) that has an active asychronous set or reset. This may cause corruption of the memory contents and/or read values when the set/reset is asserted and is not analyzed by the default static timing analysis. It is suggested to eliminate the use of a set/reset to registers driving this RAMB pin or else use a synchronous reset in which the assertion of the reset is timed by default.
Related violations: <none>

REQP-1839#13 Warning
RAMB36 async control check  
The RAMB36E1 soc_npu_i/myip_npu_OCR_0/inst/u_npu_core/fmap_img_reg has an input control pin soc_npu_i/myip_npu_OCR_0/inst/u_npu_core/fmap_img_reg/ADDRBWRADDR[14] (net: soc_npu_i/myip_npu_OCR_0/inst/u_npu_core/img_rd_addr[11]) which is driven by a register (soc_npu_i/myip_npu_OCR_0/inst/u_npu_core/cur_rd_sel_reg[0]) that has an active asychronous set or reset. This may cause corruption of the memory contents and/or read values when the set/reset is asserted and is not analyzed by the default static timing analysis. It is suggested to eliminate the use of a set/reset to registers driving this RAMB pin or else use a synchronous reset in which the assertion of the reset is timed by default.
Related violations: <none>

REQP-1839#14 Warning
RAMB36 async control check  
The RAMB36E1 soc_npu_i/myip_npu_OCR_0/inst/u_npu_core/fmap_img_reg has an input control pin soc_npu_i/myip_npu_OCR_0/inst/u_npu_core/fmap_img_reg/ADDRBWRADDR[14] (net: soc_npu_i/myip_npu_OCR_0/inst/u_npu_core/img_rd_addr[11]) which is driven by a register (soc_npu_i/myip_npu_OCR_0/inst/u_npu_core/cur_rd_sel_reg[1]) that has an active asychronous set or reset. This may cause corruption of the memory contents and/or read values when the set/reset is asserted and is not analyzed by the default static timing analysis. It is suggested to eliminate the use of a set/reset to registers driving this RAMB pin or else use a synchronous reset in which the assertion of the reset is timed by default.
Related violations: <none>

REQP-1839#15 Warning
RAMB36 async control check  
The RAMB36E1 soc_npu_i/myip_npu_OCR_0/inst/u_npu_core/fmap_img_reg has an input control pin soc_npu_i/myip_npu_OCR_0/inst/u_npu_core/fmap_img_reg/ADDRBWRADDR[14] (net: soc_npu_i/myip_npu_OCR_0/inst/u_npu_core/img_rd_addr[11]) which is driven by a register (soc_npu_i/myip_npu_OCR_0/inst/u_npu_core/cur_rd_sel_reg[2]) that has an active asychronous set or reset. This may cause corruption of the memory contents and/or read values when the set/reset is asserted and is not analyzed by the default static timing analysis. It is suggested to eliminate the use of a set/reset to registers driving this RAMB pin or else use a synchronous reset in which the assertion of the reset is timed by default.
Related violations: <none>

REQP-1839#16 Warning
RAMB36 async control check  
The RAMB36E1 soc_npu_i/myip_npu_OCR_0/inst/u_npu_core/fmap_img_reg has an input control pin soc_npu_i/myip_npu_OCR_0/inst/u_npu_core/fmap_img_reg/ADDRBWRADDR[14] (net: soc_npu_i/myip_npu_OCR_0/inst/u_npu_core/img_rd_addr[11]) which is driven by a register (soc_npu_i/myip_npu_OCR_0/inst/u_npu_core/cur_type_reg[0]) that has an active asychronous set or reset. This may cause corruption of the memory contents and/or read values when the set/reset is asserted and is not analyzed by the default static timing analysis. It is suggested to eliminate the use of a set/reset to registers driving this RAMB pin or else use a synchronous reset in which the assertion of the reset is timed by default.
Related violations: <none>

REQP-1839#17 Warning
RAMB36 async control check  
The RAMB36E1 soc_npu_i/myip_npu_OCR_0/inst/u_npu_core/fmap_img_reg has an input control pin soc_npu_i/myip_npu_OCR_0/inst/u_npu_core/fmap_img_reg/ADDRBWRADDR[14] (net: soc_npu_i/myip_npu_OCR_0/inst/u_npu_core/img_rd_addr[11]) which is driven by a register (soc_npu_i/myip_npu_OCR_0/inst/u_npu_core/cur_type_reg[1]) that has an active asychronous set or reset. This may cause corruption of the memory contents and/or read values when the set/reset is asserted and is not analyzed by the default static timing analysis. It is suggested to eliminate the use of a set/reset to registers driving this RAMB pin or else use a synchronous reset in which the assertion of the reset is timed by default.
Related violations: <none>

REQP-1839#18 Warning
RAMB36 async control check  
The RAMB36E1 soc_npu_i/myip_npu_OCR_0/inst/u_npu_core/fmap_img_reg has an input control pin soc_npu_i/myip_npu_OCR_0/inst/u_npu_core/fmap_img_reg/ADDRBWRADDR[14] (net: soc_npu_i/myip_npu_OCR_0/inst/u_npu_core/img_rd_addr[11]) which is driven by a register (soc_npu_i/myip_npu_OCR_0/inst/u_npu_core/state_reg[0]) that has an active asychronous set or reset. This may cause corruption of the memory contents and/or read values when the set/reset is asserted and is not analyzed by the default static timing analysis. It is suggested to eliminate the use of a set/reset to registers driving this RAMB pin or else use a synchronous reset in which the assertion of the reset is timed by default.
Related violations: <none>

REQP-1839#19 Warning
RAMB36 async control check  
The RAMB36E1 soc_npu_i/myip_npu_OCR_0/inst/u_npu_core/fmap_img_reg has an input control pin soc_npu_i/myip_npu_OCR_0/inst/u_npu_core/fmap_img_reg/ADDRBWRADDR[14] (net: soc_npu_i/myip_npu_OCR_0/inst/u_npu_core/img_rd_addr[11]) which is driven by a register (soc_npu_i/myip_npu_OCR_0/inst/u_npu_core/state_reg[2]) that has an active asychronous set or reset. This may cause corruption of the memory contents and/or read values when the set/reset is asserted and is not analyzed by the default static timing analysis. It is suggested to eliminate the use of a set/reset to registers driving this RAMB pin or else use a synchronous reset in which the assertion of the reset is timed by default.
Related violations: <none>

REQP-1839#20 Warning
RAMB36 async control check  
The RAMB36E1 soc_npu_i/myip_npu_OCR_0/inst/u_npu_core/fmap_img_reg has an input control pin soc_npu_i/myip_npu_OCR_0/inst/u_npu_core/fmap_img_reg/ADDRBWRADDR[14] (net: soc_npu_i/myip_npu_OCR_0/inst/u_npu_core/img_rd_addr[11]) which is driven by a register (soc_npu_i/myip_npu_OCR_0/inst/u_npu_core/u_patch_reader/bram_addr_reg[11]) that has an active asychronous set or reset. This may cause corruption of the memory contents and/or read values when the set/reset is asserted and is not analyzed by the default static timing analysis. It is suggested to eliminate the use of a set/reset to registers driving this RAMB pin or else use a synchronous reset in which the assertion of the reset is timed by default.
Related violations: <none>

REQP-1840#1 Warning
RAMB18 async control check  
The RAMB18E1 soc_npu_i/myip_npu_OCR_0/inst/u_npu_core/u_fmap_c4/mem_reg has an input control pin soc_npu_i/myip_npu_OCR_0/inst/u_npu_core/u_fmap_c4/mem_reg/ADDRARDADDR[13] (net: soc_npu_i/myip_npu_OCR_0/inst/u_npu_core/u_fmap_c4/ADDRARDADDR[10]) which is driven by a register (soc_npu_i/myip_npu_OCR_0/inst/u_npu_core/cur_c_out_reg[4]) that has an active asychronous set or reset. This may cause corruption of the memory contents and/or read values when the set/reset is asserted and is not analyzed by the default static timing analysis. It is suggested to eliminate the use of a set/reset to registers driving this RAMB pin or else use a synchronous reset in which the assertion of the reset is timed by default.
Related violations: <none>

REQP-1840#2 Warning
RAMB18 async control check  
The RAMB18E1 soc_npu_i/myip_npu_OCR_0/inst/u_npu_core/u_fmap_c4/mem_reg has an input control pin soc_npu_i/myip_npu_OCR_0/inst/u_npu_core/u_fmap_c4/mem_reg/ADDRARDADDR[13] (net: soc_npu_i/myip_npu_OCR_0/inst/u_npu_core/u_fmap_c4/ADDRARDADDR[10]) which is driven by a register (soc_npu_i/myip_npu_OCR_0/inst/u_npu_core/cur_wr_sel_reg[0]) that has an active asychronous set or reset. This may cause corruption of the memory contents and/or read values when the set/reset is asserted and is not analyzed by the default static timing analysis. It is suggested to eliminate the use of a set/reset to registers driving this RAMB pin or else use a synchronous reset in which the assertion of the reset is timed by default.
Related violations: <none>

REQP-1840#3 Warning
RAMB18 async control check  
The RAMB18E1 soc_npu_i/myip_npu_OCR_0/inst/u_npu_core/u_fmap_c4/mem_reg has an input control pin soc_npu_i/myip_npu_OCR_0/inst/u_npu_core/u_fmap_c4/mem_reg/ADDRARDADDR[13] (net: soc_npu_i/myip_npu_OCR_0/inst/u_npu_core/u_fmap_c4/ADDRARDADDR[10]) which is driven by a register (soc_npu_i/myip_npu_OCR_0/inst/u_npu_core/cur_wr_sel_reg[1]) that has an active asychronous set or reset. This may cause corruption of the memory contents and/or read values when the set/reset is asserted and is not analyzed by the default static timing analysis. It is suggested to eliminate the use of a set/reset to registers driving this RAMB pin or else use a synchronous reset in which the assertion of the reset is timed by default.
Related violations: <none>

REQP-1840#4 Warning
RAMB18 async control check  
The RAMB18E1 soc_npu_i/myip_npu_OCR_0/inst/u_npu_core/u_fmap_c4/mem_reg has an input control pin soc_npu_i/myip_npu_OCR_0/inst/u_npu_core/u_fmap_c4/mem_reg/ADDRARDADDR[13] (net: soc_npu_i/myip_npu_OCR_0/inst/u_npu_core/u_fmap_c4/ADDRARDADDR[10]) which is driven by a register (soc_npu_i/myip_npu_OCR_0/inst/u_npu_core/cur_wr_sel_reg[2]) that has an active asychronous set or reset. This may cause corruption of the memory contents and/or read values when the set/reset is asserted and is not analyzed by the default static timing analysis. It is suggested to eliminate the use of a set/reset to registers driving this RAMB pin or else use a synchronous reset in which the assertion of the reset is timed by default.
Related violations: <none>

REQP-1840#5 Warning
RAMB18 async control check  
The RAMB18E1 soc_npu_i/myip_npu_OCR_0/inst/u_npu_core/u_fmap_c4/mem_reg has an input control pin soc_npu_i/myip_npu_OCR_0/inst/u_npu_core/u_fmap_c4/mem_reg/ADDRARDADDR[13] (net: soc_npu_i/myip_npu_OCR_0/inst/u_npu_core/u_fmap_c4/ADDRARDADDR[10]) which is driven by a register (soc_npu_i/myip_npu_OCR_0/inst/u_npu_core/pool_dest_offset_reg[10]) that has an active asychronous set or reset. This may cause corruption of the memory contents and/or read values when the set/reset is asserted and is not analyzed by the default static timing analysis. It is suggested to eliminate the use of a set/reset to registers driving this RAMB pin or else use a synchronous reset in which the assertion of the reset is timed by default.
Related violations: <none>

REQP-1840#6 Warning
RAMB18 async control check  
The RAMB18E1 soc_npu_i/myip_npu_OCR_0/inst/u_npu_core/u_fmap_c4/mem_reg has an input control pin soc_npu_i/myip_npu_OCR_0/inst/u_npu_core/u_fmap_c4/mem_reg/ADDRARDADDR[13] (net: soc_npu_i/myip_npu_OCR_0/inst/u_npu_core/u_fmap_c4/ADDRARDADDR[10]) which is driven by a register (soc_npu_i/myip_npu_OCR_0/inst/u_npu_core/pool_dest_offset_reg[2]) that has an active asychronous set or reset. This may cause corruption of the memory contents and/or read values when the set/reset is asserted and is not analyzed by the default static timing analysis. It is suggested to eliminate the use of a set/reset to registers driving this RAMB pin or else use a synchronous reset in which the assertion of the reset is timed by default.
Related violations: <none>

REQP-1840#7 Warning
RAMB18 async control check  
The RAMB18E1 soc_npu_i/myip_npu_OCR_0/inst/u_npu_core/u_fmap_c4/mem_reg has an input control pin soc_npu_i/myip_npu_OCR_0/inst/u_npu_core/u_fmap_c4/mem_reg/ADDRARDADDR[13] (net: soc_npu_i/myip_npu_OCR_0/inst/u_npu_core/u_fmap_c4/ADDRARDADDR[10]) which is driven by a register (soc_npu_i/myip_npu_OCR_0/inst/u_npu_core/pool_dest_offset_reg[3]) that has an active asychronous set or reset. This may cause corruption of the memory contents and/or read values when the set/reset is asserted and is not analyzed by the default static timing analysis. It is suggested to eliminate the use of a set/reset to registers driving this RAMB pin or else use a synchronous reset in which the assertion of the reset is timed by default.
Related violations: <none>

REQP-1840#8 Warning
RAMB18 async control check  
The RAMB18E1 soc_npu_i/myip_npu_OCR_0/inst/u_npu_core/u_fmap_c4/mem_reg has an input control pin soc_npu_i/myip_npu_OCR_0/inst/u_npu_core/u_fmap_c4/mem_reg/ADDRARDADDR[13] (net: soc_npu_i/myip_npu_OCR_0/inst/u_npu_core/u_fmap_c4/ADDRARDADDR[10]) which is driven by a register (soc_npu_i/myip_npu_OCR_0/inst/u_npu_core/pool_dest_offset_reg[4]) that has an active asychronous set or reset. This may cause corruption of the memory contents and/or read values when the set/reset is asserted and is not analyzed by the default static timing analysis. It is suggested to eliminate the use of a set/reset to registers driving this RAMB pin or else use a synchronous reset in which the assertion of the reset is timed by default.
Related violations: <none>

REQP-1840#9 Warning
RAMB18 async control check  
The RAMB18E1 soc_npu_i/myip_npu_OCR_0/inst/u_npu_core/u_fmap_c4/mem_reg has an input control pin soc_npu_i/myip_npu_OCR_0/inst/u_npu_core/u_fmap_c4/mem_reg/ADDRARDADDR[13] (net: soc_npu_i/myip_npu_OCR_0/inst/u_npu_core/u_fmap_c4/ADDRARDADDR[10]) which is driven by a register (soc_npu_i/myip_npu_OCR_0/inst/u_npu_core/pool_dest_offset_reg[5]) that has an active asychronous set or reset. This may cause corruption of the memory contents and/or read values when the set/reset is asserted and is not analyzed by the default static timing analysis. It is suggested to eliminate the use of a set/reset to registers driving this RAMB pin or else use a synchronous reset in which the assertion of the reset is timed by default.
Related violations: <none>

REQP-1840#10 Warning
RAMB18 async control check  
The RAMB18E1 soc_npu_i/myip_npu_OCR_0/inst/u_npu_core/u_fmap_c4/mem_reg has an input control pin soc_npu_i/myip_npu_OCR_0/inst/u_npu_core/u_fmap_c4/mem_reg/ADDRARDADDR[13] (net: soc_npu_i/myip_npu_OCR_0/inst/u_npu_core/u_fmap_c4/ADDRARDADDR[10]) which is driven by a register (soc_npu_i/myip_npu_OCR_0/inst/u_npu_core/state_reg[2]) that has an active asychronous set or reset. This may cause corruption of the memory contents and/or read values when the set/reset is asserted and is not analyzed by the default static timing analysis. It is suggested to eliminate the use of a set/reset to registers driving this RAMB pin or else use a synchronous reset in which the assertion of the reset is timed by default.
Related violations: <none>

REQP-1840#11 Warning
RAMB18 async control check  
The RAMB18E1 soc_npu_i/myip_npu_OCR_0/inst/u_npu_core/u_fmap_c4/mem_reg has an input control pin soc_npu_i/myip_npu_OCR_0/inst/u_npu_core/u_fmap_c4/mem_reg/ADDRARDADDR[13] (net: soc_npu_i/myip_npu_OCR_0/inst/u_npu_core/u_fmap_c4/ADDRARDADDR[10]) which is driven by a register (soc_npu_i/myip_npu_OCR_0/inst/u_npu_core/u_pool/wr_addr_reg[10]) that has an active asychronous set or reset. This may cause corruption of the memory contents and/or read values when the set/reset is asserted and is not analyzed by the default static timing analysis. It is suggested to eliminate the use of a set/reset to registers driving this RAMB pin or else use a synchronous reset in which the assertion of the reset is timed by default.
Related violations: <none>

REQP-1840#12 Warning
RAMB18 async control check  
The RAMB18E1 soc_npu_i/myip_npu_OCR_0/inst/u_npu_core/u_fmap_c4/mem_reg has an input control pin soc_npu_i/myip_npu_OCR_0/inst/u_npu_core/u_fmap_c4/mem_reg/ADDRARDADDR[13] (net: soc_npu_i/myip_npu_OCR_0/inst/u_npu_core/u_fmap_c4/ADDRARDADDR[10]) which is driven by a register (soc_npu_i/myip_npu_OCR_0/inst/u_npu_core/u_pool/wr_addr_reg[2]) that has an active asychronous set or reset. This may cause corruption of the memory contents and/or read values when the set/reset is asserted and is not analyzed by the default static timing analysis. It is suggested to eliminate the use of a set/reset to registers driving this RAMB pin or else use a synchronous reset in which the assertion of the reset is timed by default.
Related violations: <none>

REQP-1840#13 Warning
RAMB18 async control check  
The RAMB18E1 soc_npu_i/myip_npu_OCR_0/inst/u_npu_core/u_fmap_c4/mem_reg has an input control pin soc_npu_i/myip_npu_OCR_0/inst/u_npu_core/u_fmap_c4/mem_reg/ADDRARDADDR[13] (net: soc_npu_i/myip_npu_OCR_0/inst/u_npu_core/u_fmap_c4/ADDRARDADDR[10]) which is driven by a register (soc_npu_i/myip_npu_OCR_0/inst/u_npu_core/u_pool/wr_addr_reg[3]) that has an active asychronous set or reset. This may cause corruption of the memory contents and/or read values when the set/reset is asserted and is not analyzed by the default static timing analysis. It is suggested to eliminate the use of a set/reset to registers driving this RAMB pin or else use a synchronous reset in which the assertion of the reset is timed by default.
Related violations: <none>

REQP-1840#14 Warning
RAMB18 async control check  
The RAMB18E1 soc_npu_i/myip_npu_OCR_0/inst/u_npu_core/u_fmap_c4/mem_reg has an input control pin soc_npu_i/myip_npu_OCR_0/inst/u_npu_core/u_fmap_c4/mem_reg/ADDRARDADDR[13] (net: soc_npu_i/myip_npu_OCR_0/inst/u_npu_core/u_fmap_c4/ADDRARDADDR[10]) which is driven by a register (soc_npu_i/myip_npu_OCR_0/inst/u_npu_core/u_pool/wr_addr_reg[4]) that has an active asychronous set or reset. This may cause corruption of the memory contents and/or read values when the set/reset is asserted and is not analyzed by the default static timing analysis. It is suggested to eliminate the use of a set/reset to registers driving this RAMB pin or else use a synchronous reset in which the assertion of the reset is timed by default.
Related violations: <none>

REQP-1840#15 Warning
RAMB18 async control check  
The RAMB18E1 soc_npu_i/myip_npu_OCR_0/inst/u_npu_core/u_fmap_c4/mem_reg has an input control pin soc_npu_i/myip_npu_OCR_0/inst/u_npu_core/u_fmap_c4/mem_reg/ADDRARDADDR[13] (net: soc_npu_i/myip_npu_OCR_0/inst/u_npu_core/u_fmap_c4/ADDRARDADDR[10]) which is driven by a register (soc_npu_i/myip_npu_OCR_0/inst/u_npu_core/u_pool/wr_addr_reg[5]) that has an active asychronous set or reset. This may cause corruption of the memory contents and/or read values when the set/reset is asserted and is not analyzed by the default static timing analysis. It is suggested to eliminate the use of a set/reset to registers driving this RAMB pin or else use a synchronous reset in which the assertion of the reset is timed by default.
Related violations: <none>

REQP-1840#16 Warning
RAMB18 async control check  
The RAMB18E1 soc_npu_i/myip_npu_OCR_0/inst/u_npu_core/u_fmap_c4/mem_reg has an input control pin soc_npu_i/myip_npu_OCR_0/inst/u_npu_core/u_fmap_c4/mem_reg/ADDRARDADDR[13] (net: soc_npu_i/myip_npu_OCR_0/inst/u_npu_core/u_fmap_c4/ADDRARDADDR[10]) which is driven by a register (soc_npu_i/myip_npu_OCR_0/inst/u_npu_core/u_pool/wr_addr_reg[6]) that has an active asychronous set or reset. This may cause corruption of the memory contents and/or read values when the set/reset is asserted and is not analyzed by the default static timing analysis. It is suggested to eliminate the use of a set/reset to registers driving this RAMB pin or else use a synchronous reset in which the assertion of the reset is timed by default.
Related violations: <none>

REQP-1840#17 Warning
RAMB18 async control check  
The RAMB18E1 soc_npu_i/myip_npu_OCR_0/inst/u_npu_core/u_fmap_c4/mem_reg has an input control pin soc_npu_i/myip_npu_OCR_0/inst/u_npu_core/u_fmap_c4/mem_reg/ADDRARDADDR[13] (net: soc_npu_i/myip_npu_OCR_0/inst/u_npu_core/u_fmap_c4/ADDRARDADDR[10]) which is driven by a register (soc_npu_i/myip_npu_OCR_0/inst/u_npu_core/u_pool/wr_addr_reg[7]) that has an active asychronous set or reset. This may cause corruption of the memory contents and/or read values when the set/reset is asserted and is not analyzed by the default static timing analysis. It is suggested to eliminate the use of a set/reset to registers driving this RAMB pin or else use a synchronous reset in which the assertion of the reset is timed by default.
Related violations: <none>

REQP-1840#18 Warning
RAMB18 async control check  
The RAMB18E1 soc_npu_i/myip_npu_OCR_0/inst/u_npu_core/u_fmap_c4/mem_reg has an input control pin soc_npu_i/myip_npu_OCR_0/inst/u_npu_core/u_fmap_c4/mem_reg/ADDRARDADDR[13] (net: soc_npu_i/myip_npu_OCR_0/inst/u_npu_core/u_fmap_c4/ADDRARDADDR[10]) which is driven by a register (soc_npu_i/myip_npu_OCR_0/inst/u_npu_core/u_pool/wr_addr_reg[8]) that has an active asychronous set or reset. This may cause corruption of the memory contents and/or read values when the set/reset is asserted and is not analyzed by the default static timing analysis. It is suggested to eliminate the use of a set/reset to registers driving this RAMB pin or else use a synchronous reset in which the assertion of the reset is timed by default.
Related violations: <none>

REQP-1840#19 Warning
RAMB18 async control check  
The RAMB18E1 soc_npu_i/myip_npu_OCR_0/inst/u_npu_core/u_fmap_c4/mem_reg has an input control pin soc_npu_i/myip_npu_OCR_0/inst/u_npu_core/u_fmap_c4/mem_reg/ADDRARDADDR[13] (net: soc_npu_i/myip_npu_OCR_0/inst/u_npu_core/u_fmap_c4/ADDRARDADDR[10]) which is driven by a register (soc_npu_i/myip_npu_OCR_0/inst/u_npu_core/u_pool/wr_addr_reg[9]) that has an active asychronous set or reset. This may cause corruption of the memory contents and/or read values when the set/reset is asserted and is not analyzed by the default static timing analysis. It is suggested to eliminate the use of a set/reset to registers driving this RAMB pin or else use a synchronous reset in which the assertion of the reset is timed by default.
Related violations: <none>

REQP-1840#20 Warning
RAMB18 async control check  
The RAMB18E1 soc_npu_i/myip_npu_OCR_0/inst/u_npu_core/u_fmap_c4/mem_reg has an input control pin soc_npu_i/myip_npu_OCR_0/inst/u_npu_core/u_fmap_c4/mem_reg/ADDRARDADDR[13] (net: soc_npu_i/myip_npu_OCR_0/inst/u_npu_core/u_fmap_c4/ADDRARDADDR[10]) which is driven by a register (soc_npu_i/myip_npu_OCR_0/inst/u_npu_core/u_pool/wr_en_reg) that has an active asychronous set or reset. This may cause corruption of the memory contents and/or read values when the set/reset is asserted and is not analyzed by the default static timing analysis. It is suggested to eliminate the use of a set/reset to registers driving this RAMB pin or else use a synchronous reset in which the assertion of the reset is timed by default.
Related violations: <none>

RTSTAT-10#1 Warning
No routable loads  
49 net(s) have no routable loads. The problem bus(es) and/or net(s) are soc_npu_i/axi_mem_intercon/m00_couplers/auto_pc/inst/gen_axi4_axi3.axi3_conv_inst/USE_READ.USE_SPLIT_R.read_addr_inst/USE_R_CHANNEL.cmd_queue/inst/fifo_gen_inst/inst_fifo_gen/gconvfifo.rf/grf.rf/gntv_or_sync_fifo.gl0.rd/gr1.gr1_int.rfwft/aempty_fwft_i,
soc_npu_i/axi_mem_intercon/m00_couplers/auto_pc/inst/gen_axi4_axi3.axi3_conv_inst/USE_WRITE.write_addr_inst/USE_BURSTS.cmd_queue/inst/fifo_gen_inst/inst_fifo_gen/gconvfifo.rf/grf.rf/gntv_or_sync_fifo.gl0.rd/gr1.gr1_int.rfwft/aempty_fwft_i,
soc_npu_i/axi_mem_intercon/m00_couplers/auto_pc/inst/gen_axi4_axi3.axi3_conv_inst/USE_WRITE.write_addr_inst/USE_BURSTS.cmd_queue/inst/fifo_gen_inst/inst_fifo_gen/gconvfifo.rf/grf.rf/gntv_or_sync_fifo.gl0.rd/gr1.gr1_int.rfwft/empty_fwft_i,
soc_npu_i/axi_mem_intercon/m00_couplers/auto_pc/inst/gen_axi4_axi3.axi3_conv_inst/USE_WRITE.write_addr_inst/USE_B_CHANNEL.cmd_b_queue/inst/fifo_gen_inst/inst_fifo_gen/gconvfifo.rf/grf.rf/gntv_or_sync_fifo.gl0.rd/gr1.gr1_int.rfwft/aempty_fwft_i,
soc_npu_i/axi_smc/inst/m00_nodes/m00_ar_node/inst/mi_handler_m_sc_areset_pipe,
soc_npu_i/axi_smc/inst/m00_nodes/m00_aw_node/inst/mi_handler_m_sc_areset_pipe,
soc_npu_i/axi_smc/inst/m00_nodes/m00_b_node/inst/mi_handler_m_sc_areset_pipe,
soc_npu_i/axi_smc/inst/m00_nodes/m00_r_node/inst/mi_handler_m_sc_areset_pipe,
soc_npu_i/axi_smc/inst/m00_nodes/m00_w_node/inst/mi_handler_m_sc_areset_pipe,
soc_npu_i/axi_smc/inst/m01_nodes/m01_aw_node/inst/mi_handler_m_sc_areset_pipe,
soc_npu_i/axi_smc/inst/m01_nodes/m01_b_node/inst/mi_handler_m_sc_areset_pipe,
soc_npu_i/axi_smc/inst/m01_nodes/m01_r_node/inst/mi_handler_m_sc_areset_pipe,
soc_npu_i/axi_smc/inst/s00_nodes/s00_aw_node/inst/mi_handler_m_sc_areset_pipe,
soc_npu_i/axi_smc/inst/s00_nodes/s00_r_node/inst/mi_handler_m_sc_areset_pipe,
soc_npu_i/axi_smc/inst/s00_nodes/s00_w_node/inst/mi_handler_m_sc_areset_pipe
 (the first 15 of 37 listed nets/buses).
Related violations: <none>


