Vivado Simulator v2024.2.0
Copyright 1986-2022 Xilinx, Inc. All Rights Reserved.
Copyright 2022-2024 Advanced Micro Devices, Inc. All Rights Reserved.
Running: /media/user14/data/tools/xilinx/Vivado/2024.2/bin/unwrapped/lnx64.o/xelab --incr --debug typical --relax --mt 8 -L xil_defaultlib -L unisims_ver -L unimacro_ver -L secureip --snapshot tb_axi_rtos_irqc_system_behav xil_defaultlib.tb_axi_rtos_irqc_system xil_defaultlib.glbl -log elaborate.log 
Using 8 slave threads.
Starting static elaboration
Pass Through NonSizing Optimizer
WARNING: [VRFC 10-5021] port 'S_AXI_AWPROT' is not connected on this instance [/home/user14/project_CAN/project_CAN.srcs/sim_1/new/tb_axi.v:70]
WARNING: [VRFC 10-5021] port 'S_AXI_AWPROT' is not connected on this instance [/home/user14/project_CAN/project_CAN.srcs/sim_1/new/tb_axi.v:99]
Completed static elaboration
Starting simulation data flow analysis
Completed simulation data flow analysis
Time Resolution for simulation is 1ps
Compiling module xil_defaultlib.tick_timebase
Compiling module xil_defaultlib.tick_counter
Compiling module xil_defaultlib.irq_latch
Compiling module xil_defaultlib.myip_RTOS_slave_lite_v1_0_S00_AX...
Compiling module xil_defaultlib.irq_cntr
Compiling module xil_defaultlib.myip_irq_cntr_slave_lite_v1_0_S0...
Compiling module xil_defaultlib.tb_axi_rtos_irqc_system
Compiling module xil_defaultlib.glbl
Built simulation snapshot tb_axi_rtos_irqc_system_behav
