Time resolution is 1 ps
[645000] IRQC VALID=1 ID=0 irqc_irq_out=1 rtos_irq_out=1
[735000] IRQC PENDING=00000000
[765000] RTOS STATUS=00000000
[1085000] IRQC VALID=1 ID=0 irqc_irq_out=1 rtos_irq_out=1
[1175000] IRQC PENDING=00000000
[1205000] RTOS STATUS=00000000
[1565000] IRQC VALID=1 ID=0 irqc_irq_out=1 rtos_irq_out=1
[1655000] IRQC PENDING=00000000
[1685000] RTOS STATUS=00000000
[2005000] IRQC VALID=1 ID=0 irqc_irq_out=1 rtos_irq_out=1
[2095000] IRQC PENDING=00000000
[2125000] RTOS STATUS=00000000
[2445000] IRQC VALID=1 ID=0 irqc_irq_out=1 rtos_irq_out=1
[2535000] IRQC PENDING=00000000
[2565000] RTOS STATUS=00000000
[2885000] IRQC VALID=1 ID=0 irqc_irq_out=1 rtos_irq_out=1
[2975000] IRQC PENDING=00000000
[3005000] RTOS STATUS=00000000
[3365000] IRQC VALID=1 ID=0 irqc_irq_out=1 rtos_irq_out=1
[3455000] IRQC PENDING=00000000
[3485000] RTOS STATUS=00000000
[3805000] IRQC VALID=1 ID=0 irqc_irq_out=1 rtos_irq_out=1
[3895000] IRQC PENDING=00000000
[3925000] RTOS STATUS=00000000
[4245000] IRQC VALID=1 ID=0 irqc_irq_out=1 rtos_irq_out=1
[4335000] IRQC PENDING=00000000
[4365000] RTOS STATUS=00000000
[4685000] IRQC VALID=1 ID=0 irqc_irq_out=1 rtos_irq_out=1
[4775000] IRQC PENDING=00000000
[4805000] RTOS STATUS=00000000
[5165000] IRQC VALID=1 ID=0 irqc_irq_out=1 rtos_irq_out=1
[5255000] IRQC PENDING=00000000
[5285000] RTOS STATUS=00000000
[5605000] IRQC VALID=1 ID=0 irqc_irq_out=1 rtos_irq_out=1
[5695000] IRQC PENDING=00000000
[5725000] RTOS STATUS=00000000
[6045000] IRQC VALID=1 ID=0 irqc_irq_out=1 rtos_irq_out=1
[6135000] IRQC PENDING=00000000
[6165000] RTOS STATUS=00000000
[6485000] IRQC VALID=1 ID=0 irqc_irq_out=1 rtos_irq_out=1
[6575000] IRQC PENDING=00000000
[6605000] RTOS STATUS=00000000
[6965000] IRQC VALID=1 ID=0 irqc_irq_out=1 rtos_irq_out=1
[7055000] IRQC PENDING=00000000
[7085000] RTOS STATUS=00000000
[7405000] IRQC VALID=1 ID=0 irqc_irq_out=1 rtos_irq_out=1
[7495000] IRQC PENDING=00000000
[7525000] RTOS STATUS=00000000
[7845000] IRQC VALID=1 ID=0 irqc_irq_out=1 rtos_irq_out=1
[7935000] IRQC PENDING=00000000
[7965000] RTOS STATUS=00000000
[8285000] IRQC VALID=1 ID=0 irqc_irq_out=1 rtos_irq_out=1
[8375000] IRQC PENDING=00000000
[8405000] RTOS STATUS=00000000
[8765000] IRQC VALID=1 ID=0 irqc_irq_out=1 rtos_irq_out=1
[8855000] IRQC PENDING=00000000
[8885000] RTOS STATUS=00000000
[9205000] IRQC VALID=1 ID=0 irqc_irq_out=1 rtos_irq_out=1
[9295000] IRQC PENDING=00000000
[9325000] RTOS STATUS=00000000
[9645000] IRQC VALID=1 ID=0 irqc_irq_out=1 rtos_irq_out=1
[9735000] IRQC PENDING=00000000
[9765000] RTOS STATUS=00000000
[10085000] IRQC VALID=1 ID=0 irqc_irq_out=1 rtos_irq_out=1
[10175000] IRQC PENDING=00000000
[10205000] RTOS STATUS=00000000
[10565000] IRQC VALID=1 ID=0 irqc_irq_out=1 rtos_irq_out=1
[10655000] IRQC PENDING=00000000
[10685000] RTOS STATUS=00000000
[11005000] IRQC VALID=1 ID=0 irqc_irq_out=1 rtos_irq_out=1
[11095000] IRQC PENDING=00000000
[11125000] RTOS STATUS=00000000
DONE
$finish called at time : 11125 ns : File "/home/user14/project_CAN/project_CAN.srcs/sim_1/new/tb_axi.v" Line 324
