Copyright 1986-2022 Xilinx, Inc. All Rights Reserved. Copyright 2022-2024 Advanced Micro Devices, Inc. All Rights Reserved.
---------------------------------------------------------------------------------------------------------------------------------------------
| Tool Version : Vivado v.2024.2 (lin64) Build 5239630 Fri Nov 08 22:34:34 MST 2024
| Date         : Fri Mar  6 12:16:21 2026
| Host         : user14-B80KV-AP35BKE running 64-bit Ubuntu 24.04.4 LTS
| Command      : upgrade_ip
| Device       : xc7a35tcpg236-1
---------------------------------------------------------------------------------------------------------------------------------------------

Upgrade Log for IP 'soc_rtos_can_myip_RTOS_1_1'

1. Summary
----------

SUCCESS in the upgrade of soc_rtos_can_myip_RTOS_1_1 (user.org:user:myip_RTOS:2.1) from (Rev. 3) to (Rev. 4)






Copyright 1986-2022 Xilinx, Inc. All Rights Reserved. Copyright 2022-2024 Advanced Micro Devices, Inc. All Rights Reserved.
---------------------------------------------------------------------------------------------------------------------------------------------
| Tool Version : Vivado v.2024.2 (lin64) Build 5239630 Fri Nov 08 22:34:34 MST 2024
| Date         : Fri Mar  6 12:16:21 2026
| Host         : user14-B80KV-AP35BKE running 64-bit Ubuntu 24.04.4 LTS
| Command      : upgrade_ip
| Device       : xc7a35tcpg236-1
---------------------------------------------------------------------------------------------------------------------------------------------

Upgrade Log for IP 'soc_rtos_can_myip_RTOS_0_0'

1. Summary
----------

SUCCESS in the upgrade of soc_rtos_can_myip_RTOS_0_0 (user.org:user:myip_RTOS:2.1) from (Rev. 3) to (Rev. 4)






Copyright 1986-2022 Xilinx, Inc. All Rights Reserved. Copyright 2022-2024 Advanced Micro Devices, Inc. All Rights Reserved.
---------------------------------------------------------------------------------------------------------------------------------------------
| Tool Version : Vivado v.2024.2 (lin64) Build 5239630 Fri Nov 08 22:34:34 MST 2024
| Date         : Fri Mar  6 12:13:20 2026
| Host         : user14-B80KV-AP35BKE running 64-bit Ubuntu 24.04.4 LTS
| Command      : upgrade_ip
| Device       : xc7a35tcpg236-1
---------------------------------------------------------------------------------------------------------------------------------------------

Upgrade Log for IP 'soc_rtos_can_myip_RTOS_0_0'

1. Summary
----------

SUCCESS in the upgrade of soc_rtos_can_myip_RTOS_0_0 (user.org:user:myip_RTOS:2.1) from (Rev. 2) to (Rev. 3)






Copyright 1986-2022 Xilinx, Inc. All Rights Reserved. Copyright 2022-2024 Advanced Micro Devices, Inc. All Rights Reserved.
---------------------------------------------------------------------------------------------------------------------------------------------
| Tool Version : Vivado v.2024.2 (lin64) Build 5239630 Fri Nov 08 22:34:34 MST 2024
| Date         : Fri Mar  6 12:10:47 2026
| Host         : user14-B80KV-AP35BKE running 64-bit Ubuntu 24.04.4 LTS
| Command      : upgrade_ip
| Device       : xc7a35tcpg236-1
---------------------------------------------------------------------------------------------------------------------------------------------

Upgrade Log for IP 'soc_rtos_ver1_myip_RTOS_0_0'

1. Summary
----------

CAUTION (success, with warnings) in the upgrade of soc_rtos_ver1_myip_RTOS_0_0 from user.org:user:myip_RTOS:1.0 (Rev. 7) to user.org:user:myip_RTOS:2.1 (Rev. 2)

After upgrade, an IP may have parameter and port differences compared to the original customization. Please review the parameters within the IP customization GUI to ensure proper functionality. Also, please review the updated IP instantiation template to ensure proper connectivity, and update your design if required.

2. Connection Warnings
----------------------

Detected external port differences while upgrading 'soc_rtos_ver1_myip_RTOS_0_0'. These changes may impact your design.


-Upgraded port 's00_axi_araddr' width 8 differs from original width 4

-Upgraded port 's00_axi_awaddr' width 8 differs from original width 4

-Upgrade has removed port 'irq_out'


3. Customization warnings
-------------------------

An attempt to modify the value of disabled parameter 'C_S00_AXI_ADDR_WIDTH' from '8' to '4' has been ignored for IP 'soc_rtos_ver1_myip_RTOS_0_0'


4. Debug Commands
-----------------

  The following debug information can be passed to Vivado as Tcl commands,
in order to validate or debug the output of the upgrade flow.
  You may consult any warnings from within this upgrade, and alter or remove
the configuration parameter(s) which caused the warning; then execute the Tcl
commands, and use the IP Customization GUI to verify the IP configuration.

create_ip -vlnv user.org:user:myip_RTOS:2.1 -user_name soc_rtos_ver1_myip_RTOS_0_0
set_property -dict "\
  CONFIG.C_S00_AXI_ADDR_WIDTH {4} \
  CONFIG.C_S00_AXI_BASEADDR {0xFFFFFFFF} \
  CONFIG.C_S00_AXI_DATA_WIDTH {32} \
  CONFIG.C_S00_AXI_HIGHADDR {0x00000000} \
  CONFIG.Component_Name {soc_rtos_ver1_myip_RTOS_0_0} \
  CONFIG.S00_AXI.ADDR_WIDTH {4} \
  CONFIG.S00_AXI.ARUSER_WIDTH {0} \
  CONFIG.S00_AXI.AWUSER_WIDTH {0} \
  CONFIG.S00_AXI.BUSER_WIDTH {0} \
  CONFIG.S00_AXI.CLK_DOMAIN {/clk_wiz_clk_out1} \
  CONFIG.S00_AXI.DATA_WIDTH {32} \
  CONFIG.S00_AXI.FREQ_HZ {100000000} \
  CONFIG.S00_AXI.HAS_BRESP {1} \
  CONFIG.S00_AXI.HAS_BURST {0} \
  CONFIG.S00_AXI.HAS_CACHE {0} \
  CONFIG.S00_AXI.HAS_LOCK {0} \
  CONFIG.S00_AXI.HAS_PROT {1} \
  CONFIG.S00_AXI.HAS_QOS {0} \
  CONFIG.S00_AXI.HAS_REGION {0} \
  CONFIG.S00_AXI.HAS_RRESP {1} \
  CONFIG.S00_AXI.HAS_WSTRB {1} \
  CONFIG.S00_AXI.ID_WIDTH {0} \
  CONFIG.S00_AXI.INSERT_VIP {0} \
  CONFIG.S00_AXI.MAX_BURST_LENGTH {1} \
  CONFIG.S00_AXI.NUM_READ_OUTSTANDING {2} \
  CONFIG.S00_AXI.NUM_READ_THREADS {1} \
  CONFIG.S00_AXI.NUM_WRITE_OUTSTANDING {2} \
  CONFIG.S00_AXI.NUM_WRITE_THREADS {1} \
  CONFIG.S00_AXI.PHASE {0.0} \
  CONFIG.S00_AXI.PROTOCOL {AXI4LITE} \
  CONFIG.S00_AXI.READ_WRITE_MODE {READ_WRITE} \
  CONFIG.S00_AXI.RUSER_BITS_PER_BYTE {0} \
  CONFIG.S00_AXI.RUSER_WIDTH {0} \
  CONFIG.S00_AXI.SUPPORTS_NARROW_BURST {0} \
  CONFIG.S00_AXI.WIZ_DATA_WIDTH {32} \
  CONFIG.S00_AXI.WIZ_NUM_REG {4} \
  CONFIG.S00_AXI.WUSER_BITS_PER_BYTE {0} \
  CONFIG.S00_AXI.WUSER_WIDTH {0} \
  CONFIG.S00_AXI_CLK.ASSOCIATED_BUSIF {S00_AXI} \
  CONFIG.S00_AXI_CLK.ASSOCIATED_PORT {} \
  CONFIG.S00_AXI_CLK.ASSOCIATED_RESET {s00_axi_aresetn} \
  CONFIG.S00_AXI_CLK.CLK_DOMAIN {/clk_wiz_clk_out1} \
  CONFIG.S00_AXI_CLK.FREQ_HZ {100000000} \
  CONFIG.S00_AXI_CLK.FREQ_TOLERANCE_HZ {0} \
  CONFIG.S00_AXI_CLK.INSERT_VIP {0} \
  CONFIG.S00_AXI_CLK.PHASE {0.0} \
  CONFIG.S00_AXI_RST.INSERT_VIP {0} \
  CONFIG.S00_AXI_RST.POLARITY {ACTIVE_LOW} " [get_ips soc_rtos_ver1_myip_RTOS_0_0]







Copyright 1986-2022 Xilinx, Inc. All Rights Reserved. Copyright 2022-2024 Advanced Micro Devices, Inc. All Rights Reserved.
---------------------------------------------------------------------------------------------------------------------------------------------
| Tool Version : Vivado v.2024.2 (lin64) Build 5239630 Fri Nov 08 22:34:34 MST 2024
| Date         : Fri Mar  6 12:10:46 2026
| Host         : user14-B80KV-AP35BKE running 64-bit Ubuntu 24.04.4 LTS
| Command      : upgrade_ip
| Device       : xc7a35tcpg236-1
---------------------------------------------------------------------------------------------------------------------------------------------

Upgrade Log for IP 'soc_rtos_can_myip_RTOS_0_0'

1. Summary
----------

CAUTION (success, with warnings) in the upgrade of soc_rtos_can_myip_RTOS_0_0 from user.org:user:myip_RTOS:1.0 (Rev. 7) to user.org:user:myip_RTOS:2.1 (Rev. 2)

After upgrade, an IP may have parameter and port differences compared to the original customization. Please review the parameters within the IP customization GUI to ensure proper functionality. Also, please review the updated IP instantiation template to ensure proper connectivity, and update your design if required.

2. Connection Warnings
----------------------

Detected external port differences while upgrading 'soc_rtos_can_myip_RTOS_0_0'. These changes may impact your design.


-Upgraded port 's00_axi_araddr' width 8 differs from original width 4

-Upgraded port 's00_axi_awaddr' width 8 differs from original width 4

-Upgrade has removed port 'irq_out'


3. Customization warnings
-------------------------

An attempt to modify the value of disabled parameter 'C_S00_AXI_ADDR_WIDTH' from '8' to '4' has been ignored for IP 'soc_rtos_can_myip_RTOS_0_0'


4. Debug Commands
-----------------

  The following debug information can be passed to Vivado as Tcl commands,
in order to validate or debug the output of the upgrade flow.
  You may consult any warnings from within this upgrade, and alter or remove
the configuration parameter(s) which caused the warning; then execute the Tcl
commands, and use the IP Customization GUI to verify the IP configuration.

create_ip -vlnv user.org:user:myip_RTOS:2.1 -user_name soc_rtos_can_myip_RTOS_0_0
set_property -dict "\
  CONFIG.C_S00_AXI_ADDR_WIDTH {4} \
  CONFIG.C_S00_AXI_BASEADDR {0xFFFFFFFF} \
  CONFIG.C_S00_AXI_DATA_WIDTH {32} \
  CONFIG.C_S00_AXI_HIGHADDR {0x00000000} \
  CONFIG.Component_Name {soc_rtos_can_myip_RTOS_0_0} \
  CONFIG.S00_AXI.ADDR_WIDTH {4} \
  CONFIG.S00_AXI.ARUSER_WIDTH {0} \
  CONFIG.S00_AXI.AWUSER_WIDTH {0} \
  CONFIG.S00_AXI.BUSER_WIDTH {0} \
  CONFIG.S00_AXI.CLK_DOMAIN {/clk_wiz_clk_out1} \
  CONFIG.S00_AXI.DATA_WIDTH {32} \
  CONFIG.S00_AXI.FREQ_HZ {100000000} \
  CONFIG.S00_AXI.HAS_BRESP {1} \
  CONFIG.S00_AXI.HAS_BURST {0} \
  CONFIG.S00_AXI.HAS_CACHE {0} \
  CONFIG.S00_AXI.HAS_LOCK {0} \
  CONFIG.S00_AXI.HAS_PROT {1} \
  CONFIG.S00_AXI.HAS_QOS {0} \
  CONFIG.S00_AXI.HAS_REGION {0} \
  CONFIG.S00_AXI.HAS_RRESP {1} \
  CONFIG.S00_AXI.HAS_WSTRB {1} \
  CONFIG.S00_AXI.ID_WIDTH {0} \
  CONFIG.S00_AXI.INSERT_VIP {0} \
  CONFIG.S00_AXI.MAX_BURST_LENGTH {1} \
  CONFIG.S00_AXI.NUM_READ_OUTSTANDING {2} \
  CONFIG.S00_AXI.NUM_READ_THREADS {1} \
  CONFIG.S00_AXI.NUM_WRITE_OUTSTANDING {2} \
  CONFIG.S00_AXI.NUM_WRITE_THREADS {1} \
  CONFIG.S00_AXI.PHASE {0.0} \
  CONFIG.S00_AXI.PROTOCOL {AXI4LITE} \
  CONFIG.S00_AXI.READ_WRITE_MODE {READ_WRITE} \
  CONFIG.S00_AXI.RUSER_BITS_PER_BYTE {0} \
  CONFIG.S00_AXI.RUSER_WIDTH {0} \
  CONFIG.S00_AXI.SUPPORTS_NARROW_BURST {0} \
  CONFIG.S00_AXI.WIZ_DATA_WIDTH {32} \
  CONFIG.S00_AXI.WIZ_NUM_REG {4} \
  CONFIG.S00_AXI.WUSER_BITS_PER_BYTE {0} \
  CONFIG.S00_AXI.WUSER_WIDTH {0} \
  CONFIG.S00_AXI_CLK.ASSOCIATED_BUSIF {S00_AXI} \
  CONFIG.S00_AXI_CLK.ASSOCIATED_PORT {} \
  CONFIG.S00_AXI_CLK.ASSOCIATED_RESET {s00_axi_aresetn} \
  CONFIG.S00_AXI_CLK.CLK_DOMAIN {/clk_wiz_clk_out1} \
  CONFIG.S00_AXI_CLK.FREQ_HZ {100000000} \
  CONFIG.S00_AXI_CLK.FREQ_TOLERANCE_HZ {0} \
  CONFIG.S00_AXI_CLK.INSERT_VIP {0} \
  CONFIG.S00_AXI_CLK.PHASE {0.0} \
  CONFIG.S00_AXI_RST.INSERT_VIP {0} \
  CONFIG.S00_AXI_RST.POLARITY {ACTIVE_LOW} " [get_ips soc_rtos_can_myip_RTOS_0_0]







Copyright 1986-2022 Xilinx, Inc. All Rights Reserved. Copyright 2022-2024 Advanced Micro Devices, Inc. All Rights Reserved.
---------------------------------------------------------------------------------------------------------------------------------------------
| Tool Version : Vivado v.2024.2 (lin64) Build 5239630 Fri Nov 08 22:34:34 MST 2024
| Date         : Thu Feb 12 08:19:04 2026
| Host         : user14-B80KV-AP35BKE running 64-bit Ubuntu 24.04.3 LTS
| Command      : upgrade_ip
| Device       : xc7a35tcpg236-1
---------------------------------------------------------------------------------------------------------------------------------------------

Upgrade Log for IP 'soc_rtos_ver1_myip_irq_cntr_0_2'

1. Summary
----------

SUCCESS in the upgrade of soc_rtos_ver1_myip_irq_cntr_0_2 (user.org:user:myip_irq_cntr:1.0) from (Rev. 7) to (Rev. 8)






Copyright 1986-2022 Xilinx, Inc. All Rights Reserved. Copyright 2022-2024 Advanced Micro Devices, Inc. All Rights Reserved.
---------------------------------------------------------------------------------------------------------------------------------------------
| Tool Version : Vivado v.2024.2 (lin64) Build 5239630 Fri Nov 08 22:34:34 MST 2024
| Date         : Thu Feb 12 08:19:03 2026
| Host         : user14-B80KV-AP35BKE running 64-bit Ubuntu 24.04.3 LTS
| Command      : upgrade_ip
| Device       : xc7a35tcpg236-1
---------------------------------------------------------------------------------------------------------------------------------------------

Upgrade Log for IP 'soc_rtos_can_myip_irq_cntr_0_0'

1. Summary
----------

SUCCESS in the upgrade of soc_rtos_can_myip_irq_cntr_0_0 (user.org:user:myip_irq_cntr:1.0) from (Rev. 7) to (Rev. 8)






Copyright 1986-2022 Xilinx, Inc. All Rights Reserved. Copyright 2022-2024 Advanced Micro Devices, Inc. All Rights Reserved.
---------------------------------------------------------------------------------------------------------------------------------------------
| Tool Version : Vivado v.2024.2 (lin64) Build 5239630 Fri Nov 08 22:34:34 MST 2024
| Date         : Wed Feb 11 19:04:38 2026
| Host         : user14-B80KV-AP35BKE running 64-bit Ubuntu 24.04.3 LTS
| Command      : upgrade_ip
| Device       : xc7a35tcpg236-1
---------------------------------------------------------------------------------------------------------------------------------------------

Upgrade Log for IP 'soc_rtos_ver1_myip_irq_cntr_0_2'

1. Summary
----------

SUCCESS in the upgrade of soc_rtos_ver1_myip_irq_cntr_0_2 (user.org:user:myip_irq_cntr:1.0) from (Rev. 5) to (Rev. 7)






Copyright 1986-2022 Xilinx, Inc. All Rights Reserved. Copyright 2022-2024 Advanced Micro Devices, Inc. All Rights Reserved.
---------------------------------------------------------------------------------------------------------------------------------------------
| Tool Version : Vivado v.2024.2 (lin64) Build 5239630 Fri Nov 08 22:34:34 MST 2024
| Date         : Wed Feb 11 19:04:37 2026
| Host         : user14-B80KV-AP35BKE running 64-bit Ubuntu 24.04.3 LTS
| Command      : upgrade_ip
| Device       : xc7a35tcpg236-1
---------------------------------------------------------------------------------------------------------------------------------------------

Upgrade Log for IP 'soc_rtos_can_myip_irq_cntr_0_0'

1. Summary
----------

SUCCESS in the upgrade of soc_rtos_can_myip_irq_cntr_0_0 (user.org:user:myip_irq_cntr:1.0) from (Rev. 5) to (Rev. 7)






Copyright 1986-2022 Xilinx, Inc. All Rights Reserved. Copyright 2022-2024 Advanced Micro Devices, Inc. All Rights Reserved.
---------------------------------------------------------------------------------------------------------------------------------------------
| Tool Version : Vivado v.2024.2 (lin64) Build 5239630 Fri Nov 08 22:34:34 MST 2024
| Date         : Wed Feb 11 19:01:55 2026
| Host         : user14-B80KV-AP35BKE running 64-bit Ubuntu 24.04.3 LTS
| Command      : upgrade_ip
| Device       : xc7a35tcpg236-1
---------------------------------------------------------------------------------------------------------------------------------------------

Upgrade Log for IP 'soc_rtos_ver1_myip_irq_cntr_0_2'

1. Summary
----------

CAUTION (success, with warnings) in the upgrade of soc_rtos_ver1_myip_irq_cntr_0_2 (user.org:user:myip_irq_cntr:1.0) from (Rev. 4) to (Rev. 5)

After upgrade, an IP may have parameter and port differences compared to the original customization. Please review the parameters within the IP customization GUI to ensure proper functionality. Also, please review the updated IP instantiation template to ensure proper connectivity, and update your design if required.

2. Connection Warnings
----------------------

Detected external port differences while upgrading 'soc_rtos_ver1_myip_irq_cntr_0_2'. These changes may impact your design.


-Upgraded port 'irq_in' width 1 differs from original width 8







Copyright 1986-2022 Xilinx, Inc. All Rights Reserved. Copyright 2022-2024 Advanced Micro Devices, Inc. All Rights Reserved.
---------------------------------------------------------------------------------------------------------------------------------------------
| Tool Version : Vivado v.2024.2 (lin64) Build 5239630 Fri Nov 08 22:34:34 MST 2024
| Date         : Wed Feb 11 19:01:54 2026
| Host         : user14-B80KV-AP35BKE running 64-bit Ubuntu 24.04.3 LTS
| Command      : upgrade_ip
| Device       : xc7a35tcpg236-1
---------------------------------------------------------------------------------------------------------------------------------------------

Upgrade Log for IP 'soc_rtos_can_myip_irq_cntr_0_0'

1. Summary
----------

CAUTION (success, with warnings) in the upgrade of soc_rtos_can_myip_irq_cntr_0_0 (user.org:user:myip_irq_cntr:1.0) from (Rev. 4) to (Rev. 5)

After upgrade, an IP may have parameter and port differences compared to the original customization. Please review the parameters within the IP customization GUI to ensure proper functionality. Also, please review the updated IP instantiation template to ensure proper connectivity, and update your design if required.

2. Connection Warnings
----------------------

Detected external port differences while upgrading 'soc_rtos_can_myip_irq_cntr_0_0'. These changes may impact your design.


-Upgraded port 'irq_in' width 1 differs from original width 8







Copyright 1986-2022 Xilinx, Inc. All Rights Reserved. Copyright 2022-2024 Advanced Micro Devices, Inc. All Rights Reserved.
---------------------------------------------------------------------------------------------------------------------------------------------
| Tool Version : Vivado v.2024.2 (lin64) Build 5239630 Fri Nov 08 22:34:34 MST 2024
| Date         : Wed Feb 11 18:58:58 2026
| Host         : user14-B80KV-AP35BKE running 64-bit Ubuntu 24.04.3 LTS
| Command      : upgrade_ip
| Device       : xc7a35tcpg236-1
---------------------------------------------------------------------------------------------------------------------------------------------

Upgrade Log for IP 'soc_rtos_ver1_myip_irq_cntr_0_1'

1. Summary
----------

SUCCESS in the upgrade of soc_rtos_ver1_myip_irq_cntr_0_1 (user.org:user:myip_irq_cntr:1.0) from (Rev. 3) to (Rev. 4)






Copyright 1986-2022 Xilinx, Inc. All Rights Reserved. Copyright 2022-2024 Advanced Micro Devices, Inc. All Rights Reserved.
---------------------------------------------------------------------------------------------------------------------------------------------
| Tool Version : Vivado v.2024.2 (lin64) Build 5239630 Fri Nov 08 22:34:34 MST 2024
| Date         : Wed Feb 11 18:58:58 2026
| Host         : user14-B80KV-AP35BKE running 64-bit Ubuntu 24.04.3 LTS
| Command      : upgrade_ip
| Device       : xc7a35tcpg236-1
---------------------------------------------------------------------------------------------------------------------------------------------

Upgrade Log for IP 'soc_rtos_can_myip_irq_cntr_0_0'

1. Summary
----------

SUCCESS in the upgrade of soc_rtos_can_myip_irq_cntr_0_0 (user.org:user:myip_irq_cntr:1.0) from (Rev. 3) to (Rev. 4)






Copyright 1986-2022 Xilinx, Inc. All Rights Reserved. Copyright 2022-2024 Advanced Micro Devices, Inc. All Rights Reserved.
---------------------------------------------------------------------------------------------------------------------------------------------
| Tool Version : Vivado v.2024.2 (lin64) Build 5239630 Fri Nov 08 22:34:34 MST 2024
| Date         : Wed Feb 11 18:57:09 2026
| Host         : user14-B80KV-AP35BKE running 64-bit Ubuntu 24.04.3 LTS
| Command      : upgrade_ip
| Device       : xc7a35tcpg236-1
---------------------------------------------------------------------------------------------------------------------------------------------

Upgrade Log for IP 'soc_rtos_ver1_myip_irq_cntr_0_1'

1. Summary
----------

SUCCESS in the upgrade of soc_rtos_ver1_myip_irq_cntr_0_1 (user.org:user:myip_irq_cntr:1.0) from (Rev. 2) to (Rev. 3)






Copyright 1986-2022 Xilinx, Inc. All Rights Reserved. Copyright 2022-2024 Advanced Micro Devices, Inc. All Rights Reserved.
---------------------------------------------------------------------------------------------------------------------------------------------
| Tool Version : Vivado v.2024.2 (lin64) Build 5239630 Fri Nov 08 22:34:34 MST 2024
| Date         : Wed Feb 11 18:57:09 2026
| Host         : user14-B80KV-AP35BKE running 64-bit Ubuntu 24.04.3 LTS
| Command      : upgrade_ip
| Device       : xc7a35tcpg236-1
---------------------------------------------------------------------------------------------------------------------------------------------

Upgrade Log for IP 'soc_rtos_can_myip_irq_cntr_0_0'

1. Summary
----------

SUCCESS in the upgrade of soc_rtos_can_myip_irq_cntr_0_0 (user.org:user:myip_irq_cntr:1.0) from (Rev. 2) to (Rev. 3)






Copyright 1986-2022 Xilinx, Inc. All Rights Reserved. Copyright 2022-2024 Advanced Micro Devices, Inc. All Rights Reserved.
---------------------------------------------------------------------------------------------------------------------------------------------
| Tool Version : Vivado v.2024.2 (lin64) Build 5239630 Fri Nov 08 22:34:34 MST 2024
| Date         : Wed Feb 11 11:06:23 2026
| Host         : user14-B80KV-AP35BKE running 64-bit Ubuntu 24.04.3 LTS
| Command      : upgrade_ip
| Device       : xc7a35tcpg236-1
---------------------------------------------------------------------------------------------------------------------------------------------

Upgrade Log for IP 'soc_rtos_can_myip_can_0_0'

1. Summary
----------

CAUTION (success, with warnings) in the upgrade of soc_rtos_can_myip_can_0_0 (user.org:user:myip_can:1.0) from (Rev. 2) to (Rev. 3)

After upgrade, an IP may have parameter and port differences compared to the original customization. Please review the parameters within the IP customization GUI to ensure proper functionality. Also, please review the updated IP instantiation template to ensure proper connectivity, and update your design if required.

2. Connection Warnings
----------------------

Detected external port differences while upgrading 'soc_rtos_can_myip_can_0_0'. These changes may impact your design.


-Upgrade has added port 'can_rx_port'

-Upgrade has added port 'can_tx_port'







Copyright 1986-2022 Xilinx, Inc. All Rights Reserved. Copyright 2022-2024 Advanced Micro Devices, Inc. All Rights Reserved.
---------------------------------------------------------------------------------------------------------------------------------------------
| Tool Version : Vivado v.2024.2 (lin64) Build 5239630 Fri Nov 08 22:34:34 MST 2024
| Date         : Thu Feb  5 11:54:55 2026
| Host         : user14-B80KV-AP35BKE running 64-bit Ubuntu 24.04.3 LTS
| Command      : upgrade_ip
| Device       : xc7a35tcpg236-1
---------------------------------------------------------------------------------------------------------------------------------------------

Upgrade Log for IP 'soc_rtos_ver1_myip_irq_cntr_0_0'

1. Summary
----------

SUCCESS in the upgrade of soc_rtos_ver1_myip_irq_cntr_0_0 from user.org:user:myip_irq_cntr:1.0 (Rev. 6) to user.org:user:myip_irq_cntr:1.1 (Rev. 6)






Copyright 1986-2022 Xilinx, Inc. All Rights Reserved. Copyright 2022-2024 Advanced Micro Devices, Inc. All Rights Reserved.
---------------------------------------------------------------------------------------------------------------------------------------------
| Tool Version : Vivado v.2024.2 (lin64) Build 5239630 Fri Nov 08 22:34:34 MST 2024
| Date         : Thu Feb  5 11:20:47 2026
| Host         : user14-B80KV-AP35BKE running 64-bit Ubuntu 24.04.3 LTS
| Command      : upgrade_ip
| Device       : xc7a35tcpg236-1
---------------------------------------------------------------------------------------------------------------------------------------------

Upgrade Log for IP 'soc_rtos_ver1_myip_irq_cntr_0_1'

1. Summary
----------

SUCCESS in the upgrade of soc_rtos_ver1_myip_irq_cntr_0_1 (user.org:user:myip_irq_cntr:1.0) from (Rev. 4) to (Rev. 5)






Copyright 1986-2022 Xilinx, Inc. All Rights Reserved. Copyright 2022-2024 Advanced Micro Devices, Inc. All Rights Reserved.
---------------------------------------------------------------------------------------------------------------------------------------------
| Tool Version : Vivado v.2024.2 (lin64) Build 5239630 Fri Nov 08 22:34:34 MST 2024
| Date         : Thu Feb  5 11:12:57 2026
| Host         : user14-B80KV-AP35BKE running 64-bit Ubuntu 24.04.3 LTS
| Command      : upgrade_ip
| Device       : xc7a35tcpg236-1
---------------------------------------------------------------------------------------------------------------------------------------------

Upgrade Log for IP 'soc_rtos_ver1_myip_irq_cntr_0_0'

1. Summary
----------

SUCCESS in the upgrade of soc_rtos_ver1_myip_irq_cntr_0_0 (user.org:user:myip_irq_cntr:1.0) from (Rev. 3) to (Rev. 4)

