
*** Running vivado
    with args -log soc_watchRev2_clk_wiz_0.vds -m64 -product Vivado -mode batch -messageDb vivado.pb -notrace -source soc_watchRev2_clk_wiz_0.tcl


****** Vivado v2024.2 (64-bit)
  **** SW Build 5239630 on Fri Nov 08 22:34:34 MST 2024
  **** IP Build 5239520 on Sun Nov 10 16:12:51 MST 2024
  **** SharedData Build 5239561 on Fri Nov 08 14:39:27 MST 2024
  **** Start of session at: Fri Jan 30 16:59:32 2026
    ** Copyright 1986-2022 Xilinx, Inc. All Rights Reserved.
    ** Copyright 2022-2024 Advanced Micro Devices, Inc. All Rights Reserved.

source soc_watchRev2_clk_wiz_0.tcl -notrace
INFO: [IP_Flow 19-234] Refreshing IP repositories
INFO: [IP_Flow 19-1700] Loaded user IP repository '/media/user14/data/work/ip_repo/myip_timer_1_0'.
INFO: [IP_Flow 19-1700] Loaded user IP repository '/media/user14/data/work/ip_repo/myip_koreawatch_1_0'.
INFO: [IP_Flow 19-1700] Loaded user IP repository '/media/user14/data/work/ip_repo/myip_stopwatch_1_0'.
INFO: [IP_Flow 19-1700] Loaded user IP repository '/media/user14/data/work/ip_repo/myip_cooktimer_1_0'.
INFO: [IP_Flow 19-1700] Loaded user IP repository '/media/user14/data/work/ip_repo/myip_iic_cntr_1_0'.
INFO: [IP_Flow 19-1700] Loaded user IP repository '/media/user14/data/work/ip_repo/myip_dht11_1_0'.
INFO: [IP_Flow 19-1700] Loaded user IP repository '/media/user14/data/work/ip_repo/myip_fnd_cntr_1_0'.
INFO: [IP_Flow 19-2313] Loaded Vivado IP repository '/media/user14/data/tools/xilinx/Vivado/2024.2/data/ip'.
INFO: [IP_Flow 19-6924] IPCACHE: Running cache check for IP inst: soc_watchRev2_clk_wiz_0
Command: synth_design -top soc_watchRev2_clk_wiz_0 -part xc7a35tcpg236-1 -incremental_mode off -mode out_of_context
Starting synth_design
Attempting to get a license for feature 'Synthesis' and/or device 'xc7a35t'
INFO: [Common 17-349] Got license for feature 'Synthesis' and/or device 'xc7a35t'
INFO: [Device 21-403] Loading part xc7a35tcpg236-1
INFO: [Synth 8-7079] Multithreading enabled for synth_design using a maximum of 7 processes.
INFO: [Synth 8-7078] Launching helper process for spawning children vivado processes
INFO: [Synth 8-7075] Helper process launched with PID 712007
---------------------------------------------------------------------------------
Starting RTL Elaboration : Time (s): cpu = 00:00:03 ; elapsed = 00:00:04 . Memory (MB): peak = 1842.492 ; gain = 381.859 ; free physical = 323 ; free virtual = 33230
---------------------------------------------------------------------------------
INFO: [Synth 8-6157] synthesizing module 'soc_watchRev2_clk_wiz_0' [/media/user14/data/work/SOC_exam_2026/SOC_exam_2026.gen/sources_1/bd/soc_watchRev2/ip/soc_watchRev2_clk_wiz_0/soc_watchRev2_clk_wiz_0.v:65]
INFO: [Synth 8-6157] synthesizing module 'soc_watchRev2_clk_wiz_0_clk_wiz' [/media/user14/data/work/SOC_exam_2026/SOC_exam_2026.gen/sources_1/bd/soc_watchRev2/ip/soc_watchRev2_clk_wiz_0/soc_watchRev2_clk_wiz_0_clk_wiz.v:65]
INFO: [Synth 8-6157] synthesizing module 'IBUF' [/media/user14/data/tools/xilinx/Vivado/2024.2/scripts/rt/data/unisim_comp.v:75825]
INFO: [Synth 8-6155] done synthesizing module 'IBUF' (0#1) [/media/user14/data/tools/xilinx/Vivado/2024.2/scripts/rt/data/unisim_comp.v:75825]
INFO: [Synth 8-6157] synthesizing module 'MMCME2_ADV' [/media/user14/data/tools/xilinx/Vivado/2024.2/scripts/rt/data/unisim_comp.v:84588]
	Parameter BANDWIDTH bound to: OPTIMIZED - type: string 
	Parameter CLKFBOUT_MULT_F bound to: 10.000000 - type: double 
	Parameter CLKFBOUT_PHASE bound to: 0.000000 - type: double 
	Parameter CLKFBOUT_USE_FINE_PS bound to: FALSE - type: string 
	Parameter CLKIN1_PERIOD bound to: 10.000000 - type: double 
	Parameter CLKOUT0_DIVIDE_F bound to: 10.000000 - type: double 
	Parameter CLKOUT0_DUTY_CYCLE bound to: 0.500000 - type: double 
	Parameter CLKOUT0_PHASE bound to: 0.000000 - type: double 
	Parameter CLKOUT0_USE_FINE_PS bound to: FALSE - type: string 
	Parameter CLKOUT4_CASCADE bound to: FALSE - type: string 
	Parameter COMPENSATION bound to: ZHOLD - type: string 
	Parameter DIVCLK_DIVIDE bound to: 1 - type: integer 
	Parameter STARTUP_WAIT bound to: FALSE - type: string 
INFO: [Synth 8-6155] done synthesizing module 'MMCME2_ADV' (0#1) [/media/user14/data/tools/xilinx/Vivado/2024.2/scripts/rt/data/unisim_comp.v:84588]
INFO: [Synth 8-6157] synthesizing module 'BUFG' [/media/user14/data/tools/xilinx/Vivado/2024.2/scripts/rt/data/unisim_comp.v:2676]
INFO: [Synth 8-6155] done synthesizing module 'BUFG' (0#1) [/media/user14/data/tools/xilinx/Vivado/2024.2/scripts/rt/data/unisim_comp.v:2676]
INFO: [Synth 8-6155] done synthesizing module 'soc_watchRev2_clk_wiz_0_clk_wiz' (0#1) [/media/user14/data/work/SOC_exam_2026/SOC_exam_2026.gen/sources_1/bd/soc_watchRev2/ip/soc_watchRev2_clk_wiz_0/soc_watchRev2_clk_wiz_0_clk_wiz.v:65]
INFO: [Synth 8-6155] done synthesizing module 'soc_watchRev2_clk_wiz_0' (0#1) [/media/user14/data/work/SOC_exam_2026/SOC_exam_2026.gen/sources_1/bd/soc_watchRev2/ip/soc_watchRev2_clk_wiz_0/soc_watchRev2_clk_wiz_0.v:65]
---------------------------------------------------------------------------------
Finished RTL Elaboration : Time (s): cpu = 00:00:04 ; elapsed = 00:00:05 . Memory (MB): peak = 1916.430 ; gain = 455.797 ; free physical = 173 ; free virtual = 33024
---------------------------------------------------------------------------------
---------------------------------------------------------------------------------
Start Handling Custom Attributes
---------------------------------------------------------------------------------
---------------------------------------------------------------------------------
Finished Handling Custom Attributes : Time (s): cpu = 00:00:04 ; elapsed = 00:00:06 . Memory (MB): peak = 1934.242 ; gain = 473.609 ; free physical = 153 ; free virtual = 33007
---------------------------------------------------------------------------------
---------------------------------------------------------------------------------
Finished RTL Optimization Phase 1 : Time (s): cpu = 00:00:04 ; elapsed = 00:00:06 . Memory (MB): peak = 1934.242 ; gain = 473.609 ; free physical = 151 ; free virtual = 33005
---------------------------------------------------------------------------------
Netlist sorting complete. Time (s): cpu = 00:00:00 ; elapsed = 00:00:00 . Memory (MB): peak = 1940.180 ; gain = 0.000 ; free physical = 174 ; free virtual = 32957
INFO: [Netlist 29-17] Analyzing 1 Unisim elements for replacement
INFO: [Netlist 29-28] Unisim Transformation completed in 0 CPU seconds
INFO: [Project 1-570] Preparing netlist for logic optimization

Processing XDC Constraints
Initializing timing engine
Parsing XDC File [/media/user14/data/work/SOC_exam_2026/SOC_exam_2026.gen/sources_1/bd/soc_watchRev2/ip/soc_watchRev2_clk_wiz_0/soc_watchRev2_clk_wiz_0_ooc.xdc] for cell 'inst'
Finished Parsing XDC File [/media/user14/data/work/SOC_exam_2026/SOC_exam_2026.gen/sources_1/bd/soc_watchRev2/ip/soc_watchRev2_clk_wiz_0/soc_watchRev2_clk_wiz_0_ooc.xdc] for cell 'inst'
Parsing XDC File [/media/user14/data/work/SOC_exam_2026/SOC_exam_2026.gen/sources_1/bd/soc_watchRev2/ip/soc_watchRev2_clk_wiz_0/soc_watchRev2_clk_wiz_0_board.xdc] for cell 'inst'
Finished Parsing XDC File [/media/user14/data/work/SOC_exam_2026/SOC_exam_2026.gen/sources_1/bd/soc_watchRev2/ip/soc_watchRev2_clk_wiz_0/soc_watchRev2_clk_wiz_0_board.xdc] for cell 'inst'
Parsing XDC File [/media/user14/data/work/SOC_exam_2026/SOC_exam_2026.gen/sources_1/bd/soc_watchRev2/ip/soc_watchRev2_clk_wiz_0/soc_watchRev2_clk_wiz_0.xdc] for cell 'inst'
Finished Parsing XDC File [/media/user14/data/work/SOC_exam_2026/SOC_exam_2026.gen/sources_1/bd/soc_watchRev2/ip/soc_watchRev2_clk_wiz_0/soc_watchRev2_clk_wiz_0.xdc] for cell 'inst'
INFO: [Project 1-236] Implementation specific constraints were found while reading constraint file [/media/user14/data/work/SOC_exam_2026/SOC_exam_2026.gen/sources_1/bd/soc_watchRev2/ip/soc_watchRev2_clk_wiz_0/soc_watchRev2_clk_wiz_0.xdc]. These constraints will be ignored for synthesis but will be used in implementation. Impacted constraints are listed in the file [.Xil/soc_watchRev2_clk_wiz_0_propImpl.xdc].
Resolution: To avoid this warning, move constraints listed in [.Xil/soc_watchRev2_clk_wiz_0_propImpl.xdc] to another XDC file and exclude this new file from synthesis with the used_in_synthesis property (File Properties dialog in GUI) and re-run elaboration/synthesis.
INFO: [Timing 38-2] Deriving generated clocks
Parsing XDC File [/media/user14/data/work/SOC_exam_2026/SOC_exam_2026.runs/soc_watchRev2_clk_wiz_0_synth_1/dont_touch.xdc]
Finished Parsing XDC File [/media/user14/data/work/SOC_exam_2026/SOC_exam_2026.runs/soc_watchRev2_clk_wiz_0_synth_1/dont_touch.xdc]
Completed Processing XDC Constraints

Netlist sorting complete. Time (s): cpu = 00:00:00 ; elapsed = 00:00:00 . Memory (MB): peak = 2007.180 ; gain = 0.000 ; free physical = 180 ; free virtual = 32770
INFO: [Project 1-111] Unisim Transformation Summary:
No Unisim elements were transformed.

Constraint Validation Runtime : Time (s): cpu = 00:00:00 ; elapsed = 00:00:00 . Memory (MB): peak = 2007.180 ; gain = 0.000 ; free physical = 176 ; free virtual = 32766
INFO: [Designutils 20-5008] Incremental synthesis strategy off
---------------------------------------------------------------------------------
Finished Constraint Validation : Time (s): cpu = 00:00:08 ; elapsed = 00:00:10 . Memory (MB): peak = 2007.180 ; gain = 546.547 ; free physical = 293 ; free virtual = 32516
---------------------------------------------------------------------------------
---------------------------------------------------------------------------------
Start Loading Part and Timing Information
---------------------------------------------------------------------------------
Loading part: xc7a35tcpg236-1
---------------------------------------------------------------------------------
Finished Loading Part and Timing Information : Time (s): cpu = 00:00:08 ; elapsed = 00:00:10 . Memory (MB): peak = 2015.184 ; gain = 554.551 ; free physical = 292 ; free virtual = 32514
---------------------------------------------------------------------------------
---------------------------------------------------------------------------------
Start Applying 'set_property' XDC Constraints
---------------------------------------------------------------------------------
Applied set_property keep_hierarchy = soft for inst. (constraint file  /media/user14/data/work/SOC_exam_2026/SOC_exam_2026.gen/sources_1/bd/soc_watchRev2/ip/soc_watchRev2_clk_wiz_0/soc_watchRev2_clk_wiz_0.xdc, line 53).
Applied set_property KEEP_HIERARCHY = SOFT for inst. (constraint file  /media/user14/data/work/SOC_exam_2026/SOC_exam_2026.runs/soc_watchRev2_clk_wiz_0_synth_1/dont_touch.xdc, line 9).
Applied set_property KEEP = true for clk_in1. (constraint file  auto generated constraint).
Applied set_property KEEP = true for reset. (constraint file  auto generated constraint).
---------------------------------------------------------------------------------
Finished applying 'set_property' XDC Constraints : Time (s): cpu = 00:00:08 ; elapsed = 00:00:10 . Memory (MB): peak = 2015.184 ; gain = 554.551 ; free physical = 292 ; free virtual = 32515
---------------------------------------------------------------------------------
---------------------------------------------------------------------------------
Finished RTL Optimization Phase 2 : Time (s): cpu = 00:00:08 ; elapsed = 00:00:10 . Memory (MB): peak = 2015.184 ; gain = 554.551 ; free physical = 284 ; free virtual = 32510
---------------------------------------------------------------------------------
---------------------------------------------------------------------------------
Start RTL Component Statistics 
---------------------------------------------------------------------------------
Detailed RTL Component Info : 
---------------------------------------------------------------------------------
Finished RTL Component Statistics 
---------------------------------------------------------------------------------
---------------------------------------------------------------------------------
Start Part Resource Summary
---------------------------------------------------------------------------------
Part Resources:
DSPs: 90 (col length:60)
BRAMs: 100 (col length: RAMB18 60 RAMB36 30)
---------------------------------------------------------------------------------
Finished Part Resource Summary
---------------------------------------------------------------------------------
---------------------------------------------------------------------------------
Start Cross Boundary and Area Optimization
---------------------------------------------------------------------------------
WARNING: [Synth 8-7080] Parallel synthesis criteria is not met
---------------------------------------------------------------------------------
Finished Cross Boundary and Area Optimization : Time (s): cpu = 00:00:08 ; elapsed = 00:00:11 . Memory (MB): peak = 2015.184 ; gain = 554.551 ; free physical = 228 ; free virtual = 32458
---------------------------------------------------------------------------------
---------------------------------------------------------------------------------
Start Applying XDC Timing Constraints
---------------------------------------------------------------------------------
---------------------------------------------------------------------------------
Finished Applying XDC Timing Constraints : Time (s): cpu = 00:00:12 ; elapsed = 00:00:14 . Memory (MB): peak = 2084.184 ; gain = 623.551 ; free physical = 225 ; free virtual = 32377
---------------------------------------------------------------------------------
---------------------------------------------------------------------------------
Start Timing Optimization
---------------------------------------------------------------------------------
---------------------------------------------------------------------------------
Finished Timing Optimization : Time (s): cpu = 00:00:12 ; elapsed = 00:00:14 . Memory (MB): peak = 2084.184 ; gain = 623.551 ; free physical = 225 ; free virtual = 32377
---------------------------------------------------------------------------------
---------------------------------------------------------------------------------
Start Technology Mapping
---------------------------------------------------------------------------------
---------------------------------------------------------------------------------
Finished Technology Mapping : Time (s): cpu = 00:00:12 ; elapsed = 00:00:14 . Memory (MB): peak = 2094.199 ; gain = 633.566 ; free physical = 217 ; free virtual = 32369
---------------------------------------------------------------------------------
---------------------------------------------------------------------------------
Start IO Insertion
---------------------------------------------------------------------------------
---------------------------------------------------------------------------------
Start Flattening Before IO Insertion
---------------------------------------------------------------------------------
---------------------------------------------------------------------------------
Finished Flattening Before IO Insertion
---------------------------------------------------------------------------------
---------------------------------------------------------------------------------
Start Final Netlist Cleanup
---------------------------------------------------------------------------------
---------------------------------------------------------------------------------
Finished Final Netlist Cleanup
---------------------------------------------------------------------------------
---------------------------------------------------------------------------------
Finished IO Insertion : Time (s): cpu = 00:00:13 ; elapsed = 00:00:16 . Memory (MB): peak = 2264.012 ; gain = 803.379 ; free physical = 170 ; free virtual = 32074
---------------------------------------------------------------------------------
---------------------------------------------------------------------------------
Start Renaming Generated Instances
---------------------------------------------------------------------------------
---------------------------------------------------------------------------------
Finished Renaming Generated Instances : Time (s): cpu = 00:00:13 ; elapsed = 00:00:16 . Memory (MB): peak = 2264.012 ; gain = 803.379 ; free physical = 170 ; free virtual = 32074
---------------------------------------------------------------------------------
---------------------------------------------------------------------------------
Start Rebuilding User Hierarchy
---------------------------------------------------------------------------------
---------------------------------------------------------------------------------
Finished Rebuilding User Hierarchy : Time (s): cpu = 00:00:13 ; elapsed = 00:00:16 . Memory (MB): peak = 2264.012 ; gain = 803.379 ; free physical = 170 ; free virtual = 32074
---------------------------------------------------------------------------------
---------------------------------------------------------------------------------
Start Renaming Generated Ports
---------------------------------------------------------------------------------
---------------------------------------------------------------------------------
Finished Renaming Generated Ports : Time (s): cpu = 00:00:13 ; elapsed = 00:00:16 . Memory (MB): peak = 2264.012 ; gain = 803.379 ; free physical = 170 ; free virtual = 32074
---------------------------------------------------------------------------------
---------------------------------------------------------------------------------
Start Handling Custom Attributes
---------------------------------------------------------------------------------
---------------------------------------------------------------------------------
Finished Handling Custom Attributes : Time (s): cpu = 00:00:13 ; elapsed = 00:00:16 . Memory (MB): peak = 2264.012 ; gain = 803.379 ; free physical = 170 ; free virtual = 32074
---------------------------------------------------------------------------------
---------------------------------------------------------------------------------
Start Renaming Generated Nets
---------------------------------------------------------------------------------
---------------------------------------------------------------------------------
Finished Renaming Generated Nets : Time (s): cpu = 00:00:13 ; elapsed = 00:00:16 . Memory (MB): peak = 2264.012 ; gain = 803.379 ; free physical = 170 ; free virtual = 32074
---------------------------------------------------------------------------------
---------------------------------------------------------------------------------
Start Writing Synthesis Report
---------------------------------------------------------------------------------

Report BlackBoxes: 
+-+--------------+----------+
| |BlackBox name |Instances |
+-+--------------+----------+
+-+--------------+----------+

Report Cell Usage: 
+------+-----------+------+
|      |Cell       |Count |
+------+-----------+------+
|1     |BUFG       |     2|
|2     |MMCME2_ADV |     1|
|3     |IBUF       |     1|
+------+-----------+------+
---------------------------------------------------------------------------------
Finished Writing Synthesis Report : Time (s): cpu = 00:00:13 ; elapsed = 00:00:16 . Memory (MB): peak = 2264.012 ; gain = 803.379 ; free physical = 170 ; free virtual = 32074
---------------------------------------------------------------------------------
Synthesis finished with 0 errors, 0 critical warnings and 1 warnings.
Synthesis Optimization Runtime : Time (s): cpu = 00:00:12 ; elapsed = 00:00:15 . Memory (MB): peak = 2264.012 ; gain = 730.441 ; free physical = 162 ; free virtual = 32066
Synthesis Optimization Complete : Time (s): cpu = 00:00:13 ; elapsed = 00:00:16 . Memory (MB): peak = 2264.020 ; gain = 803.379 ; free physical = 162 ; free virtual = 32066
INFO: [Project 1-571] Translating synthesized netlist
Netlist sorting complete. Time (s): cpu = 00:00:00 ; elapsed = 00:00:00 . Memory (MB): peak = 2264.020 ; gain = 0.000 ; free physical = 162 ; free virtual = 32066
INFO: [Netlist 29-17] Analyzing 1 Unisim elements for replacement
INFO: [Netlist 29-28] Unisim Transformation completed in 0 CPU seconds
INFO: [Project 1-570] Preparing netlist for logic optimization
INFO: [Opt 31-138] Pushed 0 inverter(s) to 0 load pin(s).
Netlist sorting complete. Time (s): cpu = 00:00:00 ; elapsed = 00:00:00 . Memory (MB): peak = 2264.020 ; gain = 0.000 ; free physical = 404 ; free virtual = 32310
INFO: [Project 1-111] Unisim Transformation Summary:
No Unisim elements were transformed.

Synth Design complete | Checksum: b46ea426
INFO: [Common 17-83] Releasing license: Synthesis
39 Infos, 1 Warnings, 0 Critical Warnings and 0 Errors encountered.
synth_design completed successfully
synth_design: Time (s): cpu = 00:00:18 ; elapsed = 00:00:19 . Memory (MB): peak = 2264.020 ; gain = 887.750 ; free physical = 403 ; free virtual = 32308
INFO: [Common 17-2834] synth_design peak Physical Memory [PSS] (MB): overall = 1278.342; main = 1278.342; forked = 198.711
INFO: [Common 17-2834] synth_design peak Virtual Memory [VSS] (MB): overall = 2936.047; main = 2264.016; forked = 920.859
Write ShapeDB Complete: Time (s): cpu = 00:00:00 ; elapsed = 00:00:00 . Memory (MB): peak = 2288.023 ; gain = 0.000 ; free physical = 402 ; free virtual = 32308
INFO: [Common 17-1381] The checkpoint '/media/user14/data/work/SOC_exam_2026/SOC_exam_2026.runs/soc_watchRev2_clk_wiz_0_synth_1/soc_watchRev2_clk_wiz_0.dcp' has been generated.
INFO: [Coretcl 2-1648] Added synthesis output to IP cache for IP soc_watchRev2_clk_wiz_0, cache-ID = 929e6fd2939b66ba
Write ShapeDB Complete: Time (s): cpu = 00:00:00 ; elapsed = 00:00:00 . Memory (MB): peak = 2344.051 ; gain = 0.000 ; free physical = 388 ; free virtual = 32293
INFO: [Common 17-1381] The checkpoint '/media/user14/data/work/SOC_exam_2026/SOC_exam_2026.runs/soc_watchRev2_clk_wiz_0_synth_1/soc_watchRev2_clk_wiz_0.dcp' has been generated.
INFO: [Vivado 12-24828] Executing command : report_utilization -file soc_watchRev2_clk_wiz_0_utilization_synth.rpt -pb soc_watchRev2_clk_wiz_0_utilization_synth.pb
INFO: [Common 17-206] Exiting Vivado at Fri Jan 30 16:59:56 2026...
