
*** Running vivado
    with args -log soc_npu_wrapper.vds -m64 -product Vivado -mode batch -messageDb vivado.pb -notrace -source soc_npu_wrapper.tcl


****** Vivado v2024.2 (64-bit)
  **** SW Build 5239630 on Fri Nov 08 22:34:34 MST 2024
  **** IP Build 5239520 on Sun Nov 10 16:12:51 MST 2024
  **** SharedData Build 5239561 on Fri Nov 08 14:39:27 MST 2024
  **** Start of session at: Sat Mar 14 15:20:27 2026
    ** Copyright 1986-2022 Xilinx, Inc. All Rights Reserved.
    ** Copyright 2022-2024 Advanced Micro Devices, Inc. All Rights Reserved.

source soc_npu_wrapper.tcl -notrace
INFO: [IP_Flow 19-234] Refreshing IP repositories
INFO: [IP_Flow 19-1700] Loaded user IP repository '/home/jaehyeok95/ip_repo/myip_npu_OCR_1_0'.
INFO: [IP_Flow 19-2313] Loaded Vivado IP repository '/home/jaehyeok95/Xilinx/Vivado/2024.2/data/ip'.
Command: read_checkpoint -auto_incremental -incremental /home/jaehyeok95/team_project_npu/team_project_npu.srcs/utils_1/imports/synth_1/npu_top.dcp
INFO: [Vivado 12-5825] Read reference checkpoint from /home/jaehyeok95/team_project_npu/team_project_npu.srcs/utils_1/imports/synth_1/npu_top.dcp for incremental synthesis
INFO: [Vivado 12-7989] Please ensure there are no constraint changes
Command: synth_design -top soc_npu_wrapper -part xc7z020clg400-1
Starting synth_design
Attempting to get a license for feature 'Synthesis' and/or device 'xc7z020'
INFO: [Common 17-349] Got license for feature 'Synthesis' and/or device 'xc7z020'
INFO: [Device 21-403] Loading part xc7z020clg400-1
INFO: [Synth 8-7079] Multithreading enabled for synth_design using a maximum of 7 processes.
INFO: [Synth 8-7078] Launching helper process for spawning children vivado processes
INFO: [Synth 8-7075] Helper process launched with PID 21809
---------------------------------------------------------------------------------
Starting RTL Elaboration : Time (s): cpu = 00:00:04 ; elapsed = 00:00:04 . Memory (MB): peak = 2004.328 ; gain = 246.477 ; free physical = 1841 ; free virtual = 5972
---------------------------------------------------------------------------------
INFO: [Synth 8-6157] synthesizing module 'soc_npu_wrapper' [/home/jaehyeok95/team_project_npu/team_project_npu.gen/sources_1/bd/soc_npu/hdl/soc_npu_wrapper.v:13]
INFO: [Synth 8-6157] synthesizing module 'soc_npu' [/home/jaehyeok95/team_project_npu/team_project_npu.gen/sources_1/bd/soc_npu/synth/soc_npu.v:744]
INFO: [Synth 8-6157] synthesizing module 'soc_npu_axi_dma_0_1' [/home/jaehyeok95/team_project_npu/team_project_npu.runs/synth_1/.Xil/Vivado-21650-jaehyeok95-AORUS-5-MB/realtime/soc_npu_axi_dma_0_1_stub.v:6]
INFO: [Synth 8-6155] done synthesizing module 'soc_npu_axi_dma_0_1' (0#1) [/home/jaehyeok95/team_project_npu/team_project_npu.runs/synth_1/.Xil/Vivado-21650-jaehyeok95-AORUS-5-MB/realtime/soc_npu_axi_dma_0_1_stub.v:6]
WARNING: [Synth 8-7071] port 'mm2s_prmry_reset_out_n' of module 'soc_npu_axi_dma_0_1' is unconnected for instance 'axi_dma_0' [/home/jaehyeok95/team_project_npu/team_project_npu.gen/sources_1/bd/soc_npu/synth/soc_npu.v:909]
WARNING: [Synth 8-7071] port 'm_axis_mm2s_tkeep' of module 'soc_npu_axi_dma_0_1' is unconnected for instance 'axi_dma_0' [/home/jaehyeok95/team_project_npu/team_project_npu.gen/sources_1/bd/soc_npu/synth/soc_npu.v:909]
WARNING: [Synth 8-7071] port 'mm2s_cntrl_reset_out_n' of module 'soc_npu_axi_dma_0_1' is unconnected for instance 'axi_dma_0' [/home/jaehyeok95/team_project_npu/team_project_npu.gen/sources_1/bd/soc_npu/synth/soc_npu.v:909]
WARNING: [Synth 8-7071] port 'm_axis_mm2s_cntrl_tdata' of module 'soc_npu_axi_dma_0_1' is unconnected for instance 'axi_dma_0' [/home/jaehyeok95/team_project_npu/team_project_npu.gen/sources_1/bd/soc_npu/synth/soc_npu.v:909]
WARNING: [Synth 8-7071] port 'm_axis_mm2s_cntrl_tkeep' of module 'soc_npu_axi_dma_0_1' is unconnected for instance 'axi_dma_0' [/home/jaehyeok95/team_project_npu/team_project_npu.gen/sources_1/bd/soc_npu/synth/soc_npu.v:909]
WARNING: [Synth 8-7071] port 'm_axis_mm2s_cntrl_tvalid' of module 'soc_npu_axi_dma_0_1' is unconnected for instance 'axi_dma_0' [/home/jaehyeok95/team_project_npu/team_project_npu.gen/sources_1/bd/soc_npu/synth/soc_npu.v:909]
WARNING: [Synth 8-7071] port 'm_axis_mm2s_cntrl_tlast' of module 'soc_npu_axi_dma_0_1' is unconnected for instance 'axi_dma_0' [/home/jaehyeok95/team_project_npu/team_project_npu.gen/sources_1/bd/soc_npu/synth/soc_npu.v:909]
WARNING: [Synth 8-7071] port 'mm2s_introut' of module 'soc_npu_axi_dma_0_1' is unconnected for instance 'axi_dma_0' [/home/jaehyeok95/team_project_npu/team_project_npu.gen/sources_1/bd/soc_npu/synth/soc_npu.v:909]
WARNING: [Synth 8-7071] port 'axi_dma_tstvec' of module 'soc_npu_axi_dma_0_1' is unconnected for instance 'axi_dma_0' [/home/jaehyeok95/team_project_npu/team_project_npu.gen/sources_1/bd/soc_npu/synth/soc_npu.v:909]
WARNING: [Synth 8-7023] instance 'axi_dma_0' of module 'soc_npu_axi_dma_0_1' has 76 connections declared, but only 67 given [/home/jaehyeok95/team_project_npu/team_project_npu.gen/sources_1/bd/soc_npu/synth/soc_npu.v:909]
INFO: [Synth 8-6157] synthesizing module 'soc_npu_axi_mem_intercon_0' [/home/jaehyeok95/team_project_npu/team_project_npu.gen/sources_1/bd/soc_npu/synth/soc_npu.v:1262]
INFO: [Synth 8-6157] synthesizing module 'm00_couplers_imp_7QZLJ4' [/home/jaehyeok95/team_project_npu/team_project_npu.gen/sources_1/bd/soc_npu/synth/soc_npu.v:13]
INFO: [Synth 8-6157] synthesizing module 'soc_npu_axi_mem_intercon_imp_auto_pc_0' [/home/jaehyeok95/team_project_npu/team_project_npu.runs/synth_1/.Xil/Vivado-21650-jaehyeok95-AORUS-5-MB/realtime/soc_npu_axi_mem_intercon_imp_auto_pc_0_stub.v:6]
INFO: [Synth 8-6155] done synthesizing module 'soc_npu_axi_mem_intercon_imp_auto_pc_0' (0#1) [/home/jaehyeok95/team_project_npu/team_project_npu.runs/synth_1/.Xil/Vivado-21650-jaehyeok95-AORUS-5-MB/realtime/soc_npu_axi_mem_intercon_imp_auto_pc_0_stub.v:6]
INFO: [Synth 8-6155] done synthesizing module 'm00_couplers_imp_7QZLJ4' (0#1) [/home/jaehyeok95/team_project_npu/team_project_npu.gen/sources_1/bd/soc_npu/synth/soc_npu.v:13]
INFO: [Synth 8-6157] synthesizing module 's00_couplers_imp_17IE8GS' [/home/jaehyeok95/team_project_npu/team_project_npu.gen/sources_1/bd/soc_npu/synth/soc_npu.v:339]
INFO: [Synth 8-6157] synthesizing module 'soc_npu_axi_mem_intercon_imp_auto_us_0' [/home/jaehyeok95/team_project_npu/team_project_npu.runs/synth_1/.Xil/Vivado-21650-jaehyeok95-AORUS-5-MB/realtime/soc_npu_axi_mem_intercon_imp_auto_us_0_stub.v:6]
INFO: [Synth 8-6155] done synthesizing module 'soc_npu_axi_mem_intercon_imp_auto_us_0' (0#1) [/home/jaehyeok95/team_project_npu/team_project_npu.runs/synth_1/.Xil/Vivado-21650-jaehyeok95-AORUS-5-MB/realtime/soc_npu_axi_mem_intercon_imp_auto_us_0_stub.v:6]
WARNING: [Synth 8-7071] port 'm_axi_arregion' of module 'soc_npu_axi_mem_intercon_imp_auto_us_0' is unconnected for instance 'auto_us' [/home/jaehyeok95/team_project_npu/team_project_npu.gen/sources_1/bd/soc_npu/synth/soc_npu.v:436]
WARNING: [Synth 8-7023] instance 'auto_us' of module 'soc_npu_axi_mem_intercon_imp_auto_us_0' has 34 connections declared, but only 33 given [/home/jaehyeok95/team_project_npu/team_project_npu.gen/sources_1/bd/soc_npu/synth/soc_npu.v:436]
INFO: [Synth 8-6155] done synthesizing module 's00_couplers_imp_17IE8GS' (0#1) [/home/jaehyeok95/team_project_npu/team_project_npu.gen/sources_1/bd/soc_npu/synth/soc_npu.v:339]
INFO: [Synth 8-6157] synthesizing module 's01_couplers_imp_7MDB1B' [/home/jaehyeok95/team_project_npu/team_project_npu.gen/sources_1/bd/soc_npu/synth/soc_npu.v:472]
INFO: [Synth 8-6157] synthesizing module 'soc_npu_axi_mem_intercon_imp_auto_us_1' [/home/jaehyeok95/team_project_npu/team_project_npu.runs/synth_1/.Xil/Vivado-21650-jaehyeok95-AORUS-5-MB/realtime/soc_npu_axi_mem_intercon_imp_auto_us_1_stub.v:6]
INFO: [Synth 8-6155] done synthesizing module 'soc_npu_axi_mem_intercon_imp_auto_us_1' (0#1) [/home/jaehyeok95/team_project_npu/team_project_npu.runs/synth_1/.Xil/Vivado-21650-jaehyeok95-AORUS-5-MB/realtime/soc_npu_axi_mem_intercon_imp_auto_us_1_stub.v:6]
WARNING: [Synth 8-7071] port 'm_axi_awregion' of module 'soc_npu_axi_mem_intercon_imp_auto_us_1' is unconnected for instance 'auto_us' [/home/jaehyeok95/team_project_npu/team_project_npu.gen/sources_1/bd/soc_npu/synth/soc_npu.v:671]
WARNING: [Synth 8-7071] port 'm_axi_arregion' of module 'soc_npu_axi_mem_intercon_imp_auto_us_1' is unconnected for instance 'auto_us' [/home/jaehyeok95/team_project_npu/team_project_npu.gen/sources_1/bd/soc_npu/synth/soc_npu.v:671]
WARNING: [Synth 8-7023] instance 'auto_us' of module 'soc_npu_axi_mem_intercon_imp_auto_us_1' has 72 connections declared, but only 70 given [/home/jaehyeok95/team_project_npu/team_project_npu.gen/sources_1/bd/soc_npu/synth/soc_npu.v:671]
INFO: [Synth 8-6155] done synthesizing module 's01_couplers_imp_7MDB1B' (0#1) [/home/jaehyeok95/team_project_npu/team_project_npu.gen/sources_1/bd/soc_npu/synth/soc_npu.v:472]
INFO: [Synth 8-6157] synthesizing module 'soc_npu_axi_mem_intercon_imp_xbar_0' [/home/jaehyeok95/team_project_npu/team_project_npu.runs/synth_1/.Xil/Vivado-21650-jaehyeok95-AORUS-5-MB/realtime/soc_npu_axi_mem_intercon_imp_xbar_0_stub.v:6]
INFO: [Synth 8-6155] done synthesizing module 'soc_npu_axi_mem_intercon_imp_xbar_0' (0#1) [/home/jaehyeok95/team_project_npu/team_project_npu.runs/synth_1/.Xil/Vivado-21650-jaehyeok95-AORUS-5-MB/realtime/soc_npu_axi_mem_intercon_imp_xbar_0_stub.v:6]
WARNING: [Synth 8-7071] port 's_axi_bid' of module 'soc_npu_axi_mem_intercon_imp_xbar_0' is unconnected for instance 'xbar' [/home/jaehyeok95/team_project_npu/team_project_npu.gen/sources_1/bd/soc_npu/synth/soc_npu.v:1796]
WARNING: [Synth 8-7071] port 's_axi_rid' of module 'soc_npu_axi_mem_intercon_imp_xbar_0' is unconnected for instance 'xbar' [/home/jaehyeok95/team_project_npu/team_project_npu.gen/sources_1/bd/soc_npu/synth/soc_npu.v:1796]
WARNING: [Synth 8-7023] instance 'xbar' of module 'soc_npu_axi_mem_intercon_imp_xbar_0' has 78 connections declared, but only 76 given [/home/jaehyeok95/team_project_npu/team_project_npu.gen/sources_1/bd/soc_npu/synth/soc_npu.v:1796]
INFO: [Synth 8-6155] done synthesizing module 'soc_npu_axi_mem_intercon_0' (0#1) [/home/jaehyeok95/team_project_npu/team_project_npu.gen/sources_1/bd/soc_npu/synth/soc_npu.v:1262]
INFO: [Synth 8-6157] synthesizing module 'soc_npu_axi_smc_1' [/home/jaehyeok95/team_project_npu/team_project_npu.runs/synth_1/.Xil/Vivado-21650-jaehyeok95-AORUS-5-MB/realtime/soc_npu_axi_smc_1_stub.v:6]
INFO: [Synth 8-6155] done synthesizing module 'soc_npu_axi_smc_1' (0#1) [/home/jaehyeok95/team_project_npu/team_project_npu.runs/synth_1/.Xil/Vivado-21650-jaehyeok95-AORUS-5-MB/realtime/soc_npu_axi_smc_1_stub.v:6]
WARNING: [Synth 8-7071] port 'M00_AXI_awprot' of module 'soc_npu_axi_smc_1' is unconnected for instance 'axi_smc' [/home/jaehyeok95/team_project_npu/team_project_npu.gen/sources_1/bd/soc_npu/synth/soc_npu.v:1066]
WARNING: [Synth 8-7071] port 'M00_AXI_wstrb' of module 'soc_npu_axi_smc_1' is unconnected for instance 'axi_smc' [/home/jaehyeok95/team_project_npu/team_project_npu.gen/sources_1/bd/soc_npu/synth/soc_npu.v:1066]
WARNING: [Synth 8-7071] port 'M00_AXI_arprot' of module 'soc_npu_axi_smc_1' is unconnected for instance 'axi_smc' [/home/jaehyeok95/team_project_npu/team_project_npu.gen/sources_1/bd/soc_npu/synth/soc_npu.v:1066]
WARNING: [Synth 8-7023] instance 'axi_smc' of module 'soc_npu_axi_smc_1' has 78 connections declared, but only 75 given [/home/jaehyeok95/team_project_npu/team_project_npu.gen/sources_1/bd/soc_npu/synth/soc_npu.v:1066]
INFO: [Synth 8-6157] synthesizing module 'soc_npu_myip_npu_OCR_0_1' [/home/jaehyeok95/team_project_npu/team_project_npu.runs/synth_1/.Xil/Vivado-21650-jaehyeok95-AORUS-5-MB/realtime/soc_npu_myip_npu_OCR_0_1_stub.v:6]
INFO: [Synth 8-6155] done synthesizing module 'soc_npu_myip_npu_OCR_0_1' (0#1) [/home/jaehyeok95/team_project_npu/team_project_npu.runs/synth_1/.Xil/Vivado-21650-jaehyeok95-AORUS-5-MB/realtime/soc_npu_myip_npu_OCR_0_1_stub.v:6]
INFO: [Synth 8-6157] synthesizing module 'soc_npu_processing_system7_0_1' [/home/jaehyeok95/team_project_npu/team_project_npu.runs/synth_1/.Xil/Vivado-21650-jaehyeok95-AORUS-5-MB/realtime/soc_npu_processing_system7_0_1_stub.v:6]
INFO: [Synth 8-6155] done synthesizing module 'soc_npu_processing_system7_0_1' (0#1) [/home/jaehyeok95/team_project_npu/team_project_npu.runs/synth_1/.Xil/Vivado-21650-jaehyeok95-AORUS-5-MB/realtime/soc_npu_processing_system7_0_1_stub.v:6]
WARNING: [Synth 8-7071] port 'S_AXI_HP0_RCOUNT' of module 'soc_npu_processing_system7_0_1' is unconnected for instance 'processing_system7_0' [/home/jaehyeok95/team_project_npu/team_project_npu.gen/sources_1/bd/soc_npu/synth/soc_npu.v:1170]
WARNING: [Synth 8-7071] port 'S_AXI_HP0_WCOUNT' of module 'soc_npu_processing_system7_0_1' is unconnected for instance 'processing_system7_0' [/home/jaehyeok95/team_project_npu/team_project_npu.gen/sources_1/bd/soc_npu/synth/soc_npu.v:1170]
WARNING: [Synth 8-7071] port 'S_AXI_HP0_RACOUNT' of module 'soc_npu_processing_system7_0_1' is unconnected for instance 'processing_system7_0' [/home/jaehyeok95/team_project_npu/team_project_npu.gen/sources_1/bd/soc_npu/synth/soc_npu.v:1170]
WARNING: [Synth 8-7071] port 'S_AXI_HP0_WACOUNT' of module 'soc_npu_processing_system7_0_1' is unconnected for instance 'processing_system7_0' [/home/jaehyeok95/team_project_npu/team_project_npu.gen/sources_1/bd/soc_npu/synth/soc_npu.v:1170]
WARNING: [Synth 8-7071] port 'MIO' of module 'soc_npu_processing_system7_0_1' is unconnected for instance 'processing_system7_0' [/home/jaehyeok95/team_project_npu/team_project_npu.gen/sources_1/bd/soc_npu/synth/soc_npu.v:1170]
WARNING: [Synth 8-7071] port 'DDR_CAS_n' of module 'soc_npu_processing_system7_0_1' is unconnected for instance 'processing_system7_0' [/home/jaehyeok95/team_project_npu/team_project_npu.gen/sources_1/bd/soc_npu/synth/soc_npu.v:1170]
WARNING: [Synth 8-7071] port 'DDR_CKE' of module 'soc_npu_processing_system7_0_1' is unconnected for instance 'processing_system7_0' [/home/jaehyeok95/team_project_npu/team_project_npu.gen/sources_1/bd/soc_npu/synth/soc_npu.v:1170]
WARNING: [Synth 8-7071] port 'DDR_Clk_n' of module 'soc_npu_processing_system7_0_1' is unconnected for instance 'processing_system7_0' [/home/jaehyeok95/team_project_npu/team_project_npu.gen/sources_1/bd/soc_npu/synth/soc_npu.v:1170]
WARNING: [Synth 8-7071] port 'DDR_Clk' of module 'soc_npu_processing_system7_0_1' is unconnected for instance 'processing_system7_0' [/home/jaehyeok95/team_project_npu/team_project_npu.gen/sources_1/bd/soc_npu/synth/soc_npu.v:1170]
WARNING: [Synth 8-7071] port 'DDR_CS_n' of module 'soc_npu_processing_system7_0_1' is unconnected for instance 'processing_system7_0' [/home/jaehyeok95/team_project_npu/team_project_npu.gen/sources_1/bd/soc_npu/synth/soc_npu.v:1170]
WARNING: [Synth 8-7071] port 'DDR_DRSTB' of module 'soc_npu_processing_system7_0_1' is unconnected for instance 'processing_system7_0' [/home/jaehyeok95/team_project_npu/team_project_npu.gen/sources_1/bd/soc_npu/synth/soc_npu.v:1170]
WARNING: [Synth 8-7071] port 'DDR_ODT' of module 'soc_npu_processing_system7_0_1' is unconnected for instance 'processing_system7_0' [/home/jaehyeok95/team_project_npu/team_project_npu.gen/sources_1/bd/soc_npu/synth/soc_npu.v:1170]
WARNING: [Synth 8-7071] port 'DDR_RAS_n' of module 'soc_npu_processing_system7_0_1' is unconnected for instance 'processing_system7_0' [/home/jaehyeok95/team_project_npu/team_project_npu.gen/sources_1/bd/soc_npu/synth/soc_npu.v:1170]
WARNING: [Synth 8-7071] port 'DDR_WEB' of module 'soc_npu_processing_system7_0_1' is unconnected for instance 'processing_system7_0' [/home/jaehyeok95/team_project_npu/team_project_npu.gen/sources_1/bd/soc_npu/synth/soc_npu.v:1170]
WARNING: [Synth 8-7071] port 'DDR_BankAddr' of module 'soc_npu_processing_system7_0_1' is unconnected for instance 'processing_system7_0' [/home/jaehyeok95/team_project_npu/team_project_npu.gen/sources_1/bd/soc_npu/synth/soc_npu.v:1170]
WARNING: [Synth 8-7071] port 'DDR_Addr' of module 'soc_npu_processing_system7_0_1' is unconnected for instance 'processing_system7_0' [/home/jaehyeok95/team_project_npu/team_project_npu.gen/sources_1/bd/soc_npu/synth/soc_npu.v:1170]
WARNING: [Synth 8-7071] port 'DDR_VRN' of module 'soc_npu_processing_system7_0_1' is unconnected for instance 'processing_system7_0' [/home/jaehyeok95/team_project_npu/team_project_npu.gen/sources_1/bd/soc_npu/synth/soc_npu.v:1170]
WARNING: [Synth 8-7071] port 'DDR_VRP' of module 'soc_npu_processing_system7_0_1' is unconnected for instance 'processing_system7_0' [/home/jaehyeok95/team_project_npu/team_project_npu.gen/sources_1/bd/soc_npu/synth/soc_npu.v:1170]
WARNING: [Synth 8-7071] port 'DDR_DM' of module 'soc_npu_processing_system7_0_1' is unconnected for instance 'processing_system7_0' [/home/jaehyeok95/team_project_npu/team_project_npu.gen/sources_1/bd/soc_npu/synth/soc_npu.v:1170]
WARNING: [Synth 8-7071] port 'DDR_DQ' of module 'soc_npu_processing_system7_0_1' is unconnected for instance 'processing_system7_0' [/home/jaehyeok95/team_project_npu/team_project_npu.gen/sources_1/bd/soc_npu/synth/soc_npu.v:1170]
WARNING: [Synth 8-7071] port 'DDR_DQS_n' of module 'soc_npu_processing_system7_0_1' is unconnected for instance 'processing_system7_0' [/home/jaehyeok95/team_project_npu/team_project_npu.gen/sources_1/bd/soc_npu/synth/soc_npu.v:1170]
WARNING: [Synth 8-7071] port 'DDR_DQS' of module 'soc_npu_processing_system7_0_1' is unconnected for instance 'processing_system7_0' [/home/jaehyeok95/team_project_npu/team_project_npu.gen/sources_1/bd/soc_npu/synth/soc_npu.v:1170]
WARNING: [Synth 8-7071] port 'PS_SRSTB' of module 'soc_npu_processing_system7_0_1' is unconnected for instance 'processing_system7_0' [/home/jaehyeok95/team_project_npu/team_project_npu.gen/sources_1/bd/soc_npu/synth/soc_npu.v:1170]
WARNING: [Synth 8-7071] port 'PS_CLK' of module 'soc_npu_processing_system7_0_1' is unconnected for instance 'processing_system7_0' [/home/jaehyeok95/team_project_npu/team_project_npu.gen/sources_1/bd/soc_npu/synth/soc_npu.v:1170]
WARNING: [Synth 8-7071] port 'PS_PORB' of module 'soc_npu_processing_system7_0_1' is unconnected for instance 'processing_system7_0' [/home/jaehyeok95/team_project_npu/team_project_npu.gen/sources_1/bd/soc_npu/synth/soc_npu.v:1170]
WARNING: [Synth 8-7023] instance 'processing_system7_0' of module 'soc_npu_processing_system7_0_1' has 107 connections declared, but only 82 given [/home/jaehyeok95/team_project_npu/team_project_npu.gen/sources_1/bd/soc_npu/synth/soc_npu.v:1170]
INFO: [Synth 8-6157] synthesizing module 'soc_npu_rst_ps7_0_50M_1' [/home/jaehyeok95/team_project_npu/team_project_npu.runs/synth_1/.Xil/Vivado-21650-jaehyeok95-AORUS-5-MB/realtime/soc_npu_rst_ps7_0_50M_1_stub.v:6]
INFO: [Synth 8-6155] done synthesizing module 'soc_npu_rst_ps7_0_50M_1' (0#1) [/home/jaehyeok95/team_project_npu/team_project_npu.runs/synth_1/.Xil/Vivado-21650-jaehyeok95-AORUS-5-MB/realtime/soc_npu_rst_ps7_0_50M_1_stub.v:6]
WARNING: [Synth 8-7071] port 'mb_reset' of module 'soc_npu_rst_ps7_0_50M_1' is unconnected for instance 'rst_ps7_0_50M' [/home/jaehyeok95/team_project_npu/team_project_npu.gen/sources_1/bd/soc_npu/synth/soc_npu.v:1253]
WARNING: [Synth 8-7071] port 'bus_struct_reset' of module 'soc_npu_rst_ps7_0_50M_1' is unconnected for instance 'rst_ps7_0_50M' [/home/jaehyeok95/team_project_npu/team_project_npu.gen/sources_1/bd/soc_npu/synth/soc_npu.v:1253]
WARNING: [Synth 8-7071] port 'peripheral_reset' of module 'soc_npu_rst_ps7_0_50M_1' is unconnected for instance 'rst_ps7_0_50M' [/home/jaehyeok95/team_project_npu/team_project_npu.gen/sources_1/bd/soc_npu/synth/soc_npu.v:1253]
WARNING: [Synth 8-7071] port 'interconnect_aresetn' of module 'soc_npu_rst_ps7_0_50M_1' is unconnected for instance 'rst_ps7_0_50M' [/home/jaehyeok95/team_project_npu/team_project_npu.gen/sources_1/bd/soc_npu/synth/soc_npu.v:1253]
WARNING: [Synth 8-7023] instance 'rst_ps7_0_50M' of module 'soc_npu_rst_ps7_0_50M_1' has 10 connections declared, but only 6 given [/home/jaehyeok95/team_project_npu/team_project_npu.gen/sources_1/bd/soc_npu/synth/soc_npu.v:1253]
INFO: [Synth 8-6155] done synthesizing module 'soc_npu' (0#1) [/home/jaehyeok95/team_project_npu/team_project_npu.gen/sources_1/bd/soc_npu/synth/soc_npu.v:744]
INFO: [Synth 8-6155] done synthesizing module 'soc_npu_wrapper' (0#1) [/home/jaehyeok95/team_project_npu/team_project_npu.gen/sources_1/bd/soc_npu/hdl/soc_npu_wrapper.v:13]
WARNING: [Synth 8-7129] Port M_ACLK in module s01_couplers_imp_7MDB1B is either unconnected or has no load
WARNING: [Synth 8-7129] Port M_ARESETN in module s01_couplers_imp_7MDB1B is either unconnected or has no load
WARNING: [Synth 8-7129] Port M_ACLK in module s00_couplers_imp_17IE8GS is either unconnected or has no load
WARNING: [Synth 8-7129] Port M_ARESETN in module s00_couplers_imp_17IE8GS is either unconnected or has no load
WARNING: [Synth 8-7129] Port M_ACLK in module m00_couplers_imp_7QZLJ4 is either unconnected or has no load
WARNING: [Synth 8-7129] Port M_ARESETN in module m00_couplers_imp_7QZLJ4 is either unconnected or has no load
WARNING: [Synth 8-7129] Port M_AXI_bid[5] in module m00_couplers_imp_7QZLJ4 is either unconnected or has no load
WARNING: [Synth 8-7129] Port M_AXI_bid[4] in module m00_couplers_imp_7QZLJ4 is either unconnected or has no load
WARNING: [Synth 8-7129] Port M_AXI_bid[3] in module m00_couplers_imp_7QZLJ4 is either unconnected or has no load
WARNING: [Synth 8-7129] Port M_AXI_bid[2] in module m00_couplers_imp_7QZLJ4 is either unconnected or has no load
WARNING: [Synth 8-7129] Port M_AXI_bid[1] in module m00_couplers_imp_7QZLJ4 is either unconnected or has no load
WARNING: [Synth 8-7129] Port M_AXI_rid[5] in module m00_couplers_imp_7QZLJ4 is either unconnected or has no load
WARNING: [Synth 8-7129] Port M_AXI_rid[4] in module m00_couplers_imp_7QZLJ4 is either unconnected or has no load
WARNING: [Synth 8-7129] Port M_AXI_rid[3] in module m00_couplers_imp_7QZLJ4 is either unconnected or has no load
WARNING: [Synth 8-7129] Port M_AXI_rid[2] in module m00_couplers_imp_7QZLJ4 is either unconnected or has no load
WARNING: [Synth 8-7129] Port M_AXI_rid[1] in module m00_couplers_imp_7QZLJ4 is either unconnected or has no load
WARNING: [Synth 8-7129] Port M00_ACLK in module soc_npu_axi_mem_intercon_0 is either unconnected or has no load
WARNING: [Synth 8-7129] Port M00_ARESETN in module soc_npu_axi_mem_intercon_0 is either unconnected or has no load
WARNING: [Synth 8-7129] Port S00_ACLK in module soc_npu_axi_mem_intercon_0 is either unconnected or has no load
WARNING: [Synth 8-7129] Port S00_ARESETN in module soc_npu_axi_mem_intercon_0 is either unconnected or has no load
WARNING: [Synth 8-7129] Port S01_ACLK in module soc_npu_axi_mem_intercon_0 is either unconnected or has no load
WARNING: [Synth 8-7129] Port S01_ARESETN in module soc_npu_axi_mem_intercon_0 is either unconnected or has no load
---------------------------------------------------------------------------------
Finished RTL Elaboration : Time (s): cpu = 00:00:05 ; elapsed = 00:00:05 . Memory (MB): peak = 2085.266 ; gain = 327.414 ; free physical = 1760 ; free virtual = 5892
---------------------------------------------------------------------------------
---------------------------------------------------------------------------------
Start Handling Custom Attributes
---------------------------------------------------------------------------------
---------------------------------------------------------------------------------
Finished Handling Custom Attributes : Time (s): cpu = 00:00:05 ; elapsed = 00:00:05 . Memory (MB): peak = 2097.141 ; gain = 339.289 ; free physical = 1760 ; free virtual = 5892
---------------------------------------------------------------------------------
---------------------------------------------------------------------------------
Finished RTL Optimization Phase 1 : Time (s): cpu = 00:00:05 ; elapsed = 00:00:05 . Memory (MB): peak = 2097.141 ; gain = 339.289 ; free physical = 1760 ; free virtual = 5892
---------------------------------------------------------------------------------
Netlist sorting complete. Time (s): cpu = 00:00:00.01 ; elapsed = 00:00:00.01 . Memory (MB): peak = 2097.141 ; gain = 0.000 ; free physical = 1760 ; free virtual = 5892
INFO: [Project 1-570] Preparing netlist for logic optimization

Processing XDC Constraints
Initializing timing engine
Parsing XDC File [/home/jaehyeok95/team_project_npu/team_project_npu.gen/sources_1/bd/soc_npu/ip/soc_npu_processing_system7_0_1/soc_npu_processing_system7_0_1/soc_npu_processing_system7_0_1_in_context.xdc] for cell 'soc_npu_i/processing_system7_0'
Finished Parsing XDC File [/home/jaehyeok95/team_project_npu/team_project_npu.gen/sources_1/bd/soc_npu/ip/soc_npu_processing_system7_0_1/soc_npu_processing_system7_0_1/soc_npu_processing_system7_0_1_in_context.xdc] for cell 'soc_npu_i/processing_system7_0'
Parsing XDC File [/home/jaehyeok95/team_project_npu/team_project_npu.gen/sources_1/bd/soc_npu/ip/soc_npu_myip_npu_OCR_0_1/soc_npu_myip_npu_OCR_0_1/soc_npu_myip_npu_OCR_0_1_in_context.xdc] for cell 'soc_npu_i/myip_npu_OCR_0'
Finished Parsing XDC File [/home/jaehyeok95/team_project_npu/team_project_npu.gen/sources_1/bd/soc_npu/ip/soc_npu_myip_npu_OCR_0_1/soc_npu_myip_npu_OCR_0_1/soc_npu_myip_npu_OCR_0_1_in_context.xdc] for cell 'soc_npu_i/myip_npu_OCR_0'
Parsing XDC File [/home/jaehyeok95/team_project_npu/team_project_npu.gen/sources_1/bd/soc_npu/ip/soc_npu_axi_dma_0_1/soc_npu_axi_dma_0_1/soc_npu_axi_dma_0_1_in_context.xdc] for cell 'soc_npu_i/axi_dma_0'
Finished Parsing XDC File [/home/jaehyeok95/team_project_npu/team_project_npu.gen/sources_1/bd/soc_npu/ip/soc_npu_axi_dma_0_1/soc_npu_axi_dma_0_1/soc_npu_axi_dma_0_1_in_context.xdc] for cell 'soc_npu_i/axi_dma_0'
Parsing XDC File [/home/jaehyeok95/team_project_npu/team_project_npu.gen/sources_1/bd/soc_npu/ip/soc_npu_axi_smc_1/soc_npu_axi_smc_1/soc_npu_axi_smc_1_in_context.xdc] for cell 'soc_npu_i/axi_smc'
Finished Parsing XDC File [/home/jaehyeok95/team_project_npu/team_project_npu.gen/sources_1/bd/soc_npu/ip/soc_npu_axi_smc_1/soc_npu_axi_smc_1/soc_npu_axi_smc_1_in_context.xdc] for cell 'soc_npu_i/axi_smc'
Parsing XDC File [/home/jaehyeok95/team_project_npu/team_project_npu.gen/sources_1/bd/soc_npu/ip/soc_npu_rst_ps7_0_50M_1/soc_npu_rst_ps7_0_50M_1/soc_npu_rst_ps7_0_50M_1_in_context.xdc] for cell 'soc_npu_i/rst_ps7_0_50M'
Finished Parsing XDC File [/home/jaehyeok95/team_project_npu/team_project_npu.gen/sources_1/bd/soc_npu/ip/soc_npu_rst_ps7_0_50M_1/soc_npu_rst_ps7_0_50M_1/soc_npu_rst_ps7_0_50M_1_in_context.xdc] for cell 'soc_npu_i/rst_ps7_0_50M'
Parsing XDC File [/home/jaehyeok95/team_project_npu/team_project_npu.gen/sources_1/bd/soc_npu/ip/soc_npu_axi_mem_intercon_imp_xbar_0/soc_npu_axi_mem_intercon_imp_xbar_0/soc_npu_axi_mem_intercon_imp_xbar_0_in_context.xdc] for cell 'soc_npu_i/axi_mem_intercon/xbar'
Finished Parsing XDC File [/home/jaehyeok95/team_project_npu/team_project_npu.gen/sources_1/bd/soc_npu/ip/soc_npu_axi_mem_intercon_imp_xbar_0/soc_npu_axi_mem_intercon_imp_xbar_0/soc_npu_axi_mem_intercon_imp_xbar_0_in_context.xdc] for cell 'soc_npu_i/axi_mem_intercon/xbar'
Parsing XDC File [/home/jaehyeok95/team_project_npu/team_project_npu.gen/sources_1/bd/soc_npu/ip/soc_npu_axi_mem_intercon_imp_auto_us_0/soc_npu_axi_mem_intercon_imp_auto_us_0/soc_npu_axi_mem_intercon_imp_auto_us_0_in_context.xdc] for cell 'soc_npu_i/axi_mem_intercon/s00_couplers/auto_us'
Finished Parsing XDC File [/home/jaehyeok95/team_project_npu/team_project_npu.gen/sources_1/bd/soc_npu/ip/soc_npu_axi_mem_intercon_imp_auto_us_0/soc_npu_axi_mem_intercon_imp_auto_us_0/soc_npu_axi_mem_intercon_imp_auto_us_0_in_context.xdc] for cell 'soc_npu_i/axi_mem_intercon/s00_couplers/auto_us'
Parsing XDC File [/home/jaehyeok95/team_project_npu/team_project_npu.gen/sources_1/bd/soc_npu/ip/soc_npu_axi_mem_intercon_imp_auto_us_1/soc_npu_axi_mem_intercon_imp_auto_us_1/soc_npu_axi_mem_intercon_imp_auto_us_1_in_context.xdc] for cell 'soc_npu_i/axi_mem_intercon/s01_couplers/auto_us'
Finished Parsing XDC File [/home/jaehyeok95/team_project_npu/team_project_npu.gen/sources_1/bd/soc_npu/ip/soc_npu_axi_mem_intercon_imp_auto_us_1/soc_npu_axi_mem_intercon_imp_auto_us_1/soc_npu_axi_mem_intercon_imp_auto_us_1_in_context.xdc] for cell 'soc_npu_i/axi_mem_intercon/s01_couplers/auto_us'
Parsing XDC File [/home/jaehyeok95/team_project_npu/team_project_npu.gen/sources_1/bd/soc_npu/ip/soc_npu_axi_mem_intercon_imp_auto_pc_0/soc_npu_axi_mem_intercon_imp_auto_pc_0/soc_npu_axi_mem_intercon_imp_auto_pc_0_in_context.xdc] for cell 'soc_npu_i/axi_mem_intercon/m00_couplers/auto_pc'
Finished Parsing XDC File [/home/jaehyeok95/team_project_npu/team_project_npu.gen/sources_1/bd/soc_npu/ip/soc_npu_axi_mem_intercon_imp_auto_pc_0/soc_npu_axi_mem_intercon_imp_auto_pc_0/soc_npu_axi_mem_intercon_imp_auto_pc_0_in_context.xdc] for cell 'soc_npu_i/axi_mem_intercon/m00_couplers/auto_pc'
Parsing XDC File [/home/jaehyeok95/team_project_npu/team_project_npu.runs/synth_1/dont_touch.xdc]
Finished Parsing XDC File [/home/jaehyeok95/team_project_npu/team_project_npu.runs/synth_1/dont_touch.xdc]
Completed Processing XDC Constraints

Netlist sorting complete. Time (s): cpu = 00:00:00 ; elapsed = 00:00:00 . Memory (MB): peak = 2146.066 ; gain = 0.000 ; free physical = 1789 ; free virtual = 5921
INFO: [Project 1-111] Unisim Transformation Summary:
No Unisim elements were transformed.

Constraint Validation Runtime : Time (s): cpu = 00:00:00 ; elapsed = 00:00:00.01 . Memory (MB): peak = 2146.066 ; gain = 0.000 ; free physical = 1789 ; free virtual = 5921
---------------------------------------------------------------------------------
Finished Constraint Validation : Time (s): cpu = 00:00:11 ; elapsed = 00:00:11 . Memory (MB): peak = 2146.066 ; gain = 388.215 ; free physical = 1831 ; free virtual = 5963
---------------------------------------------------------------------------------
---------------------------------------------------------------------------------
Start Loading Part and Timing Information
---------------------------------------------------------------------------------
Loading part: xc7z020clg400-1
---------------------------------------------------------------------------------
Finished Loading Part and Timing Information : Time (s): cpu = 00:00:11 ; elapsed = 00:00:11 . Memory (MB): peak = 2154.070 ; gain = 396.219 ; free physical = 1831 ; free virtual = 5963
---------------------------------------------------------------------------------
---------------------------------------------------------------------------------
Start Applying 'set_property' XDC Constraints
---------------------------------------------------------------------------------
Applied set_property KEEP_HIERARCHY = SOFT for soc_npu_i. (constraint file  auto generated constraint).
Applied set_property KEEP_HIERARCHY = SOFT for soc_npu_i/processing_system7_0. (constraint file  auto generated constraint).
Applied set_property KEEP_HIERARCHY = SOFT for soc_npu_i/myip_npu_OCR_0. (constraint file  auto generated constraint).
Applied set_property KEEP_HIERARCHY = SOFT for soc_npu_i/axi_dma_0. (constraint file  auto generated constraint).
Applied set_property KEEP_HIERARCHY = SOFT for soc_npu_i/axi_smc. (constraint file  auto generated constraint).
Applied set_property KEEP_HIERARCHY = SOFT for soc_npu_i/rst_ps7_0_50M. (constraint file  auto generated constraint).
Applied set_property KEEP_HIERARCHY = SOFT for soc_npu_i/axi_mem_intercon/xbar. (constraint file  auto generated constraint).
Applied set_property KEEP_HIERARCHY = SOFT for soc_npu_i/axi_mem_intercon/s00_couplers/auto_us. (constraint file  auto generated constraint).
Applied set_property KEEP_HIERARCHY = SOFT for soc_npu_i/axi_mem_intercon/s01_couplers/auto_us. (constraint file  auto generated constraint).
Applied set_property KEEP_HIERARCHY = SOFT for soc_npu_i/axi_mem_intercon/m00_couplers/auto_pc. (constraint file  auto generated constraint).
Applied set_property KEEP_HIERARCHY = SOFT for soc_npu_i/axi_mem_intercon. (constraint file  auto generated constraint).
---------------------------------------------------------------------------------
Finished applying 'set_property' XDC Constraints : Time (s): cpu = 00:00:11 ; elapsed = 00:00:11 . Memory (MB): peak = 2154.070 ; gain = 396.219 ; free physical = 1831 ; free virtual = 5963
---------------------------------------------------------------------------------
---------------------------------------------------------------------------------
Start Preparing Guide Design
---------------------------------------------------------------------------------
CRITICAL WARNING: [Synth 8-6895] The reference checkpoint /home/jaehyeok95/team_project_npu/team_project_npu.srcs/utils_1/imports/synth_1/npu_top.dcp is not suitable for use with incremental synthesis for this design. Please regenerate the checkpoint for this design with -incremental_synth switch in the same Vivado session that synth_design has been run. Synthesis will continue with the default flow
---------------------------------------------------------------------------------
Finished Doing Graph Differ : Time (s): cpu = 00:00:11 ; elapsed = 00:00:11 . Memory (MB): peak = 2154.070 ; gain = 396.219 ; free physical = 1827 ; free virtual = 5960
---------------------------------------------------------------------------------
---------------------------------------------------------------------------------
Finished Preparing Guide Design : Time (s): cpu = 00:00:11 ; elapsed = 00:00:11 . Memory (MB): peak = 2154.070 ; gain = 396.219 ; free physical = 1827 ; free virtual = 5960
---------------------------------------------------------------------------------
---------------------------------------------------------------------------------
Finished RTL Optimization Phase 2 : Time (s): cpu = 00:00:11 ; elapsed = 00:00:11 . Memory (MB): peak = 2154.070 ; gain = 396.219 ; free physical = 1827 ; free virtual = 5960
---------------------------------------------------------------------------------


Incremental Synthesis Report Summary:

1. Incremental synthesis run: no

   Reason for not running incremental synthesis : 


INFO: [Synth 8-7130] Flow is switching to default flow due to incremental criteria not met. If you would like to alter this behaviour and have the flow terminate instead, please set the following parameter config_implementation {autoIncr.Synth.RejectBehavior Terminate}
---------------------------------------------------------------------------------
Start RTL Component Statistics 
---------------------------------------------------------------------------------
Detailed RTL Component Info : 
---------------------------------------------------------------------------------
Finished RTL Component Statistics 
---------------------------------------------------------------------------------
---------------------------------------------------------------------------------
Start Part Resource Summary
---------------------------------------------------------------------------------
Part Resources:
DSPs: 220 (col length:60)
BRAMs: 280 (col length: RAMB18 60 RAMB36 30)
---------------------------------------------------------------------------------
Finished Part Resource Summary
---------------------------------------------------------------------------------
---------------------------------------------------------------------------------
Start Cross Boundary and Area Optimization
---------------------------------------------------------------------------------
WARNING: [Synth 8-7080] Parallel synthesis criteria is not met
WARNING: [Synth 8-7129] Port M00_ACLK in module soc_npu_axi_mem_intercon_0 is either unconnected or has no load
WARNING: [Synth 8-7129] Port M00_ARESETN in module soc_npu_axi_mem_intercon_0 is either unconnected or has no load
WARNING: [Synth 8-7129] Port M00_AXI_bid[5] in module soc_npu_axi_mem_intercon_0 is either unconnected or has no load
WARNING: [Synth 8-7129] Port M00_AXI_bid[4] in module soc_npu_axi_mem_intercon_0 is either unconnected or has no load
WARNING: [Synth 8-7129] Port M00_AXI_bid[3] in module soc_npu_axi_mem_intercon_0 is either unconnected or has no load
WARNING: [Synth 8-7129] Port M00_AXI_bid[2] in module soc_npu_axi_mem_intercon_0 is either unconnected or has no load
WARNING: [Synth 8-7129] Port M00_AXI_bid[1] in module soc_npu_axi_mem_intercon_0 is either unconnected or has no load
WARNING: [Synth 8-7129] Port M00_AXI_rid[5] in module soc_npu_axi_mem_intercon_0 is either unconnected or has no load
WARNING: [Synth 8-7129] Port M00_AXI_rid[4] in module soc_npu_axi_mem_intercon_0 is either unconnected or has no load
WARNING: [Synth 8-7129] Port M00_AXI_rid[3] in module soc_npu_axi_mem_intercon_0 is either unconnected or has no load
WARNING: [Synth 8-7129] Port M00_AXI_rid[2] in module soc_npu_axi_mem_intercon_0 is either unconnected or has no load
WARNING: [Synth 8-7129] Port M00_AXI_rid[1] in module soc_npu_axi_mem_intercon_0 is either unconnected or has no load
WARNING: [Synth 8-7129] Port S00_ACLK in module soc_npu_axi_mem_intercon_0 is either unconnected or has no load
WARNING: [Synth 8-7129] Port S00_ARESETN in module soc_npu_axi_mem_intercon_0 is either unconnected or has no load
WARNING: [Synth 8-7129] Port S01_ACLK in module soc_npu_axi_mem_intercon_0 is either unconnected or has no load
WARNING: [Synth 8-7129] Port S01_ARESETN in module soc_npu_axi_mem_intercon_0 is either unconnected or has no load
---------------------------------------------------------------------------------
Finished Cross Boundary and Area Optimization : Time (s): cpu = 00:00:12 ; elapsed = 00:00:12 . Memory (MB): peak = 2154.070 ; gain = 396.219 ; free physical = 1849 ; free virtual = 5987
---------------------------------------------------------------------------------
---------------------------------------------------------------------------------
Start Applying XDC Timing Constraints
---------------------------------------------------------------------------------
---------------------------------------------------------------------------------
Finished Applying XDC Timing Constraints : Time (s): cpu = 00:00:17 ; elapsed = 00:00:17 . Memory (MB): peak = 2233.070 ; gain = 475.219 ; free physical = 1792 ; free virtual = 5922
---------------------------------------------------------------------------------
---------------------------------------------------------------------------------
Start Timing Optimization
---------------------------------------------------------------------------------
---------------------------------------------------------------------------------
Finished Timing Optimization : Time (s): cpu = 00:00:17 ; elapsed = 00:00:17 . Memory (MB): peak = 2233.070 ; gain = 475.219 ; free physical = 1792 ; free virtual = 5922
---------------------------------------------------------------------------------
---------------------------------------------------------------------------------
Start Technology Mapping
---------------------------------------------------------------------------------
---------------------------------------------------------------------------------
Finished Technology Mapping : Time (s): cpu = 00:00:17 ; elapsed = 00:00:17 . Memory (MB): peak = 2243.086 ; gain = 485.234 ; free physical = 1787 ; free virtual = 5917
---------------------------------------------------------------------------------
---------------------------------------------------------------------------------
Start IO Insertion
---------------------------------------------------------------------------------
---------------------------------------------------------------------------------
Start Flattening Before IO Insertion
---------------------------------------------------------------------------------
---------------------------------------------------------------------------------
Finished Flattening Before IO Insertion
---------------------------------------------------------------------------------
---------------------------------------------------------------------------------
Start Final Netlist Cleanup
---------------------------------------------------------------------------------
---------------------------------------------------------------------------------
Finished Final Netlist Cleanup
---------------------------------------------------------------------------------
---------------------------------------------------------------------------------
Finished IO Insertion : Time (s): cpu = 00:00:20 ; elapsed = 00:00:20 . Memory (MB): peak = 2412.898 ; gain = 655.047 ; free physical = 1663 ; free virtual = 5793
---------------------------------------------------------------------------------
---------------------------------------------------------------------------------
Start Renaming Generated Instances
---------------------------------------------------------------------------------
---------------------------------------------------------------------------------
Finished Renaming Generated Instances : Time (s): cpu = 00:00:20 ; elapsed = 00:00:20 . Memory (MB): peak = 2412.898 ; gain = 655.047 ; free physical = 1663 ; free virtual = 5793
---------------------------------------------------------------------------------
---------------------------------------------------------------------------------
Start Rebuilding User Hierarchy
---------------------------------------------------------------------------------
---------------------------------------------------------------------------------
Finished Rebuilding User Hierarchy : Time (s): cpu = 00:00:20 ; elapsed = 00:00:20 . Memory (MB): peak = 2412.898 ; gain = 655.047 ; free physical = 1663 ; free virtual = 5793
---------------------------------------------------------------------------------
---------------------------------------------------------------------------------
Start Renaming Generated Ports
---------------------------------------------------------------------------------
---------------------------------------------------------------------------------
Finished Renaming Generated Ports : Time (s): cpu = 00:00:20 ; elapsed = 00:00:20 . Memory (MB): peak = 2412.898 ; gain = 655.047 ; free physical = 1663 ; free virtual = 5793
---------------------------------------------------------------------------------
---------------------------------------------------------------------------------
Start Handling Custom Attributes
---------------------------------------------------------------------------------
---------------------------------------------------------------------------------
Finished Handling Custom Attributes : Time (s): cpu = 00:00:20 ; elapsed = 00:00:20 . Memory (MB): peak = 2412.898 ; gain = 655.047 ; free physical = 1663 ; free virtual = 5793
---------------------------------------------------------------------------------
---------------------------------------------------------------------------------
Start Renaming Generated Nets
---------------------------------------------------------------------------------
---------------------------------------------------------------------------------
Finished Renaming Generated Nets : Time (s): cpu = 00:00:20 ; elapsed = 00:00:20 . Memory (MB): peak = 2412.898 ; gain = 655.047 ; free physical = 1655 ; free virtual = 5785
---------------------------------------------------------------------------------
---------------------------------------------------------------------------------
Start Writing Synthesis Report
---------------------------------------------------------------------------------

Report BlackBoxes: 
+------+---------------------------------------+----------+
|      |BlackBox name                          |Instances |
+------+---------------------------------------+----------+
|1     |soc_npu_axi_dma_0_1                    |         1|
|2     |soc_npu_axi_mem_intercon_imp_xbar_0    |         1|
|3     |soc_npu_axi_mem_intercon_imp_auto_pc_0 |         1|
|4     |soc_npu_axi_mem_intercon_imp_auto_us_0 |         1|
|5     |soc_npu_axi_mem_intercon_imp_auto_us_1 |         1|
|6     |soc_npu_axi_smc_1                      |         1|
|7     |soc_npu_myip_npu_OCR_0_1               |         1|
|8     |soc_npu_processing_system7_0_1         |         1|
|9     |soc_npu_rst_ps7_0_50M_1                |         1|
+------+---------------------------------------+----------+

Report Cell Usage: 
+------+-------------------------------------+------+
|      |Cell                                 |Count |
+------+-------------------------------------+------+
|1     |soc_npu_axi_dma_0                    |     1|
|2     |soc_npu_axi_mem_intercon_imp_auto_pc |     1|
|3     |soc_npu_axi_mem_intercon_imp_auto_us |     2|
|5     |soc_npu_axi_mem_intercon_imp_xbar    |     1|
|6     |soc_npu_axi_smc                      |     1|
|7     |soc_npu_myip_npu_OCR_0               |     1|
|8     |soc_npu_processing_system7_0         |     1|
|9     |soc_npu_rst_ps7_0_50M                |     1|
+------+-------------------------------------+------+
---------------------------------------------------------------------------------
Finished Writing Synthesis Report : Time (s): cpu = 00:00:20 ; elapsed = 00:00:20 . Memory (MB): peak = 2412.898 ; gain = 655.047 ; free physical = 1655 ; free virtual = 5785
---------------------------------------------------------------------------------
Synthesis finished with 0 errors, 1 critical warnings and 17 warnings.
Synthesis Optimization Runtime : Time (s): cpu = 00:00:18 ; elapsed = 00:00:18 . Memory (MB): peak = 2412.898 ; gain = 606.121 ; free physical = 1655 ; free virtual = 5785
Synthesis Optimization Complete : Time (s): cpu = 00:00:20 ; elapsed = 00:00:20 . Memory (MB): peak = 2412.906 ; gain = 655.047 ; free physical = 1655 ; free virtual = 5785
INFO: [Project 1-571] Translating synthesized netlist
Netlist sorting complete. Time (s): cpu = 00:00:00.01 ; elapsed = 00:00:00.01 . Memory (MB): peak = 2412.906 ; gain = 0.000 ; free physical = 1657 ; free virtual = 5786
INFO: [Project 1-570] Preparing netlist for logic optimization
INFO: [Opt 31-138] Pushed 0 inverter(s) to 0 load pin(s).
Netlist sorting complete. Time (s): cpu = 00:00:00 ; elapsed = 00:00:00 . Memory (MB): peak = 2412.906 ; gain = 0.000 ; free physical = 1826 ; free virtual = 5956
INFO: [Project 1-111] Unisim Transformation Summary:
No Unisim elements were transformed.

Synth Design complete | Checksum: dd308a56
INFO: [Common 17-83] Releasing license: Synthesis
48 Infos, 92 Warnings, 1 Critical Warnings and 0 Errors encountered.
synth_design completed successfully
synth_design: Time (s): cpu = 00:00:29 ; elapsed = 00:00:27 . Memory (MB): peak = 2412.906 ; gain = 975.211 ; free physical = 1826 ; free virtual = 5954
INFO: [Common 17-2834] synth_design peak Physical Memory [PSS] (MB): overall = 1902.252; main = 1703.863; forked = 279.474
INFO: [Common 17-2834] synth_design peak Virtual Memory [VSS] (MB): overall = 3299.348; main = 2412.902; forked = 913.258
INFO: [runtcl-6] Synthesis results are not added to the cache due to CRITICAL_WARNING
INFO: [Common 17-1381] The checkpoint '/home/jaehyeok95/team_project_npu/team_project_npu.runs/synth_1/soc_npu_wrapper.dcp' has been generated.
INFO: [Vivado 12-24828] Executing command : report_utilization -file soc_npu_wrapper_utilization_synth.rpt -pb soc_npu_wrapper_utilization_synth.pb
INFO: [Common 17-206] Exiting Vivado at Sat Mar 14 15:21:00 2026...
