#-----------------------------------------------------------
# Vivado v2024.2 (64-bit)
# SW Build 5239630 on Fri Nov 08 22:34:34 MST 2024
# IP Build 5239520 on Sun Nov 10 16:12:51 MST 2024
# SharedData Build 5239561 on Fri Nov 08 14:39:27 MST 2024
# Start of session at: Mon Mar 16 19:00:14 2026
# Process ID         : 223215
# Current directory  : /home/jaehyeok95/team_project_npu/team_project_npu.runs/synth_1
# Command line       : vivado -log soc_npu_wrapper.vds -product Vivado -mode batch -messageDb vivado.pb -notrace -source soc_npu_wrapper.tcl
# Log file           : /home/jaehyeok95/team_project_npu/team_project_npu.runs/synth_1/soc_npu_wrapper.vds
# Journal file       : /home/jaehyeok95/team_project_npu/team_project_npu.runs/synth_1/vivado.jou
# Running On         : jaehyeok95-AORUS-5-MB
# Platform           : Ubuntu
# Operating System   : Ubuntu 24.04.3 LTS
# Processor Detail   : Intel(R) Core(TM) i5-10200H CPU @ 2.40GHz
# CPU Frequency      : 3999.979 MHz
# CPU Physical cores : 4
# CPU Logical cores  : 8
# Host memory        : 8006 MB
# Swap memory        : 4294 MB
# Total Virtual      : 12301 MB
# Available Virtual  : 2702 MB
#-----------------------------------------------------------
source soc_npu_wrapper.tcl -notrace
