Vivado Simulator v2024.2.0
Copyright 1986-2022 Xilinx, Inc. All Rights Reserved.
Copyright 2022-2024 Advanced Micro Devices, Inc. All Rights Reserved.
Running: /home/jaehyeok95/Xilinx/Vivado/2024.2/bin/unwrapped/lnx64.o/xelab --incr --debug typical --relax --mt 8 -L xil_defaultlib -L uvm -L unisims_ver -L unimacro_ver -L secureip --snapshot npu_core_tb_behav xil_defaultlib.npu_core_tb xil_defaultlib.glbl -log elaborate.log 
Using 8 slave threads.
Starting static elaboration
Pass Through NonSizing Optimizer
Completed static elaboration
Starting simulation data flow analysis
Completed simulation data flow analysis
Time Resolution for simulation is 1ps
Compiling module xil_defaultlib.fmap_bram(DEPTH=32768,ADDR_W=15)
Compiling module xil_defaultlib.fmap_bram
Compiling module xil_defaultlib.weight_buf
Compiling module xil_defaultlib.patch_reader
Compiling module xil_defaultlib.conv3x3_relu
Compiling module xil_defaultlib.maxpool2x2
Compiling module xil_defaultlib.fc_relu
Compiling module xil_defaultlib.argmax
Compiling module xil_defaultlib.npu_core(C1_OUT=9'b0100,C2_OUT=9...
Compiling module xil_defaultlib.npu_core_tb
Compiling module xil_defaultlib.glbl
Built simulation snapshot npu_core_tb_behav
