
*** Running vivado
    with args -log soc_rtos_can_wrapper.vds -m64 -product Vivado -mode batch -messageDb vivado.pb -notrace -source soc_rtos_can_wrapper.tcl


****** Vivado v2024.2 (64-bit)
  **** SW Build 5239630 on Fri Nov 08 22:34:34 MST 2024
  **** IP Build 5239520 on Sun Nov 10 16:12:51 MST 2024
  **** SharedData Build 5239561 on Fri Nov 08 14:39:27 MST 2024
  **** Start of session at: Fri Mar  6 12:26:27 2026
    ** Copyright 1986-2022 Xilinx, Inc. All Rights Reserved.
    ** Copyright 2022-2024 Advanced Micro Devices, Inc. All Rights Reserved.

source soc_rtos_can_wrapper.tcl -notrace
INFO: [IP_Flow 19-234] Refreshing IP repositories
INFO: [IP_Flow 19-1700] Loaded user IP repository '/home/user14/ip_repo/myip_RTOS_2_2'.
INFO: [IP_Flow 19-1700] Loaded user IP repository '/home/user14/ip_repo/myip_RTOS_2_1'.
INFO: [IP_Flow 19-1700] Loaded user IP repository '/home/user14/ip_repo/myip_RTOS_2_0'.
INFO: [IP_Flow 19-1700] Loaded user IP repository '/home/user14/ip_repo/myip_can_1_0'.
INFO: [IP_Flow 19-1700] Loaded user IP repository '/home/user14/ip_repo/myip_irq_cntr_1_0'.
WARNING: [IP_Flow 19-2207] Repository '/home/user14/ip_repo/myip_irq_cntr_1_0' already exists; ignoring attempt to add it again.
INFO: [IP_Flow 19-1700] Loaded user IP repository '/home/user14/ip_repo/myip_irq_cntr_1_0'.
INFO: [IP_Flow 19-1700] Loaded user IP repository '/home/user14/ip_repo/myip_RTOS_1_0'.
INFO: [IP_Flow 19-2313] Loaded Vivado IP repository '/media/user14/data/tools/xilinx/Vivado/2024.2/data/ip'.
INFO: [Project 1-5578] Found utility IPs instantiated in block design /home/user14/project_CAN/project_CAN.srcs/sources_1/bd/soc_rtos_can/soc_rtos_can.bd which have equivalent inline hdl with improved performance and reduced diskspace.
It is recommended to migrate these utility IPs to inline hdl  using the command upgrade_project -migrate_to_inline_hdl.  The utility IPs may be deprecated in future releases.
More information on inline hdl is available in UG994. 
Command: read_checkpoint -auto_incremental -incremental /home/user14/project_CAN/project_CAN.srcs/utils_1/imports/synth_1/soc_rtos_ver1_wrapper.dcp
INFO: [Vivado 12-5825] Read reference checkpoint from /home/user14/project_CAN/project_CAN.srcs/utils_1/imports/synth_1/soc_rtos_ver1_wrapper.dcp for incremental synthesis
INFO: [Vivado 12-7989] Please ensure there are no constraint changes
Command: synth_design -top soc_rtos_can_wrapper -part xc7a35tcpg236-1
Starting synth_design
Attempting to get a license for feature 'Synthesis' and/or device 'xc7a35t'
INFO: [Common 17-349] Got license for feature 'Synthesis' and/or device 'xc7a35t'
INFO: [Device 21-403] Loading part xc7a35tcpg236-1
INFO: [Designutils 20-5440] No compile time benefit to using incremental synthesis; A full resynthesis will be run
INFO: [Designutils 20-4379] Flow is switching to default flow due to incremental criteria not met. If you would like to alter this behaviour and have the flow terminate instead, please set the following parameter config_implementation {autoIncr.Synth.RejectBehavior Terminate}
INFO: [Synth 8-7079] Multithreading enabled for synth_design using a maximum of 7 processes.
INFO: [Synth 8-7078] Launching helper process for spawning children vivado processes
INFO: [Synth 8-7075] Helper process launched with PID 44395
---------------------------------------------------------------------------------
Starting RTL Elaboration : Time (s): cpu = 00:00:02 ; elapsed = 00:00:02 . Memory (MB): peak = 1892.078 ; gain = 241.676 ; free physical = 5599 ; free virtual = 40903
---------------------------------------------------------------------------------
INFO: [Synth 8-6157] synthesizing module 'soc_rtos_can_wrapper' [/home/user14/project_CAN/project_CAN.gen/sources_1/bd/soc_rtos_can/hdl/soc_rtos_can_wrapper.v:13]
INFO: [Synth 8-6157] synthesizing module 'soc_rtos_can' [/home/user14/project_CAN/project_CAN.gen/sources_1/bd/soc_rtos_can/synth/soc_rtos_can.v:1079]
INFO: [Synth 8-6157] synthesizing module 'soc_rtos_can_axi_timer_0_1' [/home/user14/project_CAN/project_CAN.runs/synth_1/.Xil/Vivado-44327-user14-B80KV-AP35BKE/realtime/soc_rtos_can_axi_timer_0_1_stub.v:6]
INFO: [Synth 8-6155] done synthesizing module 'soc_rtos_can_axi_timer_0_1' (0#1) [/home/user14/project_CAN/project_CAN.runs/synth_1/.Xil/Vivado-44327-user14-B80KV-AP35BKE/realtime/soc_rtos_can_axi_timer_0_1_stub.v:6]
WARNING: [Synth 8-7071] port 'generateout0' of module 'soc_rtos_can_axi_timer_0_1' is unconnected for instance 'axi_timer_0' [/home/user14/project_CAN/project_CAN.gen/sources_1/bd/soc_rtos_can/synth/soc_rtos_can.v:1249]
WARNING: [Synth 8-7071] port 'generateout1' of module 'soc_rtos_can_axi_timer_0_1' is unconnected for instance 'axi_timer_0' [/home/user14/project_CAN/project_CAN.gen/sources_1/bd/soc_rtos_can/synth/soc_rtos_can.v:1249]
WARNING: [Synth 8-7071] port 'pwm0' of module 'soc_rtos_can_axi_timer_0_1' is unconnected for instance 'axi_timer_0' [/home/user14/project_CAN/project_CAN.gen/sources_1/bd/soc_rtos_can/synth/soc_rtos_can.v:1249]
WARNING: [Synth 8-7023] instance 'axi_timer_0' of module 'soc_rtos_can_axi_timer_0_1' has 26 connections declared, but only 23 given [/home/user14/project_CAN/project_CAN.gen/sources_1/bd/soc_rtos_can/synth/soc_rtos_can.v:1249]
INFO: [Synth 8-6157] synthesizing module 'soc_rtos_can_axi_uartlite_0_0' [/home/user14/project_CAN/project_CAN.runs/synth_1/.Xil/Vivado-44327-user14-B80KV-AP35BKE/realtime/soc_rtos_can_axi_uartlite_0_0_stub.v:6]
INFO: [Synth 8-6155] done synthesizing module 'soc_rtos_can_axi_uartlite_0_0' (0#1) [/home/user14/project_CAN/project_CAN.runs/synth_1/.Xil/Vivado-44327-user14-B80KV-AP35BKE/realtime/soc_rtos_can_axi_uartlite_0_0_stub.v:6]
INFO: [Synth 8-6157] synthesizing module 'soc_rtos_can_clk_wiz_0' [/home/user14/project_CAN/project_CAN.runs/synth_1/.Xil/Vivado-44327-user14-B80KV-AP35BKE/realtime/soc_rtos_can_clk_wiz_0_stub.v:6]
INFO: [Synth 8-6155] done synthesizing module 'soc_rtos_can_clk_wiz_0' (0#1) [/home/user14/project_CAN/project_CAN.runs/synth_1/.Xil/Vivado-44327-user14-B80KV-AP35BKE/realtime/soc_rtos_can_clk_wiz_0_stub.v:6]
WARNING: [Synth 8-7071] port 'locked' of module 'soc_rtos_can_clk_wiz_0' is unconnected for instance 'clk_wiz' [/home/user14/project_CAN/project_CAN.gen/sources_1/bd/soc_rtos_can/synth/soc_rtos_can.v:1296]
WARNING: [Synth 8-7023] instance 'clk_wiz' of module 'soc_rtos_can_clk_wiz_0' has 4 connections declared, but only 3 given [/home/user14/project_CAN/project_CAN.gen/sources_1/bd/soc_rtos_can/synth/soc_rtos_can.v:1296]
INFO: [Synth 8-6157] synthesizing module 'soc_rtos_can_mdm_1_0' [/home/user14/project_CAN/project_CAN.runs/synth_1/.Xil/Vivado-44327-user14-B80KV-AP35BKE/realtime/soc_rtos_can_mdm_1_0_stub.v:6]
INFO: [Synth 8-6155] done synthesizing module 'soc_rtos_can_mdm_1_0' (0#1) [/home/user14/project_CAN/project_CAN.runs/synth_1/.Xil/Vivado-44327-user14-B80KV-AP35BKE/realtime/soc_rtos_can_mdm_1_0_stub.v:6]
INFO: [Synth 8-6157] synthesizing module 'soc_rtos_can_microblaze_riscv_0_0' [/home/user14/project_CAN/project_CAN.runs/synth_1/.Xil/Vivado-44327-user14-B80KV-AP35BKE/realtime/soc_rtos_can_microblaze_riscv_0_0_stub.v:6]
INFO: [Synth 8-6155] done synthesizing module 'soc_rtos_can_microblaze_riscv_0_0' (0#1) [/home/user14/project_CAN/project_CAN.runs/synth_1/.Xil/Vivado-44327-user14-B80KV-AP35BKE/realtime/soc_rtos_can_microblaze_riscv_0_0_stub.v:6]
INFO: [Synth 8-6157] synthesizing module 'soc_rtos_can_microblaze_riscv_0_axi_intc_0' [/home/user14/project_CAN/project_CAN.runs/synth_1/.Xil/Vivado-44327-user14-B80KV-AP35BKE/realtime/soc_rtos_can_microblaze_riscv_0_axi_intc_0_stub.v:6]
INFO: [Synth 8-6155] done synthesizing module 'soc_rtos_can_microblaze_riscv_0_axi_intc_0' (0#1) [/home/user14/project_CAN/project_CAN.runs/synth_1/.Xil/Vivado-44327-user14-B80KV-AP35BKE/realtime/soc_rtos_can_microblaze_riscv_0_axi_intc_0_stub.v:6]
INFO: [Synth 8-6157] synthesizing module 'soc_rtos_can_microblaze_riscv_0_axi_periph_0' [/home/user14/project_CAN/project_CAN.gen/sources_1/bd/soc_rtos_can/synth/soc_rtos_can.v:1610]
INFO: [Synth 8-6157] synthesizing module 'm00_couplers_imp_6V97ZS' [/home/user14/project_CAN/project_CAN.gen/sources_1/bd/soc_rtos_can/synth/soc_rtos_can.v:13]
INFO: [Synth 8-6155] done synthesizing module 'm00_couplers_imp_6V97ZS' (0#1) [/home/user14/project_CAN/project_CAN.gen/sources_1/bd/soc_rtos_can/synth/soc_rtos_can.v:13]
INFO: [Synth 8-6157] synthesizing module 'm01_couplers_imp_4EWIGO' [/home/user14/project_CAN/project_CAN.gen/sources_1/bd/soc_rtos_can/synth/soc_rtos_can.v:128]
INFO: [Synth 8-6155] done synthesizing module 'm01_couplers_imp_4EWIGO' (0#1) [/home/user14/project_CAN/project_CAN.gen/sources_1/bd/soc_rtos_can/synth/soc_rtos_can.v:128]
INFO: [Synth 8-6157] synthesizing module 'm02_couplers_imp_F50LKO' [/home/user14/project_CAN/project_CAN.gen/sources_1/bd/soc_rtos_can/synth/soc_rtos_can.v:243]
INFO: [Synth 8-6155] done synthesizing module 'm02_couplers_imp_F50LKO' (0#1) [/home/user14/project_CAN/project_CAN.gen/sources_1/bd/soc_rtos_can/synth/soc_rtos_can.v:243]
INFO: [Synth 8-6157] synthesizing module 'm03_couplers_imp_9CTGXK' [/home/user14/project_CAN/project_CAN.gen/sources_1/bd/soc_rtos_can/synth/soc_rtos_can.v:370]
INFO: [Synth 8-6155] done synthesizing module 'm03_couplers_imp_9CTGXK' (0#1) [/home/user14/project_CAN/project_CAN.gen/sources_1/bd/soc_rtos_can/synth/soc_rtos_can.v:370]
INFO: [Synth 8-6157] synthesizing module 'm04_couplers_imp_IZ1A60' [/home/user14/project_CAN/project_CAN.gen/sources_1/bd/soc_rtos_can/synth/soc_rtos_can.v:497]
INFO: [Synth 8-6155] done synthesizing module 'm04_couplers_imp_IZ1A60' (0#1) [/home/user14/project_CAN/project_CAN.gen/sources_1/bd/soc_rtos_can/synth/soc_rtos_can.v:497]
INFO: [Synth 8-6157] synthesizing module 'm05_couplers_imp_N3WXH4' [/home/user14/project_CAN/project_CAN.gen/sources_1/bd/soc_rtos_can/synth/soc_rtos_can.v:624]
INFO: [Synth 8-6155] done synthesizing module 'm05_couplers_imp_N3WXH4' (0#1) [/home/user14/project_CAN/project_CAN.gen/sources_1/bd/soc_rtos_can/synth/soc_rtos_can.v:624]
INFO: [Synth 8-6157] synthesizing module 's00_couplers_imp_1K11M3' [/home/user14/project_CAN/project_CAN.gen/sources_1/bd/soc_rtos_can/synth/soc_rtos_can.v:952]
INFO: [Synth 8-6155] done synthesizing module 's00_couplers_imp_1K11M3' (0#1) [/home/user14/project_CAN/project_CAN.gen/sources_1/bd/soc_rtos_can/synth/soc_rtos_can.v:952]
INFO: [Synth 8-6157] synthesizing module 'soc_rtos_can_microblaze_riscv_0_axi_periph_imp_xbar_0' [/home/user14/project_CAN/project_CAN.runs/synth_1/.Xil/Vivado-44327-user14-B80KV-AP35BKE/realtime/soc_rtos_can_microblaze_riscv_0_axi_periph_imp_xbar_0_stub.v:6]
INFO: [Synth 8-6155] done synthesizing module 'soc_rtos_can_microblaze_riscv_0_axi_periph_imp_xbar_0' (0#1) [/home/user14/project_CAN/project_CAN.runs/synth_1/.Xil/Vivado-44327-user14-B80KV-AP35BKE/realtime/soc_rtos_can_microblaze_riscv_0_axi_periph_imp_xbar_0_stub.v:6]
WARNING: [Synth 8-689] width (15) of port connection 'm_axi_arprot' does not match port width (18) of module 'soc_rtos_can_microblaze_riscv_0_axi_periph_imp_xbar_0' [/home/user14/project_CAN/project_CAN.gen/sources_1/bd/soc_rtos_can/synth/soc_rtos_can.v:2450]
WARNING: [Synth 8-689] width (15) of port connection 'm_axi_awprot' does not match port width (18) of module 'soc_rtos_can_microblaze_riscv_0_axi_periph_imp_xbar_0' [/home/user14/project_CAN/project_CAN.gen/sources_1/bd/soc_rtos_can/synth/soc_rtos_can.v:2454]
INFO: [Synth 8-6155] done synthesizing module 'soc_rtos_can_microblaze_riscv_0_axi_periph_0' (0#1) [/home/user14/project_CAN/project_CAN.gen/sources_1/bd/soc_rtos_can/synth/soc_rtos_can.v:1610]
WARNING: [Synth 8-7071] port 'M03_AXI_araddr' of module 'soc_rtos_can_microblaze_riscv_0_axi_periph_0' is unconnected for instance 'microblaze_riscv_0_axi_periph' [/home/user14/project_CAN/project_CAN.gen/sources_1/bd/soc_rtos_can/synth/soc_rtos_can.v:1392]
WARNING: [Synth 8-7071] port 'M03_AXI_arprot' of module 'soc_rtos_can_microblaze_riscv_0_axi_periph_0' is unconnected for instance 'microblaze_riscv_0_axi_periph' [/home/user14/project_CAN/project_CAN.gen/sources_1/bd/soc_rtos_can/synth/soc_rtos_can.v:1392]
WARNING: [Synth 8-7071] port 'M03_AXI_arvalid' of module 'soc_rtos_can_microblaze_riscv_0_axi_periph_0' is unconnected for instance 'microblaze_riscv_0_axi_periph' [/home/user14/project_CAN/project_CAN.gen/sources_1/bd/soc_rtos_can/synth/soc_rtos_can.v:1392]
WARNING: [Synth 8-7071] port 'M03_AXI_awaddr' of module 'soc_rtos_can_microblaze_riscv_0_axi_periph_0' is unconnected for instance 'microblaze_riscv_0_axi_periph' [/home/user14/project_CAN/project_CAN.gen/sources_1/bd/soc_rtos_can/synth/soc_rtos_can.v:1392]
WARNING: [Synth 8-7071] port 'M03_AXI_awprot' of module 'soc_rtos_can_microblaze_riscv_0_axi_periph_0' is unconnected for instance 'microblaze_riscv_0_axi_periph' [/home/user14/project_CAN/project_CAN.gen/sources_1/bd/soc_rtos_can/synth/soc_rtos_can.v:1392]
WARNING: [Synth 8-7071] port 'M03_AXI_awvalid' of module 'soc_rtos_can_microblaze_riscv_0_axi_periph_0' is unconnected for instance 'microblaze_riscv_0_axi_periph' [/home/user14/project_CAN/project_CAN.gen/sources_1/bd/soc_rtos_can/synth/soc_rtos_can.v:1392]
WARNING: [Synth 8-7071] port 'M03_AXI_bready' of module 'soc_rtos_can_microblaze_riscv_0_axi_periph_0' is unconnected for instance 'microblaze_riscv_0_axi_periph' [/home/user14/project_CAN/project_CAN.gen/sources_1/bd/soc_rtos_can/synth/soc_rtos_can.v:1392]
WARNING: [Synth 8-7071] port 'M03_AXI_rready' of module 'soc_rtos_can_microblaze_riscv_0_axi_periph_0' is unconnected for instance 'microblaze_riscv_0_axi_periph' [/home/user14/project_CAN/project_CAN.gen/sources_1/bd/soc_rtos_can/synth/soc_rtos_can.v:1392]
WARNING: [Synth 8-7071] port 'M03_AXI_wdata' of module 'soc_rtos_can_microblaze_riscv_0_axi_periph_0' is unconnected for instance 'microblaze_riscv_0_axi_periph' [/home/user14/project_CAN/project_CAN.gen/sources_1/bd/soc_rtos_can/synth/soc_rtos_can.v:1392]
WARNING: [Synth 8-7071] port 'M03_AXI_wstrb' of module 'soc_rtos_can_microblaze_riscv_0_axi_periph_0' is unconnected for instance 'microblaze_riscv_0_axi_periph' [/home/user14/project_CAN/project_CAN.gen/sources_1/bd/soc_rtos_can/synth/soc_rtos_can.v:1392]
WARNING: [Synth 8-7071] port 'M03_AXI_wvalid' of module 'soc_rtos_can_microblaze_riscv_0_axi_periph_0' is unconnected for instance 'microblaze_riscv_0_axi_periph' [/home/user14/project_CAN/project_CAN.gen/sources_1/bd/soc_rtos_can/synth/soc_rtos_can.v:1392]
WARNING: [Synth 8-7023] instance 'microblaze_riscv_0_axi_periph' of module 'soc_rtos_can_microblaze_riscv_0_axi_periph_0' has 143 connections declared, but only 132 given [/home/user14/project_CAN/project_CAN.gen/sources_1/bd/soc_rtos_can/synth/soc_rtos_can.v:1392]
INFO: [Synth 8-6157] synthesizing module 'microblaze_riscv_0_local_memory_imp_1V3WCAU' [/home/user14/project_CAN/project_CAN.gen/sources_1/bd/soc_rtos_can/synth/soc_rtos_can.v:739]
INFO: [Synth 8-6157] synthesizing module 'soc_rtos_can_dlmb_bram_if_cntlr_0' [/home/user14/project_CAN/project_CAN.runs/synth_1/.Xil/Vivado-44327-user14-B80KV-AP35BKE/realtime/soc_rtos_can_dlmb_bram_if_cntlr_0_stub.v:6]
INFO: [Synth 8-6155] done synthesizing module 'soc_rtos_can_dlmb_bram_if_cntlr_0' (0#1) [/home/user14/project_CAN/project_CAN.runs/synth_1/.Xil/Vivado-44327-user14-B80KV-AP35BKE/realtime/soc_rtos_can_dlmb_bram_if_cntlr_0_stub.v:6]
INFO: [Synth 8-6157] synthesizing module 'soc_rtos_can_dlmb_v10_0' [/home/user14/project_CAN/project_CAN.runs/synth_1/.Xil/Vivado-44327-user14-B80KV-AP35BKE/realtime/soc_rtos_can_dlmb_v10_0_stub.v:6]
INFO: [Synth 8-6155] done synthesizing module 'soc_rtos_can_dlmb_v10_0' (0#1) [/home/user14/project_CAN/project_CAN.runs/synth_1/.Xil/Vivado-44327-user14-B80KV-AP35BKE/realtime/soc_rtos_can_dlmb_v10_0_stub.v:6]
WARNING: [Synth 8-7071] port 'LMB_Rst' of module 'soc_rtos_can_dlmb_v10_0' is unconnected for instance 'dlmb_v10' [/home/user14/project_CAN/project_CAN.gen/sources_1/bd/soc_rtos_can/synth/soc_rtos_can.v:864]
WARNING: [Synth 8-7023] instance 'dlmb_v10' of module 'soc_rtos_can_dlmb_v10_0' has 25 connections declared, but only 24 given [/home/user14/project_CAN/project_CAN.gen/sources_1/bd/soc_rtos_can/synth/soc_rtos_can.v:864]
INFO: [Synth 8-6157] synthesizing module 'soc_rtos_can_ilmb_bram_if_cntlr_0' [/home/user14/project_CAN/project_CAN.runs/synth_1/.Xil/Vivado-44327-user14-B80KV-AP35BKE/realtime/soc_rtos_can_ilmb_bram_if_cntlr_0_stub.v:6]
INFO: [Synth 8-6155] done synthesizing module 'soc_rtos_can_ilmb_bram_if_cntlr_0' (0#1) [/home/user14/project_CAN/project_CAN.runs/synth_1/.Xil/Vivado-44327-user14-B80KV-AP35BKE/realtime/soc_rtos_can_ilmb_bram_if_cntlr_0_stub.v:6]
INFO: [Synth 8-6157] synthesizing module 'soc_rtos_can_ilmb_v10_0' [/home/user14/project_CAN/project_CAN.runs/synth_1/.Xil/Vivado-44327-user14-B80KV-AP35BKE/realtime/soc_rtos_can_ilmb_v10_0_stub.v:6]
INFO: [Synth 8-6155] done synthesizing module 'soc_rtos_can_ilmb_v10_0' (0#1) [/home/user14/project_CAN/project_CAN.runs/synth_1/.Xil/Vivado-44327-user14-B80KV-AP35BKE/realtime/soc_rtos_can_ilmb_v10_0_stub.v:6]
WARNING: [Synth 8-7071] port 'LMB_Rst' of module 'soc_rtos_can_ilmb_v10_0' is unconnected for instance 'ilmb_v10' [/home/user14/project_CAN/project_CAN.gen/sources_1/bd/soc_rtos_can/synth/soc_rtos_can.v:910]
WARNING: [Synth 8-7023] instance 'ilmb_v10' of module 'soc_rtos_can_ilmb_v10_0' has 25 connections declared, but only 24 given [/home/user14/project_CAN/project_CAN.gen/sources_1/bd/soc_rtos_can/synth/soc_rtos_can.v:910]
INFO: [Synth 8-6157] synthesizing module 'soc_rtos_can_lmb_bram_0' [/home/user14/project_CAN/project_CAN.runs/synth_1/.Xil/Vivado-44327-user14-B80KV-AP35BKE/realtime/soc_rtos_can_lmb_bram_0_stub.v:6]
INFO: [Synth 8-6155] done synthesizing module 'soc_rtos_can_lmb_bram_0' (0#1) [/home/user14/project_CAN/project_CAN.runs/synth_1/.Xil/Vivado-44327-user14-B80KV-AP35BKE/realtime/soc_rtos_can_lmb_bram_0_stub.v:6]
WARNING: [Synth 8-7071] port 'rsta_busy' of module 'soc_rtos_can_lmb_bram_0' is unconnected for instance 'lmb_bram' [/home/user14/project_CAN/project_CAN.gen/sources_1/bd/soc_rtos_can/synth/soc_rtos_can.v:935]
WARNING: [Synth 8-7071] port 'rstb_busy' of module 'soc_rtos_can_lmb_bram_0' is unconnected for instance 'lmb_bram' [/home/user14/project_CAN/project_CAN.gen/sources_1/bd/soc_rtos_can/synth/soc_rtos_can.v:935]
WARNING: [Synth 8-7023] instance 'lmb_bram' of module 'soc_rtos_can_lmb_bram_0' has 16 connections declared, but only 14 given [/home/user14/project_CAN/project_CAN.gen/sources_1/bd/soc_rtos_can/synth/soc_rtos_can.v:935]
INFO: [Synth 8-6155] done synthesizing module 'microblaze_riscv_0_local_memory_imp_1V3WCAU' (0#1) [/home/user14/project_CAN/project_CAN.gen/sources_1/bd/soc_rtos_can/synth/soc_rtos_can.v:739]
INFO: [Synth 8-6157] synthesizing module 'soc_rtos_can_microblaze_riscv_0_xlconcat_0' [/home/user14/project_CAN/project_CAN.gen/sources_1/bd/soc_rtos_can/ip/soc_rtos_can_microblaze_riscv_0_xlconcat_0/synth/soc_rtos_can_microblaze_riscv_0_xlconcat_0.v:53]
INFO: [Synth 8-6157] synthesizing module 'xlconcat_v2_1_6_xlconcat' [/home/user14/project_CAN/project_CAN.gen/sources_1/bd/soc_rtos_can/ipshared/6120/hdl/xlconcat_v2_1_vl_rfs.v:59]
INFO: [Synth 8-6155] done synthesizing module 'xlconcat_v2_1_6_xlconcat' (0#1) [/home/user14/project_CAN/project_CAN.gen/sources_1/bd/soc_rtos_can/ipshared/6120/hdl/xlconcat_v2_1_vl_rfs.v:59]
INFO: [Synth 8-6155] done synthesizing module 'soc_rtos_can_microblaze_riscv_0_xlconcat_0' (0#1) [/home/user14/project_CAN/project_CAN.gen/sources_1/bd/soc_rtos_can/ip/soc_rtos_can_microblaze_riscv_0_xlconcat_0/synth/soc_rtos_can_microblaze_riscv_0_xlconcat_0.v:53]
INFO: [Synth 8-6157] synthesizing module 'soc_rtos_can_myip_RTOS_0_1' [/home/user14/project_CAN/project_CAN.runs/synth_1/.Xil/Vivado-44327-user14-B80KV-AP35BKE/realtime/soc_rtos_can_myip_RTOS_0_1_stub.v:6]
INFO: [Synth 8-6155] done synthesizing module 'soc_rtos_can_myip_RTOS_0_1' (0#1) [/home/user14/project_CAN/project_CAN.runs/synth_1/.Xil/Vivado-44327-user14-B80KV-AP35BKE/realtime/soc_rtos_can_myip_RTOS_0_1_stub.v:6]
INFO: [Synth 8-6157] synthesizing module 'soc_rtos_can_myip_can_0_0' [/home/user14/project_CAN/project_CAN.runs/synth_1/.Xil/Vivado-44327-user14-B80KV-AP35BKE/realtime/soc_rtos_can_myip_can_0_0_stub.v:6]
INFO: [Synth 8-6155] done synthesizing module 'soc_rtos_can_myip_can_0_0' (0#1) [/home/user14/project_CAN/project_CAN.runs/synth_1/.Xil/Vivado-44327-user14-B80KV-AP35BKE/realtime/soc_rtos_can_myip_can_0_0_stub.v:6]
INFO: [Synth 8-6157] synthesizing module 'soc_rtos_can_proc_sys_reset_0_0' [/home/user14/project_CAN/project_CAN.runs/synth_1/.Xil/Vivado-44327-user14-B80KV-AP35BKE/realtime/soc_rtos_can_proc_sys_reset_0_0_stub.v:6]
INFO: [Synth 8-6155] done synthesizing module 'soc_rtos_can_proc_sys_reset_0_0' (0#1) [/home/user14/project_CAN/project_CAN.runs/synth_1/.Xil/Vivado-44327-user14-B80KV-AP35BKE/realtime/soc_rtos_can_proc_sys_reset_0_0_stub.v:6]
WARNING: [Synth 8-7071] port 'peripheral_reset' of module 'soc_rtos_can_proc_sys_reset_0_0' is unconnected for instance 'proc_sys_reset_0' [/home/user14/project_CAN/project_CAN.gen/sources_1/bd/soc_rtos_can/synth/soc_rtos_can.v:1599]
WARNING: [Synth 8-7071] port 'interconnect_aresetn' of module 'soc_rtos_can_proc_sys_reset_0_0' is unconnected for instance 'proc_sys_reset_0' [/home/user14/project_CAN/project_CAN.gen/sources_1/bd/soc_rtos_can/synth/soc_rtos_can.v:1599]
WARNING: [Synth 8-7023] instance 'proc_sys_reset_0' of module 'soc_rtos_can_proc_sys_reset_0_0' has 10 connections declared, but only 8 given [/home/user14/project_CAN/project_CAN.gen/sources_1/bd/soc_rtos_can/synth/soc_rtos_can.v:1599]
INFO: [Synth 8-6155] done synthesizing module 'soc_rtos_can' (0#1) [/home/user14/project_CAN/project_CAN.gen/sources_1/bd/soc_rtos_can/synth/soc_rtos_can.v:1079]
INFO: [Synth 8-6155] done synthesizing module 'soc_rtos_can_wrapper' (0#1) [/home/user14/project_CAN/project_CAN.gen/sources_1/bd/soc_rtos_can/hdl/soc_rtos_can_wrapper.v:13]
WARNING: [Synth 8-7129] Port In3[0] in module xlconcat_v2_1_6_xlconcat is either unconnected or has no load
WARNING: [Synth 8-7129] Port In4[0] in module xlconcat_v2_1_6_xlconcat is either unconnected or has no load
WARNING: [Synth 8-7129] Port In5[0] in module xlconcat_v2_1_6_xlconcat is either unconnected or has no load
WARNING: [Synth 8-7129] Port In6[0] in module xlconcat_v2_1_6_xlconcat is either unconnected or has no load
WARNING: [Synth 8-7129] Port In7[0] in module xlconcat_v2_1_6_xlconcat is either unconnected or has no load
WARNING: [Synth 8-7129] Port In8[0] in module xlconcat_v2_1_6_xlconcat is either unconnected or has no load
WARNING: [Synth 8-7129] Port In9[0] in module xlconcat_v2_1_6_xlconcat is either unconnected or has no load
WARNING: [Synth 8-7129] Port In10[0] in module xlconcat_v2_1_6_xlconcat is either unconnected or has no load
WARNING: [Synth 8-7129] Port In11[0] in module xlconcat_v2_1_6_xlconcat is either unconnected or has no load
WARNING: [Synth 8-7129] Port In12[0] in module xlconcat_v2_1_6_xlconcat is either unconnected or has no load
WARNING: [Synth 8-7129] Port In13[0] in module xlconcat_v2_1_6_xlconcat is either unconnected or has no load
WARNING: [Synth 8-7129] Port In14[0] in module xlconcat_v2_1_6_xlconcat is either unconnected or has no load
WARNING: [Synth 8-7129] Port In15[0] in module xlconcat_v2_1_6_xlconcat is either unconnected or has no load
WARNING: [Synth 8-7129] Port In16[0] in module xlconcat_v2_1_6_xlconcat is either unconnected or has no load
WARNING: [Synth 8-7129] Port In17[0] in module xlconcat_v2_1_6_xlconcat is either unconnected or has no load
WARNING: [Synth 8-7129] Port In18[0] in module xlconcat_v2_1_6_xlconcat is either unconnected or has no load
WARNING: [Synth 8-7129] Port In19[0] in module xlconcat_v2_1_6_xlconcat is either unconnected or has no load
WARNING: [Synth 8-7129] Port In20[0] in module xlconcat_v2_1_6_xlconcat is either unconnected or has no load
WARNING: [Synth 8-7129] Port In21[0] in module xlconcat_v2_1_6_xlconcat is either unconnected or has no load
WARNING: [Synth 8-7129] Port In22[0] in module xlconcat_v2_1_6_xlconcat is either unconnected or has no load
WARNING: [Synth 8-7129] Port In23[0] in module xlconcat_v2_1_6_xlconcat is either unconnected or has no load
WARNING: [Synth 8-7129] Port In24[0] in module xlconcat_v2_1_6_xlconcat is either unconnected or has no load
WARNING: [Synth 8-7129] Port In25[0] in module xlconcat_v2_1_6_xlconcat is either unconnected or has no load
WARNING: [Synth 8-7129] Port In26[0] in module xlconcat_v2_1_6_xlconcat is either unconnected or has no load
WARNING: [Synth 8-7129] Port In27[0] in module xlconcat_v2_1_6_xlconcat is either unconnected or has no load
WARNING: [Synth 8-7129] Port In28[0] in module xlconcat_v2_1_6_xlconcat is either unconnected or has no load
WARNING: [Synth 8-7129] Port In29[0] in module xlconcat_v2_1_6_xlconcat is either unconnected or has no load
WARNING: [Synth 8-7129] Port In30[0] in module xlconcat_v2_1_6_xlconcat is either unconnected or has no load
WARNING: [Synth 8-7129] Port In31[0] in module xlconcat_v2_1_6_xlconcat is either unconnected or has no load
WARNING: [Synth 8-7129] Port In32[0] in module xlconcat_v2_1_6_xlconcat is either unconnected or has no load
WARNING: [Synth 8-7129] Port In33[0] in module xlconcat_v2_1_6_xlconcat is either unconnected or has no load
WARNING: [Synth 8-7129] Port In34[0] in module xlconcat_v2_1_6_xlconcat is either unconnected or has no load
WARNING: [Synth 8-7129] Port In35[0] in module xlconcat_v2_1_6_xlconcat is either unconnected or has no load
WARNING: [Synth 8-7129] Port In36[0] in module xlconcat_v2_1_6_xlconcat is either unconnected or has no load
WARNING: [Synth 8-7129] Port In37[0] in module xlconcat_v2_1_6_xlconcat is either unconnected or has no load
WARNING: [Synth 8-7129] Port In38[0] in module xlconcat_v2_1_6_xlconcat is either unconnected or has no load
WARNING: [Synth 8-7129] Port In39[0] in module xlconcat_v2_1_6_xlconcat is either unconnected or has no load
WARNING: [Synth 8-7129] Port In40[0] in module xlconcat_v2_1_6_xlconcat is either unconnected or has no load
WARNING: [Synth 8-7129] Port In41[0] in module xlconcat_v2_1_6_xlconcat is either unconnected or has no load
WARNING: [Synth 8-7129] Port In42[0] in module xlconcat_v2_1_6_xlconcat is either unconnected or has no load
WARNING: [Synth 8-7129] Port In43[0] in module xlconcat_v2_1_6_xlconcat is either unconnected or has no load
WARNING: [Synth 8-7129] Port In44[0] in module xlconcat_v2_1_6_xlconcat is either unconnected or has no load
WARNING: [Synth 8-7129] Port In45[0] in module xlconcat_v2_1_6_xlconcat is either unconnected or has no load
WARNING: [Synth 8-7129] Port In46[0] in module xlconcat_v2_1_6_xlconcat is either unconnected or has no load
WARNING: [Synth 8-7129] Port In47[0] in module xlconcat_v2_1_6_xlconcat is either unconnected or has no load
WARNING: [Synth 8-7129] Port In48[0] in module xlconcat_v2_1_6_xlconcat is either unconnected or has no load
WARNING: [Synth 8-7129] Port In49[0] in module xlconcat_v2_1_6_xlconcat is either unconnected or has no load
WARNING: [Synth 8-7129] Port In50[0] in module xlconcat_v2_1_6_xlconcat is either unconnected or has no load
WARNING: [Synth 8-7129] Port In51[0] in module xlconcat_v2_1_6_xlconcat is either unconnected or has no load
WARNING: [Synth 8-7129] Port In52[0] in module xlconcat_v2_1_6_xlconcat is either unconnected or has no load
WARNING: [Synth 8-7129] Port In53[0] in module xlconcat_v2_1_6_xlconcat is either unconnected or has no load
WARNING: [Synth 8-7129] Port In54[0] in module xlconcat_v2_1_6_xlconcat is either unconnected or has no load
WARNING: [Synth 8-7129] Port In55[0] in module xlconcat_v2_1_6_xlconcat is either unconnected or has no load
WARNING: [Synth 8-7129] Port In56[0] in module xlconcat_v2_1_6_xlconcat is either unconnected or has no load
WARNING: [Synth 8-7129] Port In57[0] in module xlconcat_v2_1_6_xlconcat is either unconnected or has no load
WARNING: [Synth 8-7129] Port In58[0] in module xlconcat_v2_1_6_xlconcat is either unconnected or has no load
WARNING: [Synth 8-7129] Port In59[0] in module xlconcat_v2_1_6_xlconcat is either unconnected or has no load
WARNING: [Synth 8-7129] Port In60[0] in module xlconcat_v2_1_6_xlconcat is either unconnected or has no load
WARNING: [Synth 8-7129] Port In61[0] in module xlconcat_v2_1_6_xlconcat is either unconnected or has no load
WARNING: [Synth 8-7129] Port In62[0] in module xlconcat_v2_1_6_xlconcat is either unconnected or has no load
WARNING: [Synth 8-7129] Port In63[0] in module xlconcat_v2_1_6_xlconcat is either unconnected or has no load
WARNING: [Synth 8-7129] Port In64[0] in module xlconcat_v2_1_6_xlconcat is either unconnected or has no load
WARNING: [Synth 8-7129] Port In65[0] in module xlconcat_v2_1_6_xlconcat is either unconnected or has no load
WARNING: [Synth 8-7129] Port In66[0] in module xlconcat_v2_1_6_xlconcat is either unconnected or has no load
WARNING: [Synth 8-7129] Port In67[0] in module xlconcat_v2_1_6_xlconcat is either unconnected or has no load
WARNING: [Synth 8-7129] Port In68[0] in module xlconcat_v2_1_6_xlconcat is either unconnected or has no load
WARNING: [Synth 8-7129] Port In69[0] in module xlconcat_v2_1_6_xlconcat is either unconnected or has no load
WARNING: [Synth 8-7129] Port In70[0] in module xlconcat_v2_1_6_xlconcat is either unconnected or has no load
WARNING: [Synth 8-7129] Port In71[0] in module xlconcat_v2_1_6_xlconcat is either unconnected or has no load
WARNING: [Synth 8-7129] Port In72[0] in module xlconcat_v2_1_6_xlconcat is either unconnected or has no load
WARNING: [Synth 8-7129] Port In73[0] in module xlconcat_v2_1_6_xlconcat is either unconnected or has no load
WARNING: [Synth 8-7129] Port In74[0] in module xlconcat_v2_1_6_xlconcat is either unconnected or has no load
WARNING: [Synth 8-7129] Port In75[0] in module xlconcat_v2_1_6_xlconcat is either unconnected or has no load
WARNING: [Synth 8-7129] Port In76[0] in module xlconcat_v2_1_6_xlconcat is either unconnected or has no load
WARNING: [Synth 8-7129] Port In77[0] in module xlconcat_v2_1_6_xlconcat is either unconnected or has no load
WARNING: [Synth 8-7129] Port In78[0] in module xlconcat_v2_1_6_xlconcat is either unconnected or has no load
WARNING: [Synth 8-7129] Port In79[0] in module xlconcat_v2_1_6_xlconcat is either unconnected or has no load
WARNING: [Synth 8-7129] Port In80[0] in module xlconcat_v2_1_6_xlconcat is either unconnected or has no load
WARNING: [Synth 8-7129] Port In81[0] in module xlconcat_v2_1_6_xlconcat is either unconnected or has no load
WARNING: [Synth 8-7129] Port In82[0] in module xlconcat_v2_1_6_xlconcat is either unconnected or has no load
WARNING: [Synth 8-7129] Port In83[0] in module xlconcat_v2_1_6_xlconcat is either unconnected or has no load
WARNING: [Synth 8-7129] Port In84[0] in module xlconcat_v2_1_6_xlconcat is either unconnected or has no load
WARNING: [Synth 8-7129] Port In85[0] in module xlconcat_v2_1_6_xlconcat is either unconnected or has no load
WARNING: [Synth 8-7129] Port In86[0] in module xlconcat_v2_1_6_xlconcat is either unconnected or has no load
WARNING: [Synth 8-7129] Port In87[0] in module xlconcat_v2_1_6_xlconcat is either unconnected or has no load
WARNING: [Synth 8-7129] Port In88[0] in module xlconcat_v2_1_6_xlconcat is either unconnected or has no load
WARNING: [Synth 8-7129] Port In89[0] in module xlconcat_v2_1_6_xlconcat is either unconnected or has no load
WARNING: [Synth 8-7129] Port In90[0] in module xlconcat_v2_1_6_xlconcat is either unconnected or has no load
WARNING: [Synth 8-7129] Port In91[0] in module xlconcat_v2_1_6_xlconcat is either unconnected or has no load
WARNING: [Synth 8-7129] Port In92[0] in module xlconcat_v2_1_6_xlconcat is either unconnected or has no load
WARNING: [Synth 8-7129] Port In93[0] in module xlconcat_v2_1_6_xlconcat is either unconnected or has no load
WARNING: [Synth 8-7129] Port In94[0] in module xlconcat_v2_1_6_xlconcat is either unconnected or has no load
WARNING: [Synth 8-7129] Port In95[0] in module xlconcat_v2_1_6_xlconcat is either unconnected or has no load
WARNING: [Synth 8-7129] Port In96[0] in module xlconcat_v2_1_6_xlconcat is either unconnected or has no load
WARNING: [Synth 8-7129] Port In97[0] in module xlconcat_v2_1_6_xlconcat is either unconnected or has no load
WARNING: [Synth 8-7129] Port In98[0] in module xlconcat_v2_1_6_xlconcat is either unconnected or has no load
WARNING: [Synth 8-7129] Port In99[0] in module xlconcat_v2_1_6_xlconcat is either unconnected or has no load
WARNING: [Synth 8-7129] Port In100[0] in module xlconcat_v2_1_6_xlconcat is either unconnected or has no load
WARNING: [Synth 8-7129] Port In101[0] in module xlconcat_v2_1_6_xlconcat is either unconnected or has no load
WARNING: [Synth 8-7129] Port In102[0] in module xlconcat_v2_1_6_xlconcat is either unconnected or has no load
INFO: [Common 17-14] Message 'Synth 8-7129' appears 100 times and further instances of the messages will be disabled. Use the Tcl command set_msg_config to change the current settings.
---------------------------------------------------------------------------------
Finished RTL Elaboration : Time (s): cpu = 00:00:03 ; elapsed = 00:00:03 . Memory (MB): peak = 1973.047 ; gain = 322.645 ; free physical = 5508 ; free virtual = 40814
---------------------------------------------------------------------------------
---------------------------------------------------------------------------------
Start Handling Custom Attributes
---------------------------------------------------------------------------------
---------------------------------------------------------------------------------
Finished Handling Custom Attributes : Time (s): cpu = 00:00:03 ; elapsed = 00:00:03 . Memory (MB): peak = 1981.953 ; gain = 331.551 ; free physical = 5508 ; free virtual = 40814
---------------------------------------------------------------------------------
---------------------------------------------------------------------------------
Finished RTL Optimization Phase 1 : Time (s): cpu = 00:00:03 ; elapsed = 00:00:03 . Memory (MB): peak = 1981.953 ; gain = 331.551 ; free physical = 5508 ; free virtual = 40814
---------------------------------------------------------------------------------
Netlist sorting complete. Time (s): cpu = 00:00:00.01 ; elapsed = 00:00:00.01 . Memory (MB): peak = 1981.953 ; gain = 0.000 ; free physical = 5508 ; free virtual = 40814
INFO: [Project 1-570] Preparing netlist for logic optimization

Processing XDC Constraints
Initializing timing engine
Parsing XDC File [/home/user14/project_CAN/project_CAN.gen/sources_1/bd/soc_rtos_can/ip/soc_rtos_can_proc_sys_reset_0_0/soc_rtos_can_proc_sys_reset_0_0/soc_rtos_ver1_proc_sys_reset_0_0_in_context.xdc] for cell 'soc_rtos_can_i/proc_sys_reset_0'
Finished Parsing XDC File [/home/user14/project_CAN/project_CAN.gen/sources_1/bd/soc_rtos_can/ip/soc_rtos_can_proc_sys_reset_0_0/soc_rtos_can_proc_sys_reset_0_0/soc_rtos_ver1_proc_sys_reset_0_0_in_context.xdc] for cell 'soc_rtos_can_i/proc_sys_reset_0'
Parsing XDC File [/home/user14/project_CAN/project_CAN.gen/sources_1/bd/soc_rtos_can/ip/soc_rtos_can_clk_wiz_0/soc_rtos_can_clk_wiz_0/soc_rtos_can_clk_wiz_0_in_context.xdc] for cell 'soc_rtos_can_i/clk_wiz'
Finished Parsing XDC File [/home/user14/project_CAN/project_CAN.gen/sources_1/bd/soc_rtos_can/ip/soc_rtos_can_clk_wiz_0/soc_rtos_can_clk_wiz_0/soc_rtos_can_clk_wiz_0_in_context.xdc] for cell 'soc_rtos_can_i/clk_wiz'
Parsing XDC File [/home/user14/project_CAN/project_CAN.gen/sources_1/bd/soc_rtos_can/ip/soc_rtos_can_microblaze_riscv_0_0/soc_rtos_can_microblaze_riscv_0_0/soc_rtos_ver1_microblaze_riscv_0_0_in_context.xdc] for cell 'soc_rtos_can_i/microblaze_riscv_0'
Finished Parsing XDC File [/home/user14/project_CAN/project_CAN.gen/sources_1/bd/soc_rtos_can/ip/soc_rtos_can_microblaze_riscv_0_0/soc_rtos_can_microblaze_riscv_0_0/soc_rtos_ver1_microblaze_riscv_0_0_in_context.xdc] for cell 'soc_rtos_can_i/microblaze_riscv_0'
Parsing XDC File [/home/user14/project_CAN/project_CAN.gen/sources_1/bd/soc_rtos_can/ip/soc_rtos_can_dlmb_v10_0/soc_rtos_can_dlmb_v10_0/soc_rtos_ver1_dlmb_v10_0_in_context.xdc] for cell 'soc_rtos_can_i/microblaze_riscv_0_local_memory/dlmb_v10'
Finished Parsing XDC File [/home/user14/project_CAN/project_CAN.gen/sources_1/bd/soc_rtos_can/ip/soc_rtos_can_dlmb_v10_0/soc_rtos_can_dlmb_v10_0/soc_rtos_ver1_dlmb_v10_0_in_context.xdc] for cell 'soc_rtos_can_i/microblaze_riscv_0_local_memory/dlmb_v10'
Parsing XDC File [/home/user14/project_CAN/project_CAN.gen/sources_1/bd/soc_rtos_can/ip/soc_rtos_can_ilmb_v10_0/soc_rtos_can_ilmb_v10_0/soc_rtos_ver1_dlmb_v10_0_in_context.xdc] for cell 'soc_rtos_can_i/microblaze_riscv_0_local_memory/ilmb_v10'
Finished Parsing XDC File [/home/user14/project_CAN/project_CAN.gen/sources_1/bd/soc_rtos_can/ip/soc_rtos_can_ilmb_v10_0/soc_rtos_can_ilmb_v10_0/soc_rtos_ver1_dlmb_v10_0_in_context.xdc] for cell 'soc_rtos_can_i/microblaze_riscv_0_local_memory/ilmb_v10'
Parsing XDC File [/home/user14/project_CAN/project_CAN.gen/sources_1/bd/soc_rtos_can/ip/soc_rtos_can_dlmb_bram_if_cntlr_0/soc_rtos_can_dlmb_bram_if_cntlr_0/soc_rtos_can_dlmb_bram_if_cntlr_0_in_context.xdc] for cell 'soc_rtos_can_i/microblaze_riscv_0_local_memory/dlmb_bram_if_cntlr'
Finished Parsing XDC File [/home/user14/project_CAN/project_CAN.gen/sources_1/bd/soc_rtos_can/ip/soc_rtos_can_dlmb_bram_if_cntlr_0/soc_rtos_can_dlmb_bram_if_cntlr_0/soc_rtos_can_dlmb_bram_if_cntlr_0_in_context.xdc] for cell 'soc_rtos_can_i/microblaze_riscv_0_local_memory/dlmb_bram_if_cntlr'
Parsing XDC File [/home/user14/project_CAN/project_CAN.gen/sources_1/bd/soc_rtos_can/ip/soc_rtos_can_ilmb_bram_if_cntlr_0/soc_rtos_can_ilmb_bram_if_cntlr_0/soc_rtos_ver1_ilmb_bram_if_cntlr_0_in_context.xdc] for cell 'soc_rtos_can_i/microblaze_riscv_0_local_memory/ilmb_bram_if_cntlr'
Finished Parsing XDC File [/home/user14/project_CAN/project_CAN.gen/sources_1/bd/soc_rtos_can/ip/soc_rtos_can_ilmb_bram_if_cntlr_0/soc_rtos_can_ilmb_bram_if_cntlr_0/soc_rtos_ver1_ilmb_bram_if_cntlr_0_in_context.xdc] for cell 'soc_rtos_can_i/microblaze_riscv_0_local_memory/ilmb_bram_if_cntlr'
Parsing XDC File [/home/user14/project_CAN/project_CAN.gen/sources_1/bd/soc_rtos_can/ip/soc_rtos_can_lmb_bram_0/soc_rtos_can_lmb_bram_0/soc_rtos_can_lmb_bram_0_in_context.xdc] for cell 'soc_rtos_can_i/microblaze_riscv_0_local_memory/lmb_bram'
Finished Parsing XDC File [/home/user14/project_CAN/project_CAN.gen/sources_1/bd/soc_rtos_can/ip/soc_rtos_can_lmb_bram_0/soc_rtos_can_lmb_bram_0/soc_rtos_can_lmb_bram_0_in_context.xdc] for cell 'soc_rtos_can_i/microblaze_riscv_0_local_memory/lmb_bram'
Parsing XDC File [/home/user14/project_CAN/project_CAN.gen/sources_1/bd/soc_rtos_can/ip/soc_rtos_can_microblaze_riscv_0_axi_periph_imp_xbar_0/soc_rtos_can_microblaze_riscv_0_axi_periph_imp_xbar_0/soc_rtos_can_microblaze_riscv_0_axi_periph_imp_xbar_0_in_context.xdc] for cell 'soc_rtos_can_i/microblaze_riscv_0_axi_periph/xbar'
Finished Parsing XDC File [/home/user14/project_CAN/project_CAN.gen/sources_1/bd/soc_rtos_can/ip/soc_rtos_can_microblaze_riscv_0_axi_periph_imp_xbar_0/soc_rtos_can_microblaze_riscv_0_axi_periph_imp_xbar_0/soc_rtos_can_microblaze_riscv_0_axi_periph_imp_xbar_0_in_context.xdc] for cell 'soc_rtos_can_i/microblaze_riscv_0_axi_periph/xbar'
Parsing XDC File [/home/user14/project_CAN/project_CAN.gen/sources_1/bd/soc_rtos_can/ip/soc_rtos_can_microblaze_riscv_0_axi_intc_0/soc_rtos_can_microblaze_riscv_0_axi_intc_0/soc_rtos_can_microblaze_riscv_0_axi_intc_0_in_context.xdc] for cell 'soc_rtos_can_i/microblaze_riscv_0_axi_intc'
Finished Parsing XDC File [/home/user14/project_CAN/project_CAN.gen/sources_1/bd/soc_rtos_can/ip/soc_rtos_can_microblaze_riscv_0_axi_intc_0/soc_rtos_can_microblaze_riscv_0_axi_intc_0/soc_rtos_can_microblaze_riscv_0_axi_intc_0_in_context.xdc] for cell 'soc_rtos_can_i/microblaze_riscv_0_axi_intc'
Parsing XDC File [/home/user14/project_CAN/project_CAN.gen/sources_1/bd/soc_rtos_can/ip/soc_rtos_can_mdm_1_0/soc_rtos_can_mdm_1_0/soc_rtos_ver1_mdm_1_0_in_context.xdc] for cell 'soc_rtos_can_i/mdm_1'
Finished Parsing XDC File [/home/user14/project_CAN/project_CAN.gen/sources_1/bd/soc_rtos_can/ip/soc_rtos_can_mdm_1_0/soc_rtos_can_mdm_1_0/soc_rtos_ver1_mdm_1_0_in_context.xdc] for cell 'soc_rtos_can_i/mdm_1'
Parsing XDC File [/home/user14/project_CAN/project_CAN.gen/sources_1/bd/soc_rtos_can/ip/soc_rtos_can_axi_uartlite_0_0/soc_rtos_can_axi_uartlite_0_0/soc_rtos_ver1_axi_uartlite_0_0_in_context.xdc] for cell 'soc_rtos_can_i/axi_uartlite_0'
Finished Parsing XDC File [/home/user14/project_CAN/project_CAN.gen/sources_1/bd/soc_rtos_can/ip/soc_rtos_can_axi_uartlite_0_0/soc_rtos_can_axi_uartlite_0_0/soc_rtos_ver1_axi_uartlite_0_0_in_context.xdc] for cell 'soc_rtos_can_i/axi_uartlite_0'
Parsing XDC File [/home/user14/project_CAN/project_CAN.gen/sources_1/bd/soc_rtos_can/ip/soc_rtos_can_myip_can_0_0/soc_rtos_can_myip_can_0_0/soc_rtos_can_myip_can_0_0_in_context.xdc] for cell 'soc_rtos_can_i/myip_can_0'
Finished Parsing XDC File [/home/user14/project_CAN/project_CAN.gen/sources_1/bd/soc_rtos_can/ip/soc_rtos_can_myip_can_0_0/soc_rtos_can_myip_can_0_0/soc_rtos_can_myip_can_0_0_in_context.xdc] for cell 'soc_rtos_can_i/myip_can_0'
Parsing XDC File [/home/user14/project_CAN/project_CAN.gen/sources_1/bd/soc_rtos_can/ip/soc_rtos_can_axi_timer_0_1/soc_rtos_can_axi_timer_0_1/soc_rtos_can_axi_timer_0_0_in_context.xdc] for cell 'soc_rtos_can_i/axi_timer_0'
Finished Parsing XDC File [/home/user14/project_CAN/project_CAN.gen/sources_1/bd/soc_rtos_can/ip/soc_rtos_can_axi_timer_0_1/soc_rtos_can_axi_timer_0_1/soc_rtos_can_axi_timer_0_0_in_context.xdc] for cell 'soc_rtos_can_i/axi_timer_0'
Parsing XDC File [/home/user14/project_CAN/project_CAN.gen/sources_1/bd/soc_rtos_can/ip/soc_rtos_can_myip_RTOS_0_1/soc_rtos_can_myip_RTOS_0_1/soc_rtos_can_myip_RTOS_0_1_in_context.xdc] for cell 'soc_rtos_can_i/myip_RTOS_0'
Finished Parsing XDC File [/home/user14/project_CAN/project_CAN.gen/sources_1/bd/soc_rtos_can/ip/soc_rtos_can_myip_RTOS_0_1/soc_rtos_can_myip_RTOS_0_1/soc_rtos_can_myip_RTOS_0_1_in_context.xdc] for cell 'soc_rtos_can_i/myip_RTOS_0'
Parsing XDC File [/home/user14/project_CAN/project_CAN.srcs/constrs_1/imports/Downloads/Basys-3-Master.xdc]
Finished Parsing XDC File [/home/user14/project_CAN/project_CAN.srcs/constrs_1/imports/Downloads/Basys-3-Master.xdc]
INFO: [Project 1-236] Implementation specific constraints were found while reading constraint file [/home/user14/project_CAN/project_CAN.srcs/constrs_1/imports/Downloads/Basys-3-Master.xdc]. These constraints will be ignored for synthesis but will be used in implementation. Impacted constraints are listed in the file [.Xil/soc_rtos_can_wrapper_propImpl.xdc].
Resolution: To avoid this warning, move constraints listed in [.Xil/soc_rtos_can_wrapper_propImpl.xdc] to another XDC file and exclude this new file from synthesis with the used_in_synthesis property (File Properties dialog in GUI) and re-run elaboration/synthesis.
Parsing XDC File [/home/user14/project_CAN/project_CAN.runs/synth_1/dont_touch.xdc]
Finished Parsing XDC File [/home/user14/project_CAN/project_CAN.runs/synth_1/dont_touch.xdc]
Completed Processing XDC Constraints

Netlist sorting complete. Time (s): cpu = 00:00:00 ; elapsed = 00:00:00 . Memory (MB): peak = 2027.910 ; gain = 0.000 ; free physical = 5508 ; free virtual = 40816
INFO: [Project 1-111] Unisim Transformation Summary:
No Unisim elements were transformed.

Constraint Validation Runtime : Time (s): cpu = 00:00:00 ; elapsed = 00:00:00 . Memory (MB): peak = 2027.910 ; gain = 0.000 ; free physical = 5508 ; free virtual = 40816
WARNING: [Timing 38-316] Clock period '20.000' specified during out-of-context synthesis of instance 'soc_rtos_can_i/microblaze_riscv_0_local_memory/lmb_bram' at clock pin 'clka' is different from the actual clock period '10.000', this can lead to different synthesis results.
INFO: [Designutils 20-5440] No compile time benefit to using incremental synthesis; A full resynthesis will be run
INFO: [Designutils 20-4379] Flow is switching to default flow due to incremental criteria not met. If you would like to alter this behaviour and have the flow terminate instead, please set the following parameter config_implementation {autoIncr.Synth.RejectBehavior Terminate}
---------------------------------------------------------------------------------
Finished Constraint Validation : Time (s): cpu = 00:00:07 ; elapsed = 00:00:07 . Memory (MB): peak = 2027.910 ; gain = 377.508 ; free physical = 5531 ; free virtual = 40837
---------------------------------------------------------------------------------
---------------------------------------------------------------------------------
Start Loading Part and Timing Information
---------------------------------------------------------------------------------
Loading part: xc7a35tcpg236-1
---------------------------------------------------------------------------------
Finished Loading Part and Timing Information : Time (s): cpu = 00:00:07 ; elapsed = 00:00:07 . Memory (MB): peak = 2035.914 ; gain = 385.512 ; free physical = 5531 ; free virtual = 40837
---------------------------------------------------------------------------------
---------------------------------------------------------------------------------
Start Applying 'set_property' XDC Constraints
---------------------------------------------------------------------------------
Applied set_property IO_BUFFER_TYPE = NONE for sys_clock. (constraint file  /home/user14/project_CAN/project_CAN.gen/sources_1/bd/soc_rtos_can/ip/soc_rtos_can_clk_wiz_0/soc_rtos_can_clk_wiz_0/soc_rtos_can_clk_wiz_0_in_context.xdc, line 3).
Applied set_property CLOCK_BUFFER_TYPE = NONE for sys_clock. (constraint file  /home/user14/project_CAN/project_CAN.gen/sources_1/bd/soc_rtos_can/ip/soc_rtos_can_clk_wiz_0/soc_rtos_can_clk_wiz_0/soc_rtos_can_clk_wiz_0_in_context.xdc, line 4).
Applied set_property KEEP_HIERARCHY = SOFT for soc_rtos_can_i. (constraint file  auto generated constraint).
Applied set_property KEEP_HIERARCHY = SOFT for soc_rtos_can_i/proc_sys_reset_0. (constraint file  auto generated constraint).
Applied set_property KEEP_HIERARCHY = SOFT for soc_rtos_can_i/clk_wiz. (constraint file  auto generated constraint).
Applied set_property KEEP_HIERARCHY = SOFT for soc_rtos_can_i/microblaze_riscv_0. (constraint file  auto generated constraint).
Applied set_property KEEP_HIERARCHY = SOFT for soc_rtos_can_i/microblaze_riscv_0_local_memory/dlmb_v10. (constraint file  auto generated constraint).
Applied set_property KEEP_HIERARCHY = SOFT for soc_rtos_can_i/microblaze_riscv_0_local_memory/ilmb_v10. (constraint file  auto generated constraint).
Applied set_property KEEP_HIERARCHY = SOFT for soc_rtos_can_i/microblaze_riscv_0_local_memory/dlmb_bram_if_cntlr. (constraint file  auto generated constraint).
Applied set_property KEEP_HIERARCHY = SOFT for soc_rtos_can_i/microblaze_riscv_0_local_memory/ilmb_bram_if_cntlr. (constraint file  auto generated constraint).
Applied set_property KEEP_HIERARCHY = SOFT for soc_rtos_can_i/microblaze_riscv_0_local_memory/lmb_bram. (constraint file  auto generated constraint).
Applied set_property KEEP_HIERARCHY = SOFT for soc_rtos_can_i/microblaze_riscv_0_axi_periph/xbar. (constraint file  auto generated constraint).
Applied set_property KEEP_HIERARCHY = SOFT for soc_rtos_can_i/microblaze_riscv_0_axi_periph. (constraint file  auto generated constraint).
Applied set_property KEEP_HIERARCHY = SOFT for soc_rtos_can_i/microblaze_riscv_0_axi_intc. (constraint file  auto generated constraint).
Applied set_property KEEP_HIERARCHY = SOFT for soc_rtos_can_i/microblaze_riscv_0_xlconcat. (constraint file  auto generated constraint).
Applied set_property KEEP_HIERARCHY = SOFT for soc_rtos_can_i/mdm_1. (constraint file  auto generated constraint).
Applied set_property KEEP_HIERARCHY = SOFT for soc_rtos_can_i/axi_uartlite_0. (constraint file  auto generated constraint).
Applied set_property KEEP_HIERARCHY = SOFT for soc_rtos_can_i/myip_can_0. (constraint file  auto generated constraint).
Applied set_property KEEP_HIERARCHY = SOFT for soc_rtos_can_i/axi_timer_0. (constraint file  auto generated constraint).
Applied set_property KEEP_HIERARCHY = SOFT for soc_rtos_can_i/myip_RTOS_0. (constraint file  auto generated constraint).
---------------------------------------------------------------------------------
Finished applying 'set_property' XDC Constraints : Time (s): cpu = 00:00:07 ; elapsed = 00:00:07 . Memory (MB): peak = 2035.914 ; gain = 385.512 ; free physical = 5531 ; free virtual = 40837
---------------------------------------------------------------------------------
---------------------------------------------------------------------------------
Finished RTL Optimization Phase 2 : Time (s): cpu = 00:00:07 ; elapsed = 00:00:07 . Memory (MB): peak = 2035.914 ; gain = 385.512 ; free physical = 5533 ; free virtual = 40841
---------------------------------------------------------------------------------
---------------------------------------------------------------------------------
Start RTL Component Statistics 
---------------------------------------------------------------------------------
Detailed RTL Component Info : 
---------------------------------------------------------------------------------
Finished RTL Component Statistics 
---------------------------------------------------------------------------------
---------------------------------------------------------------------------------
Start Part Resource Summary
---------------------------------------------------------------------------------
Part Resources:
DSPs: 90 (col length:60)
BRAMs: 100 (col length: RAMB18 60 RAMB36 30)
---------------------------------------------------------------------------------
Finished Part Resource Summary
---------------------------------------------------------------------------------
---------------------------------------------------------------------------------
Start Cross Boundary and Area Optimization
---------------------------------------------------------------------------------
WARNING: [Synth 8-7080] Parallel synthesis criteria is not met
---------------------------------------------------------------------------------
Finished Cross Boundary and Area Optimization : Time (s): cpu = 00:00:07 ; elapsed = 00:00:08 . Memory (MB): peak = 2035.914 ; gain = 385.512 ; free physical = 5537 ; free virtual = 40849
---------------------------------------------------------------------------------
---------------------------------------------------------------------------------
Start Applying XDC Timing Constraints
---------------------------------------------------------------------------------
---------------------------------------------------------------------------------
Finished Applying XDC Timing Constraints : Time (s): cpu = 00:00:10 ; elapsed = 00:00:10 . Memory (MB): peak = 2112.914 ; gain = 462.512 ; free physical = 5470 ; free virtual = 40782
---------------------------------------------------------------------------------
---------------------------------------------------------------------------------
Start Timing Optimization
---------------------------------------------------------------------------------
---------------------------------------------------------------------------------
Finished Timing Optimization : Time (s): cpu = 00:00:10 ; elapsed = 00:00:10 . Memory (MB): peak = 2112.914 ; gain = 462.512 ; free physical = 5470 ; free virtual = 40782
---------------------------------------------------------------------------------
---------------------------------------------------------------------------------
Start Technology Mapping
---------------------------------------------------------------------------------
---------------------------------------------------------------------------------
Finished Technology Mapping : Time (s): cpu = 00:00:10 ; elapsed = 00:00:10 . Memory (MB): peak = 2123.930 ; gain = 473.527 ; free physical = 5454 ; free virtual = 40766
---------------------------------------------------------------------------------
---------------------------------------------------------------------------------
Start IO Insertion
---------------------------------------------------------------------------------
---------------------------------------------------------------------------------
Start Flattening Before IO Insertion
---------------------------------------------------------------------------------
---------------------------------------------------------------------------------
Finished Flattening Before IO Insertion
---------------------------------------------------------------------------------
---------------------------------------------------------------------------------
Start Final Netlist Cleanup
---------------------------------------------------------------------------------
---------------------------------------------------------------------------------
Finished Final Netlist Cleanup
---------------------------------------------------------------------------------
---------------------------------------------------------------------------------
Finished IO Insertion : Time (s): cpu = 00:00:12 ; elapsed = 00:00:12 . Memory (MB): peak = 2284.742 ; gain = 634.340 ; free physical = 5326 ; free virtual = 40638
---------------------------------------------------------------------------------
---------------------------------------------------------------------------------
Start Renaming Generated Instances
---------------------------------------------------------------------------------
---------------------------------------------------------------------------------
Finished Renaming Generated Instances : Time (s): cpu = 00:00:12 ; elapsed = 00:00:12 . Memory (MB): peak = 2284.742 ; gain = 634.340 ; free physical = 5326 ; free virtual = 40638
---------------------------------------------------------------------------------
---------------------------------------------------------------------------------
Start Rebuilding User Hierarchy
---------------------------------------------------------------------------------
---------------------------------------------------------------------------------
Finished Rebuilding User Hierarchy : Time (s): cpu = 00:00:12 ; elapsed = 00:00:12 . Memory (MB): peak = 2284.742 ; gain = 634.340 ; free physical = 5326 ; free virtual = 40638
---------------------------------------------------------------------------------
---------------------------------------------------------------------------------
Start Renaming Generated Ports
---------------------------------------------------------------------------------
---------------------------------------------------------------------------------
Finished Renaming Generated Ports : Time (s): cpu = 00:00:12 ; elapsed = 00:00:12 . Memory (MB): peak = 2284.742 ; gain = 634.340 ; free physical = 5326 ; free virtual = 40638
---------------------------------------------------------------------------------
---------------------------------------------------------------------------------
Start Handling Custom Attributes
---------------------------------------------------------------------------------
---------------------------------------------------------------------------------
Finished Handling Custom Attributes : Time (s): cpu = 00:00:12 ; elapsed = 00:00:12 . Memory (MB): peak = 2284.742 ; gain = 634.340 ; free physical = 5326 ; free virtual = 40638
---------------------------------------------------------------------------------
---------------------------------------------------------------------------------
Start Renaming Generated Nets
---------------------------------------------------------------------------------
---------------------------------------------------------------------------------
Finished Renaming Generated Nets : Time (s): cpu = 00:00:12 ; elapsed = 00:00:12 . Memory (MB): peak = 2284.742 ; gain = 634.340 ; free physical = 5326 ; free virtual = 40638
---------------------------------------------------------------------------------
---------------------------------------------------------------------------------
Start Writing Synthesis Report
---------------------------------------------------------------------------------

Report BlackBoxes: 
+------+------------------------------------------------------+----------+
|      |BlackBox name                                         |Instances |
+------+------------------------------------------------------+----------+
|1     |soc_rtos_can_axi_timer_0_1                            |         1|
|2     |soc_rtos_can_axi_uartlite_0_0                         |         1|
|3     |soc_rtos_can_clk_wiz_0                                |         1|
|4     |soc_rtos_can_mdm_1_0                                  |         1|
|5     |soc_rtos_can_microblaze_riscv_0_0                     |         1|
|6     |soc_rtos_can_microblaze_riscv_0_axi_intc_0            |         1|
|7     |soc_rtos_can_microblaze_riscv_0_axi_periph_imp_xbar_0 |         1|
|8     |soc_rtos_can_myip_RTOS_0_1                            |         1|
|9     |soc_rtos_can_myip_can_0_0                             |         1|
|10    |soc_rtos_can_proc_sys_reset_0_0                       |         1|
|11    |soc_rtos_can_dlmb_bram_if_cntlr_0                     |         1|
|12    |soc_rtos_can_dlmb_v10_0                               |         1|
|13    |soc_rtos_can_ilmb_bram_if_cntlr_0                     |         1|
|14    |soc_rtos_can_ilmb_v10_0                               |         1|
|15    |soc_rtos_can_lmb_bram_0                               |         1|
+------+------------------------------------------------------+----------+

Report Cell Usage: 
+------+----------------------------------------------------+------+
|      |Cell                                                |Count |
+------+----------------------------------------------------+------+
|1     |soc_rtos_can_axi_timer_0                            |     1|
|2     |soc_rtos_can_axi_uartlite_0                         |     1|
|3     |soc_rtos_can_clk_wiz                                |     1|
|4     |soc_rtos_can_dlmb_bram_if_cntlr                     |     1|
|5     |soc_rtos_can_dlmb_v10                               |     1|
|6     |soc_rtos_can_ilmb_bram_if_cntlr                     |     1|
|7     |soc_rtos_can_ilmb_v10                               |     1|
|8     |soc_rtos_can_lmb_bram                               |     1|
|9     |soc_rtos_can_mdm_1                                  |     1|
|10    |soc_rtos_can_microblaze_riscv_0                     |     1|
|11    |soc_rtos_can_microblaze_riscv_0_axi_intc            |     1|
|12    |soc_rtos_can_microblaze_riscv_0_axi_periph_imp_xbar |     1|
|13    |soc_rtos_can_myip_RTOS_0                            |     1|
|14    |soc_rtos_can_myip_can_0                             |     1|
|15    |soc_rtos_can_proc_sys_reset_0                       |     1|
|16    |IBUF                                                |     3|
|17    |OBUF                                                |     2|
+------+----------------------------------------------------+------+
---------------------------------------------------------------------------------
Finished Writing Synthesis Report : Time (s): cpu = 00:00:12 ; elapsed = 00:00:12 . Memory (MB): peak = 2284.742 ; gain = 634.340 ; free physical = 5318 ; free virtual = 40630
---------------------------------------------------------------------------------
Synthesis finished with 0 errors, 0 critical warnings and 15 warnings.
Synthesis Optimization Runtime : Time (s): cpu = 00:00:11 ; elapsed = 00:00:11 . Memory (MB): peak = 2284.742 ; gain = 588.383 ; free physical = 5318 ; free virtual = 40630
Synthesis Optimization Complete : Time (s): cpu = 00:00:12 ; elapsed = 00:00:12 . Memory (MB): peak = 2284.750 ; gain = 634.340 ; free physical = 5318 ; free virtual = 40630
INFO: [Project 1-571] Translating synthesized netlist
Netlist sorting complete. Time (s): cpu = 00:00:00 ; elapsed = 00:00:00.01 . Memory (MB): peak = 2284.750 ; gain = 0.000 ; free physical = 5480 ; free virtual = 40792
INFO: [Project 1-570] Preparing netlist for logic optimization
INFO: [Opt 31-138] Pushed 0 inverter(s) to 0 load pin(s).
Netlist sorting complete. Time (s): cpu = 00:00:00 ; elapsed = 00:00:00 . Memory (MB): peak = 2284.750 ; gain = 0.000 ; free physical = 5487 ; free virtual = 40799
INFO: [Project 1-111] Unisim Transformation Summary:
No Unisim elements were transformed.

Synth Design complete | Checksum: f319454f
INFO: [Common 17-83] Releasing license: Synthesis
86 Infos, 133 Warnings, 0 Critical Warnings and 0 Errors encountered.
synth_design completed successfully
synth_design: Time (s): cpu = 00:00:17 ; elapsed = 00:00:16 . Memory (MB): peak = 2284.750 ; gain = 850.453 ; free physical = 5487 ; free virtual = 40799
INFO: [Common 17-2834] synth_design peak Physical Memory [PSS] (MB): overall = 1504.763; main = 1498.388; forked = 269.299
INFO: [Common 17-2834] synth_design peak Virtual Memory [VSS] (MB): overall = 2975.801; main = 2284.746; forked = 920.883
Write ShapeDB Complete: Time (s): cpu = 00:00:00 ; elapsed = 00:00:00.01 . Memory (MB): peak = 2308.754 ; gain = 0.000 ; free physical = 5487 ; free virtual = 40799
INFO: [Common 17-1381] The checkpoint '/home/user14/project_CAN/project_CAN.runs/synth_1/soc_rtos_can_wrapper.dcp' has been generated.
INFO: [Vivado 12-24828] Executing command : report_utilization -file soc_rtos_can_wrapper_utilization_synth.rpt -pb soc_rtos_can_wrapper_utilization_synth.pb
INFO: [Common 17-206] Exiting Vivado at Fri Mar  6 12:26:45 2026...
