#-----------------------------------------------------------
# Vivado v2024.2 (64-bit)
# SW Build 5239630 on Fri Nov 08 22:34:34 MST 2024
# IP Build 5239520 on Sun Nov 10 16:12:51 MST 2024
# SharedData Build 5239561 on Fri Nov 08 14:39:27 MST 2024
# Start of session at: Fri Jan 30 16:59:32 2026
# Process ID         : 711464
# Current directory  : /media/user14/data/work/SOC_exam_2026/SOC_exam_2026.runs/soc_watchRev2_microblaze_riscv_0_axi_periph_imp_xbar_0_synth_1
# Command line       : vivado -log soc_watchRev2_microblaze_riscv_0_axi_periph_imp_xbar_0.vds -product Vivado -mode batch -messageDb vivado.pb -notrace -source soc_watchRev2_microblaze_riscv_0_axi_periph_imp_xbar_0.tcl
# Log file           : /media/user14/data/work/SOC_exam_2026/SOC_exam_2026.runs/soc_watchRev2_microblaze_riscv_0_axi_periph_imp_xbar_0_synth_1/soc_watchRev2_microblaze_riscv_0_axi_periph_imp_xbar_0.vds
# Journal file       : /media/user14/data/work/SOC_exam_2026/SOC_exam_2026.runs/soc_watchRev2_microblaze_riscv_0_axi_periph_imp_xbar_0_synth_1/vivado.jou
# Running On         : user14-B80KV-AP35BKE
# Platform           : Ubuntu
# Operating System   : Ubuntu 24.04.3 LTS
# Processor Detail   : 13th Gen Intel(R) Core(TM) i5-13400
# CPU Frequency      : 1958.705 MHz
# CPU Physical cores : 10
# CPU Logical cores  : 16
# Host memory        : 16497 MB
# Swap memory        : 32000 MB
# Total Virtual      : 48498 MB
# Available Virtual  : 38807 MB
#-----------------------------------------------------------
source soc_watchRev2_microblaze_riscv_0_axi_periph_imp_xbar_0.tcl -notrace
